#64 /home/runner/work/unifco_platform/unifco_platform/vendor/laravel/framework/src/Illuminate/Pipeline/Pipeline.php(219): App\Http\Middleware\BrandingPresentation->handle()
#65 /home/runner/work/unifco_platform/unifco_platform/app/Http/Middleware/PublicHomeOperationsTogglePresentation.php(14): Illuminate\Pipeline\Pipeline->{closure:{closure:Illuminate\Pipeline\Pipeline::carry():194}:195}()
#66 /home/runner/work/unifco_platform/unifco_platform/vendor/laravel/framework/src/Illuminate/Pipeline/Pipeline.php(219): App\Http\Middleware\PublicHomeOperationsTogglePresentation->handle()
#67 /home/runner/work/unifco_platform/unifco_platform/app/Http/Middleware/PublicHomeSectionDisplayPresentation.php(14): Illuminate\Pipeline\Pipeline->{closure:{closure:Illuminate\Pipeline\Pipeline::carry():194}:195}()
#68 /home/runner/work/unifco_platform/unifco_platform/vendor/laravel/framework/src/Illuminate/Pipeline/Pipeline.php(219): App\Http\Middleware\PublicHomeSectionDisplayPresentation->handle()
#69 /home/runner/work/unifco_platform/unifco_platform/app/Http/Middleware/PublicHomeOperationsCmsMedia.php(14): Illuminate\Pipeline\Pipeline->{closure:{closure:Illuminate\Pipeline\Pipeline::carry():194}:195}()
#70 /home/runner/work/unifco_platform/unifco_platform/vendor/laravel/framework/src/Illuminate/Pipeline/Pipeline.php(219): App\Http\Middleware\PublicHomeOperationsCmsMedia->handle()
#71 /home/runner/work/unifco_platform/unifco_platform/app/Http/Middleware/PublicHomeCmsMediaPresentation.php(14): Illuminate\Pipeline\Pipeline->{closure:{closure:Illuminate\Pipeline\Pipeline::carry():194}:195}()
#72 /home/runner/work/unifco_platform/unifco_platform/vendor/laravel/framework/src/Illuminate/Pipeline/Pipeline.php(219): App\Http\Middleware\PublicHomeCmsMediaPresentation->handle()
#73 /home/runner/work/unifco_platform/unifco_platform/app/Http/Middleware/PublicHomeNavPresentation.php(13): Illuminate\Pipeline\Pipeline->{closure:{closure:Illuminate\Pipeline\Pipeline::carry():194}:195}()
#74 /home/runner/work/unifco_platform/unifco_platform/vendor/laravel/framework/src/Illuminate/Pipeline/Pipeline.php(219): App\Http\Middleware\PublicHomeNavPresentation->handle()
#75 /home/runner/work/unifco_platform/unifco_platform/app/Http/Middleware/PublicHomeOperationsPresentation.php(13): Illuminate\Pipeline\Pipeline->{closure:{closure:Illuminate\Pipeline\Pipeline::carry():194}:195}()
#76 /home/runner/work/unifco_platform/unifco_platform/vendor/laravel/framework/src/Illuminate/Pipeline/Pipeline.php(219): App\Http\Middleware\PublicHomeOperationsPresentation->handle()
#77 /home/runner/work/unifco_platform/unifco_platform/app/Http/Middleware/PublicHomeFooterPresentation.php(13): Illuminate\Pipeline\Pipeline->{closure:{closure:Illuminate\Pipeline\Pipeline::carry():194}:195}()
#78 /home/runner/work/unifco_platform/unifco_platform/vendor/laravel/framework/src/Illuminate/Pipeline/Pipeline.php(219): App\Http\Middleware\PublicHomeFooterPresentation->handle()
#79 /home/runner/work/unifco_platform/unifco_platform/app/Http/Middleware/PublicHomeLocationPresentation.php(13): Illuminate\Pipeline\Pipeline->{closure:{closure:Illuminate\Pipeline\Pipeline::carry():194}:195}()
#80 /home/runner/work/unifco_platform/unifco_platform/vendor/laravel/framework/src/Illuminate/Pipeline/Pipeline.php(219): App\Http\Middleware\PublicHomeLocationPresentation->handle()
#81 /home/runner/work/unifco_platform/unifco_platform/app/Http/Middleware/PublicHomeSpacingPresentation.php(13): Illuminate\Pipeline\Pipeline->{closure:{closure:Illuminate\Pipeline\Pipeline::carry():194}:195}()
#82 /home/runner/work/unifco_platform/unifco_platform/vendor/laravel/framework/src/Illuminate/Pipeline/Pipeline.php(219): App\Http\Middleware\PublicHomeSpacingPresentation->handle()
#83 /home/runner/work/unifco_platform/unifco_platform/app/Http/Middleware/PublicHomeSocialLinksPresentation.php(13): Illuminate\Pipeline\Pipeline->{closure:{closure:Illuminate\Pipeline\Pipeline::carry():194}:195}()
#84 /home/runner/work/unifco_platform/unifco_platform/vendor/laravel/framework/src/Illuminate/Pipeline/Pipeline.php(219): App\Http\Middleware\PublicHomeSocialLinksPresentation->handle()
#85 /home/runner/work/unifco_platform/unifco_platform/app/Http/Middleware/PublicHomeProcessTitlePresentation.php(13): Illuminate\Pipeline\Pipeline->{closure:{closure:Illuminate\Pipeline\Pipeline::carry():194}:195}()
#86 /home/runner/work/unifco_platform/unifco_platform/vendor/laravel/framework/src/Illuminate/Pipeline/Pipeline.php(219): App\Http\Middleware\PublicHomeProcessTitlePresentation->handle()
#87 /home/runner/work/unifco_platform/unifco_platform/app/Http/Middleware/PublicHomeHeroServiceLinkPresentation.php(13): Illuminate\Pipeline\Pipeline->{closure:{closure:Illuminate\Pipeline\Pipeline::carry():194}:195}()
#88 /home/runner/work/unifco_platform/unifco_platform/vendor/laravel/framework/src/Illuminate/Pipeline/Pipeline.php(219): App\Http\Middleware\PublicHomeHeroServiceLinkPresentation->handle()
#89 /home/runner/work/unifco_platform/unifco_platform/app/Http/Middleware/PublicHomeHeroPresentation.php(15): Illuminate\Pipeline\Pipeline->{closure:{closure:Illuminate\Pipeline\Pipeline::carry():194}:195}()
#90 /home/runner/work/unifco_platform/unifco_platform/vendor/laravel/framework/src/Illuminate/Pipeline/Pipeline.php(219): App\Http\Middleware\PublicHomeHeroPresentation->handle()
#91 /home/runner/work/unifco_platform/unifco_platform/app/Http/Middleware/PublicHomeAssetStatsPresentation.php(16): Illuminate\Pipeline\Pipeline->{closure:{closure:Illuminate\Pipeline\Pipeline::carry():194}:195}()
#92 /home/runner/work/unifco_platform/unifco_platform/vendor/laravel/framework/src/Illuminate/Pipeline/Pipeline.php(219): App\Http\Middleware\PublicHomeAssetStatsPresentation->handle()
#93 /home/runner/work/unifco_platform/unifco_platform/app/Http/Middleware/PublicHomeFinalCopyPresentation.php(13): Illuminate\Pipeline\Pipeline->{closure:{closure:Illuminate\Pipeline\Pipeline::carry():194}:195}()
#94 /home/runner/work/unifco_platform/unifco_platform/vendor/laravel/framework/src/Illuminate/Pipeline/Pipeline.php(219): App\Http\Middleware\PublicHomeFinalCopyPresentation->handle()
#95 /home/runner/work/unifco_platform/unifco_platform/app/Http/Middleware/PublicHomeFinalCompactPresentation.php(13): Illuminate\Pipeline\Pipeline->{closure:{closure:Illuminate\Pipeline\Pipeline::carry():194}:195}()
#96 /home/runner/work/unifco_platform/unifco_platform/vendor/laravel/framework/src/Illuminate/Pipeline/Pipeline.php(219): App\Http\Middleware\PublicHomeFinalCompactPresentation->handle()
#97 /home/runner/work/unifco_platform/unifco_platform/app/Http/Middleware/PublicHomeRenderCompatibility.php(66): Illuminate\Pipeline\Pipeline->{closure:{closure:Illuminate\Pipeline\Pipeline::carry():194}:195}()
#98 /home/runner/work/unifco_platform/unifco_platform/vendor/laravel/framework/src/Illuminate/Pipeline/Pipeline.php(219): App\Http\Middleware\PublicHomeRenderCompatibility->handle()
#99 /home/runner/work/unifco_platform/unifco_platform/app/Http/Middleware/CustomerPortalMobileLogoutPresentation.php(13): Illuminate\Pipeline\Pipeline->{closure:{closure:Illuminate\Pipeline\Pipeline::carry():194}:195}()
#100 /home/runner/work/unifco_platform/unifco_platform/vendor/laravel/framework/src/Illuminate/Pipeline/Pipeline.php(219): App\Http\Middleware\CustomerPortalMobileLogoutPresentation->handle()
#101 /home/runner/work/unifco_platform/unifco_platform/app/Http/Middleware/CustomerPortalDashboardPresentation.php(16): Illuminate\Pipeline\Pipeline->{closure:{closure:Illuminate\Pipeline\Pipeline::carry():194}:195}()
#102 /home/runner/work/unifco_platform/unifco_platform/vendor/laravel/framework/src/Illuminate/Pipeline/Pipeline.php(219): App\Http\Middleware\CustomerPortalDashboardPresentation->handle()
#103 /home/runner/work/unifco_platform/unifco_platform/app/Http/Middleware/LegacyFormCompatibility.php(21): Illuminate\Pipeline\Pipeline->{closure:{closure:Illuminate\Pipeline\Pipeline::carry():194}:195}()
#104 /home/runner/work/unifco_platform/unifco_platform/vendor/laravel/framework/src/Illuminate/Pipeline/Pipeline.php(219): App\Http\Middleware\LegacyFormCompatibility->handle()
#105 /home/runner/work/unifco_platform/unifco_platform/app/Http/Middleware/WorkflowRoleNavigationPresentation.php(17): Illuminate\Pipeline\Pipeline->{closure:{closure:Illuminate\Pipeline\Pipeline::carry():194}:195}()
#106 /home/runner/work/unifco_platform/unifco_platform/vendor/laravel/framework/src/Illuminate/Pipeline/Pipeline.php(219): App\Http\Middleware\WorkflowRoleNavigationPresentation->handle()
#107 /home/runner/work/unifco_platform/unifco_platform/app/Http/Middleware/WorkflowRoleHomeRedirect.php(21): Illuminate\Pipeline\Pipeline->{closure:{closure:Illuminate\Pipeline\Pipeline::carry():194}:195}()
#108 /home/runner/work/unifco_platform/unifco_platform/vendor/laravel/framework/src/Illuminate/Pipeline/Pipeline.php(219): App\Http\Middleware\WorkflowRoleHomeRedirect->handle()
#109 /home/runner/work/unifco_platform/unifco_platform/app/Http/Middleware/PublicEmergencyBannerCompactPresentation.php(13): Illuminate\Pipeline\Pipeline->{closure:{closure:Illuminate\Pipeline\Pipeline::carry():194}:195}()
#110 /home/runner/work/unifco_platform/unifco_platform/vendor/laravel/framework/src/Illuminate/Pipeline/Pipeline.php(219): App\Http\Middleware\PublicEmergencyBannerCompactPresentation->handle()
#111 /home/runner/work/unifco_platform/unifco_platform/app/Http/Middleware/PublicRequestBottomTicketPresentation.php(13): Illuminate\Pipeline\Pipeline->{closure:{closure:Illuminate\Pipeline\Pipeline::carry():194}:195}()
#112 /home/runner/work/unifco_platform/unifco_platform/vendor/laravel/framework/src/Illuminate/Pipeline/Pipeline.php(219): App\Http\Middleware\PublicRequestBottomTicketPresentation->handle()
#113 /home/runner/work/unifco_platform/unifco_platform/app/Http/Middleware/PublicHomeServicesKickerPresentation.php(13): Illuminate\Pipeline\Pipeline->{closure:{closure:Illuminate\Pipeline\Pipeline::carry():194}:195}()
#114 /home/runner/work/unifco_platform/unifco_platform/vendor/laravel/framework/src/Illuminate/Pipeline/Pipeline.php(219): App\Http\Middleware\PublicHomeServicesKickerPresentation->handle()
#115 /home/runner/work/unifco_platform/unifco_platform/app/Http/Middleware/PublicHomeContactDetailsPresentation.php(13): Illuminate\Pipeline\Pipeline->{closure:{closure:Illuminate\Pipeline\Pipeline::carry():194}:195}()
#116 /home/runner/work/unifco_platform/unifco_platform/vendor/laravel/framework/src/Illuminate/Pipeline/Pipeline.php(219): App\Http\Middleware\PublicHomeContactDetailsPresentation->handle()
#117 /home/runner/work/unifco_platform/unifco_platform/app/Http/Middleware/CmsArabicSourcePresentationV2.php(13): Illuminate\Pipeline\Pipeline->{closure:{closure:Illuminate\Pipeline\Pipeline::carry():194}:195}()
#118 /home/runner/work/unifco_platform/unifco_platform/vendor/laravel/framework/src/Illuminate/Pipeline/Pipeline.php(219): App\Http\Middleware\CmsArabicSourcePresentationV2->handle()
#119 /home/runner/work/unifco_platform/unifco_platform/app/Http/Middleware/CmsDisplayModePresentation.php(14): Illuminate\Pipeline\Pipeline->{closure:{closure:Illuminate\Pipeline\Pipeline::carry():194}:195}()
#120 /home/runner/work/unifco_platform/unifco_platform/vendor/laravel/framework/src/Illuminate/Pipeline/Pipeline.php(219): App\Http\Middleware\CmsDisplayModePresentation->handle()
#121 /home/runner/work/unifco_platform/unifco_platform/app/Http/Middleware/AdminHomepageCmsPresentation.php(13): Illuminate\Pipeline\Pipeline->{closure:{closure:Illuminate\Pipeline\Pipeline::carry():194}:195}()
#122 /home/runner/work/unifco_platform/unifco_platform/vendor/laravel/framework/src/Illuminate/Pipeline/Pipeline.php(219): App\Http\Middleware\AdminHomepageCmsPresentation->handle()
#123 /home/runner/work/unifco_platform/unifco_platform/app/Http/Middleware/AdminHomepageCmsIsolationPresentation.php(14): Illuminate\Pipeline\Pipeline->{closure:{closure:Illuminate\Pipeline\Pipeline::carry():194}:195}()
#124 /home/runner/work/unifco_platform/unifco_platform/vendor/laravel/framework/src/Illuminate/Pipeline/Pipeline.php(219): App\Http\Middleware\AdminHomepageCmsIsolationPresentation->handle()
#125 /home/runner/work/unifco_platform/unifco_platform/app/Http/Middleware/AdminAboutCmsWorkspacePresentation.php(13): Illuminate\Pipeline\Pipeline->{closure:{closure:Illuminate\Pipeline\Pipeline::carry():194}:195}()
#126 /home/runner/work/unifco_platform/unifco_platform/vendor/laravel/framework/src/Illuminate/Pipeline/Pipeline.php(219): App\Http\Middleware\AdminAboutCmsWorkspacePresentation->handle()
#127 /home/runner/work/unifco_platform/unifco_platform/app/Http/Middleware/PublicHomeAboutLinkPresentation.php(13): Illuminate\Pipeline\Pipeline->{closure:{closure:Illuminate\Pipeline\Pipeline::carry():194}:195}()
#128 /home/runner/work/unifco_platform/unifco_platform/vendor/laravel/framework/src/Illuminate/Pipeline/Pipeline.php(219): App\Http\Middleware\PublicHomeAboutLinkPresentation->handle()
#129 /home/runner/work/unifco_platform/unifco_platform/app/Http/Middleware/EnsureUserSessionValid.php(29): Illuminate\Pipeline\Pipeline->{closure:{closure:Illuminate\Pipeline\Pipeline::carry():194}:195}()
#130 /home/runner/work/unifco_platform/unifco_platform/vendor/laravel/framework/src/Illuminate/Pipeline/Pipeline.php(219): App\Http\Middleware\EnsureUserSessionValid->handle()
#131 /home/runner/work/unifco_platform/unifco_platform/app/Http/Middleware/PublicRequestLegacyChromeCleanup.php(14): Illuminate\Pipeline\Pipeline->{closure:{closure:Illuminate\Pipeline\Pipeline::carry():194}:195}()
#132 /home/runner/work/unifco_platform/unifco_platform/vendor/laravel/framework/src/Illuminate/Pipeline/Pipeline.php(219): App\Http\Middleware\PublicRequestLegacyChromeCleanup->handle()
#133 /home/runner/work/unifco_platform/unifco_platform/app/Http/Middleware/PublicFinalUnifiedAttachmentsPresentation.php(54): Illuminate\Pipeline\Pipeline->{closure:{closure:Illuminate\Pipeline\Pipeline::carry():194}:195}()
#134 /home/runner/work/unifco_platform/unifco_platform/vendor/laravel/framework/src/Illuminate/Pipeline/Pipeline.php(219): App\Http\Middleware\PublicFinalUnifiedAttachmentsPresentation->handle()
#135 /home/runner/work/unifco_platform/unifco_platform/app/Http/Middleware/PublicUnifiedTicketSubmissionPresentation.php(13): Illuminate\Pipeline\Pipeline->{closure:{closure:Illuminate\Pipeline\Pipeline::carry():194}:195}()
#136 /home/runner/work/unifco_platform/unifco_platform/vendor/laravel/framework/src/Illuminate/Pipeline/Pipeline.php(219): App\Http\Middleware\PublicUnifiedTicketSubmissionPresentation->handle()
#137 /home/runner/work/unifco_platform/unifco_platform/app/Http/Middleware/PublicRequestTicketSystemCompatibility.php(75): Illuminate\Pipeline\Pipeline->{closure:{closure:Illuminate\Pipeline\Pipeline::carry():194}:195}()
#138 /home/runner/work/unifco_platform/unifco_platform/vendor/laravel/framework/src/Illuminate/Pipeline/Pipeline.php(219): App\Http\Middleware\PublicRequestTicketSystemCompatibility->handle()
#139 /home/runner/work/unifco_platform/unifco_platform/app/Http/Middleware/PublicHomeEmergencyShortcutPresentation.php(13): Illuminate\Pipeline\Pipeline->{closure:{closure:Illuminate\Pipeline\Pipeline::carry():194}:195}()
#140 /home/runner/work/unifco_platform/unifco_platform/vendor/laravel/framework/src/Illuminate/Pipeline/Pipeline.php(219): App\Http\Middleware\PublicHomeEmergencyShortcutPresentation->handle()
#141 /home/runner/work/unifco_platform/unifco_platform/app/Http/Middleware/PublicCurrentSparePartsAssetPresentation.php(13): Illuminate\Pipeline\Pipeline->{closure:{closure:Illuminate\Pipeline\Pipeline::carry():194}:195}()
#142 /home/runner/work/unifco_platform/unifco_platform/vendor/laravel/framework/src/Illuminate/Pipeline/Pipeline.php(219): App\Http\Middleware\PublicCurrentSparePartsAssetPresentation->handle()
#143 /home/runner/work/unifco_platform/unifco_platform/app/Http/Middleware/PublicCurrentSparePartsQuoteFinalPresentation.php(13): Illuminate\Pipeline\Pipeline->{closure:{closure:Illuminate\Pipeline\Pipeline::carry():194}:195}()
#144 /home/runner/work/unifco_platform/unifco_platform/vendor/laravel/framework/src/Illuminate/Pipeline/Pipeline.php(219): App\Http\Middleware\PublicCurrentSparePartsQuoteFinalPresentation->handle()
#145 /home/runner/work/unifco_platform/unifco_platform/app/Http/Middleware/PublicHtmlResponseContentTypeGuard.php(13): Illuminate\Pipeline\Pipeline->{closure:{closure:Illuminate\Pipeline\Pipeline::carry():194}:195}()
#146 /home/runner/work/unifco_platform/unifco_platform/vendor/laravel/framework/src/Illuminate/Pipeline/Pipeline.php(219): App\Http\Middleware\PublicHtmlResponseContentTypeGuard->handle()
#147 /home/runner/work/unifco_platform/unifco_platform/vendor/laravel/framework/src/Illuminate/Routing/Middleware/SubstituteBindings.php(52): Illuminate\Pipeline\Pipeline->{closure:{closure:Illuminate\Pipeline\Pipeline::carry():194}:195}()
#148 /home/runner/work/unifco_platform/unifco_platform/vendor/laravel/framework/src/Illuminate/Pipeline/Pipeline.php(219): Illuminate\Routing\Middleware\SubstituteBindings->handle()
#149 /home/runner/work/unifco_platform/unifco_platform/vendor/laravel/framework/src/Illuminate/Foundation/Http/Middleware/PreventRequestForgery.php(104): Illuminate\Pipeline\Pipeline->{closure:{closure:Illuminate\Pipeline\Pipeline::carry():194}:195}()
#150 /home/runner/work/unifco_platform/unifco_platform/vendor/laravel/framework/src/Illuminate/Pipeline/Pipeline.php(219): Illuminate\Foundation\Http\Middleware\PreventRequestForgery->handle()
#151 /home/runner/work/unifco_platform/unifco_platform/vendor/laravel/framework/src/Illuminate/View/Middleware/ShareErrorsFromSession.php(48): Illuminate\Pipeline\Pipeline->{closure:{closure:Illuminate\Pipeline\Pipeline::carry():194}:195}()
#152 /home/runner/work/unifco_platform/unifco_platform/vendor/laravel/framework/src/Illuminate/Pipeline/Pipeline.php(219): Illuminate\View\Middleware\ShareErrorsFromSession->handle()
#153 /home/runner/work/unifco_platform/unifco_platform/vendor/laravel/framework/src/Illuminate/Session/Middleware/StartSession.php(120): Illuminate\Pipeline\Pipeline->{closure:{closure:Illuminate\Pipeline\Pipeline::carry():194}:195}()
#154 /home/runner/work/unifco_platform/unifco_platform/vendor/laravel/framework/src/Illuminate/Session/Middleware/StartSession.php(63): Illuminate\Session\Middleware\StartSession->handleStatefulRequest()
#155 /home/runner/work/unifco_platform/unifco_platform/vendor/laravel/framework/src/Illuminate/Pipeline/Pipeline.php(219): Illuminate\Session\Middleware\StartSession->handle()
#156 /home/runner/work/unifco_platform/unifco_platform/vendor/laravel/framework/src/Illuminate/Cookie/Middleware/AddQueuedCookiesToResponse.php(36): Illuminate\Pipeline\Pipeline->{closure:{closure:Illuminate\Pipeline\Pipeline::carry():194}:195}()
#157 /home/runner/work/unifco_platform/unifco_platform/vendor/laravel/framework/src/Illuminate/Pipeline/Pipeline.php(219): Illuminate\Cookie\Middleware\AddQueuedCookiesToResponse->handle()
#158 /home/runner/work/unifco_platform/unifco_platform/vendor/laravel/framework/src/Illuminate/Cookie/Middleware/EncryptCookies.php(74): Illuminate\Pipeline\Pipeline->{closure:{closure:Illuminate\Pipeline\Pipeline::carry():194}:195}()
#159 /home/runner/work/unifco_platform/unifco_platform/vendor/laravel/framework/src/Illuminate/Pipeline/Pipeline.php(219): Illuminate\Cookie\Middleware\EncryptCookies->handle()
#160 /home/runner/work/unifco_platform/unifco_platform/vendor/laravel/framework/src/Illuminate/Pipeline/Pipeline.php(137): Illuminate\Pipeline\Pipeline->{closure:{closure:Illuminate\Pipeline\Pipeline::carry():194}:195}()
#161 /home/runner/work/unifco_platform/unifco_platform/vendor/laravel/framework/src/Illuminate/Routing/Router.php(821): Illuminate\Pipeline\Pipeline->then()
#162 /home/runner/work/unifco_platform/unifco_platform/vendor/laravel/framework/src/Illuminate/Routing/Router.php(800): Illuminate\Routing\Router->runRouteWithinStack()
#163 /home/runner/work/unifco_platform/unifco_platform/vendor/laravel/framework/src/Illuminate/Routing/Router.php(764): Illuminate\Routing\Router->runRoute()
#164 /home/runner/work/unifco_platform/unifco_platform/vendor/laravel/framework/src/Illuminate/Routing/Router.php(753): Illuminate\Routing\Router->dispatchToRoute()
#165 /home/runner/work/unifco_platform/unifco_platform/vendor/laravel/framework/src/Illuminate/Foundation/Http/Kernel.php(200): Illuminate\Routing\Router->dispatch()
#166 /home/runner/work/unifco_platform/unifco_platform/vendor/laravel/framework/src/Illuminate/Pipeline/Pipeline.php(180): Illuminate\Foundation\Http\Kernel->{closure:Illuminate\Foundation\Http\Kernel::dispatchToRouter():197}()
#167 /home/runner/work/unifco_platform/unifco_platform/vendor/laravel/framework/src/Illuminate/Foundation/Http/Middleware/TransformsRequest.php(21): Illuminate\Pipeline\Pipeline->{closure:Illuminate\Pipeline\Pipeline::prepareDestination():178}()
#168 /home/runner/work/unifco_platform/unifco_platform/vendor/laravel/framework/src/Illuminate/Foundation/Http/Middleware/ConvertEmptyStringsToNull.php(31): Illuminate\Foundation\Http\Middleware\TransformsRequest->handle()
#169 /home/runner/work/unifco_platform/unifco_platform/vendor/laravel/framework/src/Illuminate/Pipeline/Pipeline.php(219): Illuminate\Foundation\Http\Middleware\ConvertEmptyStringsToNull->handle()
#170 /home/runner/work/unifco_platform/unifco_platform/vendor/laravel/framework/src/Illuminate/Foundation/Http/Middleware/TransformsRequest.php(21): Illuminate\Pipeline\Pipeline->{closure:{closure:Illuminate\Pipeline\Pipeline::carry():194}:195}()
#171 /home/runner/work/unifco_platform/unifco_platform/vendor/laravel/framework/src/Illuminate/Foundation/Http/Middleware/TrimStrings.php(51): Illuminate\Foundation\Http\Middleware\TransformsRequest->handle()
#172 /home/runner/work/unifco_platform/unifco_platform/vendor/laravel/framework/src/Illuminate/Pipeline/Pipeline.php(219): Illuminate\Foundation\Http\Middleware\TrimStrings->handle()
#173 /home/runner/work/unifco_platform/unifco_platform/vendor/laravel/framework/src/Illuminate/Http/Middleware/ValidatePostSize.php(27): Illuminate\Pipeline\Pipeline->{closure:{closure:Illuminate\Pipeline\Pipeline::carry():194}:195}()
#174 /home/runner/work/unifco_platform/unifco_platform/vendor/laravel/framework/src/Illuminate/Pipeline/Pipeline.php(219): Illuminate\Http\Middleware\ValidatePostSize->handle()
#175 /home/runner/work/unifco_platform/unifco_platform/vendor/laravel/framework/src/Illuminate/Foundation/Http/Middleware/PreventRequestsDuringMaintenance.php(110): Illuminate\Pipeline\Pipeline->{closure:{closure:Illuminate\Pipeline\Pipeline::carry():194}:195}()
#176 /home/runner/work/unifco_platform/unifco_platform/vendor/laravel/framework/src/Illuminate/Pipeline/Pipeline.php(219): Illuminate\Foundation\Http\Middleware\PreventRequestsDuringMaintenance->handle()
#177 /home/runner/work/unifco_platform/unifco_platform/vendor/laravel/framework/src/Illuminate/Http/Middleware/HandleCors.php(61): Illuminate\Pipeline\Pipeline->{closure:{closure:Illuminate\Pipeline\Pipeline::carry():194}:195}()
#178 /home/runner/work/unifco_platform/unifco_platform/vendor/laravel/framework/src/Illuminate/Pipeline/Pipeline.php(219): Illuminate\Http\Middleware\HandleCors->handle()
#179 /home/runner/work/unifco_platform/unifco_platform/vendor/laravel/framework/src/Illuminate/Http/Middleware/TrustProxies.php(58): Illuminate\Pipeline\Pipeline->{closure:{closure:Illuminate\Pipeline\Pipeline::carry():194}:195}()
#180 /home/runner/work/unifco_platform/unifco_platform/vendor/laravel/framework/src/Illuminate/Pipeline/Pipeline.php(219): Illuminate\Http\Middleware\TrustProxies->handle()
#181 /home/runner/work/unifco_platform/unifco_platform/vendor/laravel/framework/src/Illuminate/Foundation/Http/Middleware/InvokeDeferredCallbacks.php(22): Illuminate\Pipeline\Pipeline->{closure:{closure:Illuminate\Pipeline\Pipeline::carry():194}:195}()
#182 /home/runner/work/unifco_platform/unifco_platform/vendor/laravel/framework/src/Illuminate/Pipeline/Pipeline.php(219): Illuminate\Foundation\Http\Middleware\InvokeDeferredCallbacks->handle()
#183 /home/runner/work/unifco_platform/unifco_platform/vendor/laravel/framework/src/Illuminate/Http/Middleware/ValidatePathEncoding.php(28): Illuminate\Pipeline\Pipeline->{closure:{closure:Illuminate\Pipeline\Pipeline::carry():194}:195}()
#184 /home/runner/work/unifco_platform/unifco_platform/vendor/laravel/framework/src/Illuminate/Pipeline/Pipeline.php(219): Illuminate\Http\Middleware\ValidatePathEncoding->handle()
#185 /home/runner/work/unifco_platform/unifco_platform/vendor/laravel/framework/src/Illuminate/Pipeline/Pipeline.php(137): Illuminate\Pipeline\Pipeline->{closure:{closure:Illuminate\Pipeline\Pipeline::carry():194}:195}()
#186 /home/runner/work/unifco_platform/unifco_platform/vendor/laravel/framework/src/Illuminate/Foundation/Http/Kernel.php(175): Illuminate\Pipeline\Pipeline->then()
#187 /home/runner/work/unifco_platform/unifco_platform/vendor/laravel/framework/src/Illuminate/Foundation/Http/Kernel.php(144): Illuminate\Foundation\Http\Kernel->sendRequestThroughRouter()
#188 /home/runner/work/unifco_platform/unifco_platform/vendor/laravel/framework/src/Illuminate/Foundation/Testing/Concerns/MakesHttpRequests.php(638): Illuminate\Foundation\Http\Kernel->handle()
#189 /home/runner/work/unifco_platform/unifco_platform/vendor/laravel/framework/src/Illuminate/Foundation/Testing/Concerns/MakesHttpRequests.php(368): Illuminate\Foundation\Testing\TestCase->call()
#190 /home/runner/work/unifco_platform/unifco_platform/tests/Feature/PublicServiceDetailsTest.php(24): Illuminate\Foundation\Testing\TestCase->get()
#191 /home/runner/work/unifco_platform/unifco_platform/vendor/phpunit/phpunit/src/Framework/TestCase.php(1318): Tests\Feature\PublicServiceDetailsTest->test_transformer_page_contains_service_specific_scope()
#192 /home/runner/work/unifco_platform/unifco_platform/vendor/phpunit/phpunit/src/Framework/TestCase.php(1355): PHPUnit\Framework\TestCase->invokeTestMethod()
#193 /home/runner/work/unifco_platform/unifco_platform/vendor/phpunit/phpunit/src/Framework/TestCase.php(521): PHPUnit\Framework\TestCase->runTest()
#194 /home/runner/work/unifco_platform/unifco_platform/vendor/phpunit/phpunit/src/Framework/TestRunner/TestRunner.php(99): PHPUnit\Framework\TestCase->runBare()
#195 /home/runner/work/unifco_platform/unifco_platform/vendor/phpunit/phpunit/src/Framework/TestCase.php(361): PHPUnit\Framework\TestRunner->run()
#196 /home/runner/work/unifco_platform/unifco_platform/vendor/phpunit/phpunit/src/Framework/TestSuite.php(374): PHPUnit\Framework\TestCase->run()
#197 /home/runner/work/unifco_platform/unifco_platform/vendor/phpunit/phpunit/src/Framework/TestSuite.php(374): PHPUnit\Framework\TestSuite->run()
#198 /home/runner/work/unifco_platform/unifco_platform/vendor/phpunit/phpunit/src/TextUI/TestRunner.php(64): PHPUnit\Framework\TestSuite->run()
#199 /home/runner/work/unifco_platform/unifco_platform/vendor/phpunit/phpunit/src/TextUI/Application.php(229): PHPUnit\TextUI\TestRunner->run()
#200 /home/runner/work/unifco_platform/unifco_platform/vendor/phpunit/phpunit/phpunit(104): PHPUnit\TextUI\Application->run()
#201 {main}

Next Illuminate\View\ViewException: Route [public.request-service] not defined. (View: /home/runner/work/unifco_platform/unifco_platform/resources/views/public/service-detail.blade.php) in /home/runner/work/unifco_platform/unifco_platform/vendor/laravel/framework/src/Illuminate/Routing/UrlGenerator.php:542
Stack trace:
#0 /home/runner/work/unifco_platform/unifco_platform/vendor/laravel/framework/src/Illuminate/View/Engines/PhpEngine.php(59): Illuminate\View\Engines\CompilerEngine->handleViewException()
#1 /home/runner/work/unifco_platform/unifco_platform/vendor/laravel/framework/src/Illuminate/View/Engines/CompilerEngine.php(76): Illuminate\View\Engines\PhpEngine->evaluatePath()
#2 /home/runner/work/unifco_platform/unifco_platform/vendor/laravel/framework/src/Illuminate/View/View.php(208): Illuminate\View\Engines\CompilerEngine->get()
#3 /home/runner/work/unifco_platform/unifco_platform/vendor/laravel/framework/src/Illuminate/View/View.php(191): Illuminate\View\View->getContents()
#4 /home/runner/work/unifco_platform/unifco_platform/vendor/laravel/framework/src/Illuminate/View/View.php(160): Illuminate\View\View->renderContents()
#5 /home/runner/work/unifco_platform/unifco_platform/vendor/laravel/framework/src/Illuminate/Http/Response.php(82): Illuminate\View\View->render()
#6 /home/runner/work/unifco_platform/unifco_platform/vendor/laravel/framework/src/Illuminate/Http/Response.php(40): Illuminate\Http\Response->setContent()
#7 /home/runner/work/unifco_platform/unifco_platform/vendor/laravel/framework/src/Illuminate/Routing/Router.php(939): Illuminate\Http\Response->__construct()
#8 /home/runner/work/unifco_platform/unifco_platform/vendor/laravel/framework/src/Illuminate/Routing/Router.php(906): Illuminate\Routing\Router::toResponse()
#9 /home/runner/work/unifco_platform/unifco_platform/vendor/laravel/framework/src/Illuminate/Routing/Router.php(821): Illuminate\Routing\Router->prepareResponse()
#10 /home/runner/work/unifco_platform/unifco_platform/vendor/laravel/framework/src/Illuminate/Pipeline/Pipeline.php(180): Illuminate\Routing\Router->{closure:Illuminate\Routing\Router::runRouteWithinStack():821}()
#11 /home/runner/work/unifco_platform/unifco_platform/app/Http/Middleware/PublicEmergencyContextBannerPresentation.php(13): Illuminate\Pipeline\Pipeline->{closure:Illuminate\Pipeline\Pipeline::prepareDestination():178}()
#12 /home/runner/work/unifco_platform/unifco_platform/vendor/laravel/framework/src/Illuminate/Pipeline/Pipeline.php(219): App\Http\Middleware\PublicEmergencyContextBannerPresentation->handle()
#13 /home/runner/work/unifco_platform/unifco_platform/app/Http/Middleware/PublicUnifiedAssetIssueWorkspacePresentation.php(13): Illuminate\Pipeline\Pipeline->{closure:{closure:Illuminate\Pipeline\Pipeline::carry():194}:195}()
#14 /home/runner/work/unifco_platform/unifco_platform/vendor/laravel/framework/src/Illuminate/Pipeline/Pipeline.php(219): App\Http\Middleware\PublicUnifiedAssetIssueWorkspacePresentation->handle()
#15 /home/runner/work/unifco_platform/unifco_platform/app/Http/Middleware/PublicUnifiedAssetIssueWorkspacePolishPresentation.php(13): Illuminate\Pipeline\Pipeline->{closure:{closure:Illuminate\Pipeline\Pipeline::carry():194}:195}()
#16 /home/runner/work/unifco_platform/unifco_platform/vendor/laravel/framework/src/Illuminate/Pipeline/Pipeline.php(219): App\Http\Middleware\PublicUnifiedAssetIssueWorkspacePolishPresentation->handle()
#17 /home/runner/work/unifco_platform/unifco_platform/app/Http/Middleware/PublicEmergencyIssueVisualPolishPresentation.php(13): Illuminate\Pipeline\Pipeline->{closure:{closure:Illuminate\Pipeline\Pipeline::carry():194}:195}()
#18 /home/runner/work/unifco_platform/unifco_platform/vendor/laravel/framework/src/Illuminate/Pipeline/Pipeline.php(219): App\Http\Middleware\PublicEmergencyIssueVisualPolishPresentation->handle()
#19 /home/runner/work/unifco_platform/unifco_platform/app/Http/Middleware/PublicEmergencyIssueDetailsPresentation.php(13): Illuminate\Pipeline\Pipeline->{closure:{closure:Illuminate\Pipeline\Pipeline::carry():194}:195}()
#20 /home/runner/work/unifco_platform/unifco_platform/vendor/laravel/framework/src/Illuminate/Pipeline/Pipeline.php(219): App\Http\Middleware\PublicEmergencyIssueDetailsPresentation->handle()
#21 /home/runner/work/unifco_platform/unifco_platform/app/Http/Middleware/PublicCurrentMaintenanceTicketSubmissionFix.php(13): Illuminate\Pipeline\Pipeline->{closure:{closure:Illuminate\Pipeline\Pipeline::carry():194}:195}()
#22 /home/runner/work/unifco_platform/unifco_platform/vendor/laravel/framework/src/Illuminate/Pipeline/Pipeline.php(219): App\Http\Middleware\PublicCurrentMaintenanceTicketSubmissionFix->handle()
#23 /home/runner/work/unifco_platform/unifco_platform/app/Http/Middleware/PublicCurrentMaintenanceVisitReceptionPresentation.php(13): Illuminate\Pipeline\Pipeline->{closure:{closure:Illuminate\Pipeline\Pipeline::carry():194}:195}()
#24 /home/runner/work/unifco_platform/unifco_platform/vendor/laravel/framework/src/Illuminate/Pipeline/Pipeline.php(219): App\Http\Middleware\PublicCurrentMaintenanceVisitReceptionPresentation->handle()
#25 /home/runner/work/unifco_platform/unifco_platform/app/Http/Middleware/PublicContactPresentation.php(14): Illuminate\Pipeline\Pipeline->{closure:{closure:Illuminate\Pipeline\Pipeline::carry():194}:195}()
#26 /home/runner/work/unifco_platform/unifco_platform/vendor/laravel/framework/src/Illuminate/Pipeline/Pipeline.php(219): App\Http\Middleware\PublicContactPresentation->handle()
#27 /home/runner/work/unifco_platform/unifco_platform/app/Http/Middleware/PublicServiceLinks.php(13): Illuminate\Pipeline\Pipeline->{closure:{closure:Illuminate\Pipeline\Pipeline::carry():194}:195}()
#28 /home/runner/work/unifco_platform/unifco_platform/vendor/laravel/framework/src/Illuminate/Pipeline/Pipeline.php(219): App\Http\Middleware\PublicServiceLinks->handle()
#29 /home/runner/work/unifco_platform/unifco_platform/app/Http/Middleware/PublicRequestCompactDesign.php(14): Illuminate\Pipeline\Pipeline->{closure:{closure:Illuminate\Pipeline\Pipeline::carry():194}:195}()
#30 /home/runner/work/unifco_platform/unifco_platform/vendor/laravel/framework/src/Illuminate/Pipeline/Pipeline.php(219): App\Http\Middleware\PublicRequestCompactDesign->handle()
#31 /home/runner/work/unifco_platform/unifco_platform/app/Http/Middleware/PublicAssetQrPresentation.php(13): Illuminate\Pipeline\Pipeline->{closure:{closure:Illuminate\Pipeline\Pipeline::carry():194}:195}()
#32 /home/runner/work/unifco_platform/unifco_platform/vendor/laravel/framework/src/Illuminate/Pipeline/Pipeline.php(219): App\Http\Middleware\PublicAssetQrPresentation->handle()
#33 /home/runner/work/unifco_platform/unifco_platform/app/Http/Middleware/PublicAssetQrInsecureFallback.php(13): Illuminate\Pipeline\Pipeline->{closure:{closure:Illuminate\Pipeline\Pipeline::carry():194}:195}()
#34 /home/runner/work/unifco_platform/unifco_platform/vendor/laravel/framework/src/Illuminate/Pipeline/Pipeline.php(219): App\Http\Middleware\PublicAssetQrInsecureFallback->handle()
#35 /home/runner/work/unifco_platform/unifco_platform/app/Http/Middleware/PublicRequestAttachmentsPresentation.php(13): Illuminate\Pipeline\Pipeline->{closure:{closure:Illuminate\Pipeline\Pipeline::carry():194}:195}()
#36 /home/runner/work/unifco_platform/unifco_platform/vendor/laravel/framework/src/Illuminate/Pipeline/Pipeline.php(219): App\Http\Middleware\PublicRequestAttachmentsPresentation->handle()
#37 /home/runner/work/unifco_platform/unifco_platform/app/Http/Middleware/PublicRequestHeaderMatch.php(13): Illuminate\Pipeline\Pipeline->{closure:{closure:Illuminate\Pipeline\Pipeline::carry():194}:195}()
#38 /home/runner/work/unifco_platform/unifco_platform/vendor/laravel/framework/src/Illuminate/Pipeline/Pipeline.php(219): App\Http\Middleware\PublicRequestHeaderMatch->handle()
#39 /home/runner/work/unifco_platform/unifco_platform/app/Http/Middleware/PublicEmergencyControlsFinalPresentation.php(13): Illuminate\Pipeline\Pipeline->{closure:{closure:Illuminate\Pipeline\Pipeline::carry():194}:195}()
#40 /home/runner/work/unifco_platform/unifco_platform/vendor/laravel/framework/src/Illuminate/Pipeline/Pipeline.php(219): App\Http\Middleware\PublicEmergencyControlsFinalPresentation->handle()
#41 /home/runner/work/unifco_platform/unifco_platform/app/Http/Middleware/PublicCurrentMaintenancePresentation.php(13): Illuminate\Pipeline\Pipeline->{closure:{closure:Illuminate\Pipeline\Pipeline::carry():194}:195}()
#42 /home/runner/work/unifco_platform/unifco_platform/vendor/laravel/framework/src/Illuminate/Pipeline/Pipeline.php(219): App\Http\Middleware\PublicCurrentMaintenancePresentation->handle()
#43 /home/runner/work/unifco_platform/unifco_platform/app/Http/Middleware/PublicEmergencyMaintenancePresentation.php(17): Illuminate\Pipeline\Pipeline->{closure:{closure:Illuminate\Pipeline\Pipeline::carry():194}:195}()
#44 /home/runner/work/unifco_platform/unifco_platform/vendor/laravel/framework/src/Illuminate/Pipeline/Pipeline.php(219): App\Http\Middleware\PublicEmergencyMaintenancePresentation->handle()
#45 /home/runner/work/unifco_platform/unifco_platform/app/Http/Middleware/PublicNewCustomerEquipmentPresentation.php(13): Illuminate\Pipeline\Pipeline->{closure:{closure:Illuminate\Pipeline\Pipeline::carry():194}:195}()
#46 /home/runner/work/unifco_platform/unifco_platform/vendor/laravel/framework/src/Illuminate/Pipeline/Pipeline.php(219): App\Http\Middleware\PublicNewCustomerEquipmentPresentation->handle()
#47 /home/runner/work/unifco_platform/unifco_platform/app/Http/Middleware/PublicCurrentMaintenanceHeaderExactPresentation.php(13): Illuminate\Pipeline\Pipeline->{closure:{closure:Illuminate\Pipeline\Pipeline::carry():194}:195}()
#48 /home/runner/work/unifco_platform/unifco_platform/vendor/laravel/framework/src/Illuminate/Pipeline/Pipeline.php(219): App\Http\Middleware\PublicCurrentMaintenanceHeaderExactPresentation->handle()
#49 /home/runner/work/unifco_platform/unifco_platform/app/Http/Middleware/PublicCurrentMaintenancePagePresentation.php(13): Illuminate\Pipeline\Pipeline->{closure:{closure:Illuminate\Pipeline\Pipeline::carry():194}:195}()
#50 /home/runner/work/unifco_platform/unifco_platform/vendor/laravel/framework/src/Illuminate/Pipeline/Pipeline.php(219): App\Http\Middleware\PublicCurrentMaintenancePagePresentation->handle()
#51 /home/runner/work/unifco_platform/unifco_platform/app/Http/Middleware/PublicCurrentCustomerLookupUxPresentation.php(13): Illuminate\Pipeline\Pipeline->{closure:{closure:Illuminate\Pipeline\Pipeline::carry():194}:195}()
#52 /home/runner/work/unifco_platform/unifco_platform/vendor/laravel/framework/src/Illuminate/Pipeline/Pipeline.php(219): App\Http\Middleware\PublicCurrentCustomerLookupUxPresentation->handle()
#53 /home/runner/work/unifco_platform/unifco_platform/app/Http/Middleware/PublicCurrentCustomerServiceCorePresentation.php(13): Illuminate\Pipeline\Pipeline->{closure:{closure:Illuminate\Pipeline\Pipeline::carry():194}:195}()
#54 /home/runner/work/unifco_platform/unifco_platform/vendor/laravel/framework/src/Illuminate/Pipeline/Pipeline.php(219): App\Http\Middleware\PublicCurrentCustomerServiceCorePresentation->handle()
#55 /home/runner/work/unifco_platform/unifco_platform/app/Http/Middleware/PublicCurrentCustomerContextLayoutPresentation.php(13): Illuminate\Pipeline\Pipeline->{closure:{closure:Illuminate\Pipeline\Pipeline::carry():194}:195}()
#56 /home/runner/work/unifco_platform/unifco_platform/vendor/laravel/framework/src/Illuminate/Pipeline/Pipeline.php(219): App\Http\Middleware\PublicCurrentCustomerContextLayoutPresentation->handle()
#57 /home/runner/work/unifco_platform/unifco_platform/app/Http/Middleware/PublicCurrentCustomerSummaryCardPresentation.php(13): Illuminate\Pipeline\Pipeline->{closure:{closure:Illuminate\Pipeline\Pipeline::carry():194}:195}()
#58 /home/runner/work/unifco_platform/unifco_platform/vendor/laravel/framework/src/Illuminate/Pipeline/Pipeline.php(219): App\Http\Middleware\PublicCurrentCustomerSummaryCardPresentation->handle()
#59 /home/runner/work/unifco_platform/unifco_platform/app/Http/Middleware/BrandingPresentation.php(13): Illuminate\Pipeline\Pipeline->{closure:{closure:Illuminate\Pipeline\Pipeline::carry():194}:195}()
#60 /home/runner/work/unifco_platform/unifco_platform/vendor/laravel/framework/src/Illuminate/Pipeline/Pipeline.php(219): App\Http\Middleware\BrandingPresentation->handle()
#61 /home/runner/work/unifco_platform/unifco_platform/app/Http/Middleware/PublicHomeOperationsTogglePresentation.php(14): Illuminate\Pipeline\Pipeline->{closure:{closure:Illuminate\Pipeline\Pipeline::carry():194}:195}()
#62 /home/runner/work/unifco_platform/unifco_platform/vendor/laravel/framework/src/Illuminate/Pipeline/Pipeline.php(219): App\Http\Middleware\PublicHomeOperationsTogglePresentation->handle()
#63 /home/runner/work/unifco_platform/unifco_platform/app/Http/Middleware/PublicHomeSectionDisplayPresentation.php(14): Illuminate\Pipeline\Pipeline->{closure:{closure:Illuminate\Pipeline\Pipeline::carry():194}:195}()
#64 /home/runner/work/unifco_platform/unifco_platform/vendor/laravel/framework/src/Illuminate/Pipeline/Pipeline.php(219): App\Http\Middleware\PublicHomeSectionDisplayPresentation->handle()
#65 /home/runner/work/unifco_platform/unifco_platform/app/Http/Middleware/PublicHomeOperationsCmsMedia.php(14): Illuminate\Pipeline\Pipeline->{closure:{closure:Illuminate\Pipeline\Pipeline::carry():194}:195}()
#66 /home/runner/work/unifco_platform/unifco_platform/vendor/laravel/framework/src/Illuminate/Pipeline/Pipeline.php(219): App\Http\Middleware\PublicHomeOperationsCmsMedia->handle()
#67 /home/runner/work/unifco_platform/unifco_platform/app/Http/Middleware/PublicHomeCmsMediaPresentation.php(14): Illuminate\Pipeline\Pipeline->{closure:{closure:Illuminate\Pipeline\Pipeline::carry():194}:195}()
#68 /home/runner/work/unifco_platform/unifco_platform/vendor/laravel/framework/src/Illuminate/Pipeline/Pipeline.php(219): App\Http\Middleware\PublicHomeCmsMediaPresentation->handle()
#69 /home/runner/work/unifco_platform/unifco_platform/app/Http/Middleware/PublicHomeNavPresentation.php(13): Illuminate\Pipeline\Pipeline->{closure:{closure:Illuminate\Pipeline\Pipeline::carry():194}:195}()
#70 /home/runner/work/unifco_platform/unifco_platform/vendor/laravel/framework/src/Illuminate/Pipeline/Pipeline.php(219): App\Http\Middleware\PublicHomeNavPresentation->handle()
#71 /home/runner/work/unifco_platform/unifco_platform/app/Http/Middleware/PublicHomeOperationsPresentation.php(13): Illuminate\Pipeline\Pipeline->{closure:{closure:Illuminate\Pipeline\Pipeline::carry():194}:195}()
#72 /home/runner/work/unifco_platform/unifco_platform/vendor/laravel/framework/src/Illuminate/Pipeline/Pipeline.php(219): App\Http\Middleware\PublicHomeOperationsPresentation->handle()
#73 /home/runner/work/unifco_platform/unifco_platform/app/Http/Middleware/PublicHomeFooterPresentation.php(13): Illuminate\Pipeline\Pipeline->{closure:{closure:Illuminate\Pipeline\Pipeline::carry():194}:195}()
#74 /home/runner/work/unifco_platform/unifco_platform/vendor/laravel/framework/src/Illuminate/Pipeline/Pipeline.php(219): App\Http\Middleware\PublicHomeFooterPresentation->handle()
#75 /home/runner/work/unifco_platform/unifco_platform/app/Http/Middleware/PublicHomeLocationPresentation.php(13): Illuminate\Pipeline\Pipeline->{closure:{closure:Illuminate\Pipeline\Pipeline::carry():194}:195}()
#76 /home/runner/work/unifco_platform/unifco_platform/vendor/laravel/framework/src/Illuminate/Pipeline/Pipeline.php(219): App\Http\Middleware\PublicHomeLocationPresentation->handle()
#77 /home/runner/work/unifco_platform/unifco_platform/app/Http/Middleware/PublicHomeSpacingPresentation.php(13): Illuminate\Pipeline\Pipeline->{closure:{closure:Illuminate\Pipeline\Pipeline::carry():194}:195}()
#78 /home/runner/work/unifco_platform/unifco_platform/vendor/laravel/framework/src/Illuminate/Pipeline/Pipeline.php(219): App\Http\Middleware\PublicHomeSpacingPresentation->handle()
#79 /home/runner/work/unifco_platform/unifco_platform/app/Http/Middleware/PublicHomeSocialLinksPresentation.php(13): Illuminate\Pipeline\Pipeline->{closure:{closure:Illuminate\Pipeline\Pipeline::carry():194}:195}()
#80 /home/runner/work/unifco_platform/unifco_platform/vendor/laravel/framework/src/Illuminate/Pipeline/Pipeline.php(219): App\Http\Middleware\PublicHomeSocialLinksPresentation->handle()
#81 /home/runner/work/unifco_platform/unifco_platform/app/Http/Middleware/PublicHomeProcessTitlePresentation.php(13): Illuminate\Pipeline\Pipeline->{closure:{closure:Illuminate\Pipeline\Pipeline::carry():194}:195}()
#82 /home/runner/work/unifco_platform/unifco_platform/vendor/laravel/framework/src/Illuminate/Pipeline/Pipeline.php(219): App\Http\Middleware\PublicHomeProcessTitlePresentation->handle()
#83 /home/runner/work/unifco_platform/unifco_platform/app/Http/Middleware/PublicHomeHeroServiceLinkPresentation.php(13): Illuminate\Pipeline\Pipeline->{closure:{closure:Illuminate\Pipeline\Pipeline::carry():194}:195}()
#84 /home/runner/work/unifco_platform/unifco_platform/vendor/laravel/framework/src/Illuminate/Pipeline/Pipeline.php(219): App\Http\Middleware\PublicHomeHeroServiceLinkPresentation->handle()
#85 /home/runner/work/unifco_platform/unifco_platform/app/Http/Middleware/PublicHomeHeroPresentation.php(15): Illuminate\Pipeline\Pipeline->{closure:{closure:Illuminate\Pipeline\Pipeline::carry():194}:195}()
#86 /home/runner/work/unifco_platform/unifco_platform/vendor/laravel/framework/src/Illuminate/Pipeline/Pipeline.php(219): App\Http\Middleware\PublicHomeHeroPresentation->handle()
#87 /home/runner/work/unifco_platform/unifco_platform/app/Http/Middleware/PublicHomeAssetStatsPresentation.php(16): Illuminate\Pipeline\Pipeline->{closure:{closure:Illuminate\Pipeline\Pipeline::carry():194}:195}()
#88 /home/runner/work/unifco_platform/unifco_platform/vendor/laravel/framework/src/Illuminate/Pipeline/Pipeline.php(219): App\Http\Middleware\PublicHomeAssetStatsPresentation->handle()
#89 /home/runner/work/unifco_platform/unifco_platform/app/Http/Middleware/PublicHomeFinalCopyPresentation.php(13): Illuminate\Pipeline\Pipeline->{closure:{closure:Illuminate\Pipeline\Pipeline::carry():194}:195}()
#90 /home/runner/work/unifco_platform/unifco_platform/vendor/laravel/framework/src/Illuminate/Pipeline/Pipeline.php(219): App\Http\Middleware\PublicHomeFinalCopyPresentation->handle()
#91 /home/runner/work/unifco_platform/unifco_platform/app/Http/Middleware/PublicHomeFinalCompactPresentation.php(13): Illuminate\Pipeline\Pipeline->{closure:{closure:Illuminate\Pipeline\Pipeline::carry():194}:195}()
#92 /home/runner/work/unifco_platform/unifco_platform/vendor/laravel/framework/src/Illuminate/Pipeline/Pipeline.php(219): App\Http\Middleware\PublicHomeFinalCompactPresentation->handle()
#93 /home/runner/work/unifco_platform/unifco_platform/app/Http/Middleware/PublicHomeRenderCompatibility.php(66): Illuminate\Pipeline\Pipeline->{closure:{closure:Illuminate\Pipeline\Pipeline::carry():194}:195}()
#94 /home/runner/work/unifco_platform/unifco_platform/vendor/laravel/framework/src/Illuminate/Pipeline/Pipeline.php(219): App\Http\Middleware\PublicHomeRenderCompatibility->handle()
#95 /home/runner/work/unifco_platform/unifco_platform/app/Http/Middleware/CustomerPortalMobileLogoutPresentation.php(13): Illuminate\Pipeline\Pipeline->{closure:{closure:Illuminate\Pipeline\Pipeline::carry():194}:195}()
#96 /home/runner/work/unifco_platform/unifco_platform/vendor/laravel/framework/src/Illuminate/Pipeline/Pipeline.php(219): App\Http\Middleware\CustomerPortalMobileLogoutPresentation->handle()
#97 /home/runner/work/unifco_platform/unifco_platform/app/Http/Middleware/CustomerPortalDashboardPresentation.php(16): Illuminate\Pipeline\Pipeline->{closure:{closure:Illuminate\Pipeline\Pipeline::carry():194}:195}()
#98 /home/runner/work/unifco_platform/unifco_platform/vendor/laravel/framework/src/Illuminate/Pipeline/Pipeline.php(219): App\Http\Middleware\CustomerPortalDashboardPresentation->handle()
#99 /home/runner/work/unifco_platform/unifco_platform/app/Http/Middleware/LegacyFormCompatibility.php(21): Illuminate\Pipeline\Pipeline->{closure:{closure:Illuminate\Pipeline\Pipeline::carry():194}:195}()
#100 /home/runner/work/unifco_platform/unifco_platform/vendor/laravel/framework/src/Illuminate/Pipeline/Pipeline.php(219): App\Http\Middleware\LegacyFormCompatibility->handle()
#101 /home/runner/work/unifco_platform/unifco_platform/app/Http/Middleware/WorkflowRoleNavigationPresentation.php(17): Illuminate\Pipeline\Pipeline->{closure:{closure:Illuminate\Pipeline\Pipeline::carry():194}:195}()
#102 /home/runner/work/unifco_platform/unifco_platform/vendor/laravel/framework/src/Illuminate/Pipeline/Pipeline.php(219): App\Http\Middleware\WorkflowRoleNavigationPresentation->handle()
#103 /home/runner/work/unifco_platform/unifco_platform/app/Http/Middleware/WorkflowRoleHomeRedirect.php(21): Illuminate\Pipeline\Pipeline->{closure:{closure:Illuminate\Pipeline\Pipeline::carry():194}:195}()
#104 /home/runner/work/unifco_platform/unifco_platform/vendor/laravel/framework/src/Illuminate/Pipeline/Pipeline.php(219): App\Http\Middleware\WorkflowRoleHomeRedirect->handle()
#105 /home/runner/work/unifco_platform/unifco_platform/app/Http/Middleware/PublicEmergencyBannerCompactPresentation.php(13): Illuminate\Pipeline\Pipeline->{closure:{closure:Illuminate\Pipeline\Pipeline::carry():194}:195}()
#106 /home/runner/work/unifco_platform/unifco_platform/vendor/laravel/framework/src/Illuminate/Pipeline/Pipeline.php(219): App\Http\Middleware\PublicEmergencyBannerCompactPresentation->handle()
#107 /home/runner/work/unifco_platform/unifco_platform/app/Http/Middleware/PublicRequestBottomTicketPresentation.php(13): Illuminate\Pipeline\Pipeline->{closure:{closure:Illuminate\Pipeline\Pipeline::carry():194}:195}()
#108 /home/runner/work/unifco_platform/unifco_platform/vendor/laravel/framework/src/Illuminate/Pipeline/Pipeline.php(219): App\Http\Middleware\PublicRequestBottomTicketPresentation->handle()
#109 /home/runner/work/unifco_platform/unifco_platform/app/Http/Middleware/PublicHomeServicesKickerPresentation.php(13): Illuminate\Pipeline\Pipeline->{closure:{closure:Illuminate\Pipeline\Pipeline::carry():194}:195}()
#110 /home/runner/work/unifco_platform/unifco_platform/vendor/laravel/framework/src/Illuminate/Pipeline/Pipeline.php(219): App\Http\Middleware\PublicHomeServicesKickerPresentation->handle()
#111 /home/runner/work/unifco_platform/unifco_platform/app/Http/Middleware/PublicHomeContactDetailsPresentation.php(13): Illuminate\Pipeline\Pipeline->{closure:{closure:Illuminate\Pipeline\Pipeline::carry():194}:195}()
#112 /home/runner/work/unifco_platform/unifco_platform/vendor/laravel/framework/src/Illuminate/Pipeline/Pipeline.php(219): App\Http\Middleware\PublicHomeContactDetailsPresentation->handle()
#113 /home/runner/work/unifco_platform/unifco_platform/app/Http/Middleware/CmsArabicSourcePresentationV2.php(13): Illuminate\Pipeline\Pipeline->{closure:{closure:Illuminate\Pipeline\Pipeline::carry():194}:195}()
#114 /home/runner/work/unifco_platform/unifco_platform/vendor/laravel/framework/src/Illuminate/Pipeline/Pipeline.php(219): App\Http\Middleware\CmsArabicSourcePresentationV2->handle()
#115 /home/runner/work/unifco_platform/unifco_platform/app/Http/Middleware/CmsDisplayModePresentation.php(14): Illuminate\Pipeline\Pipeline->{closure:{closure:Illuminate\Pipeline\Pipeline::carry():194}:195}()
#116 /home/runner/work/unifco_platform/unifco_platform/vendor/laravel/framework/src/Illuminate/Pipeline/Pipeline.php(219): App\Http\Middleware\CmsDisplayModePresentation->handle()
#117 /home/runner/work/unifco_platform/unifco_platform/app/Http/Middleware/AdminHomepageCmsPresentation.php(13): Illuminate\Pipeline\Pipeline->{closure:{closure:Illuminate\Pipeline\Pipeline::carry():194}:195}()
#118 /home/runner/work/unifco_platform/unifco_platform/vendor/laravel/framework/src/Illuminate/Pipeline/Pipeline.php(219): App\Http\Middleware\AdminHomepageCmsPresentation->handle()
#119 /home/runner/work/unifco_platform/unifco_platform/app/Http/Middleware/AdminHomepageCmsIsolationPresentation.php(14): Illuminate\Pipeline\Pipeline->{closure:{closure:Illuminate\Pipeline\Pipeline::carry():194}:195}()
#120 /home/runner/work/unifco_platform/unifco_platform/vendor/laravel/framework/src/Illuminate/Pipeline/Pipeline.php(219): App\Http\Middleware\AdminHomepageCmsIsolationPresentation->handle()
#121 /home/runner/work/unifco_platform/unifco_platform/app/Http/Middleware/AdminAboutCmsWorkspacePresentation.php(13): Illuminate\Pipeline\Pipeline->{closure:{closure:Illuminate\Pipeline\Pipeline::carry():194}:195}()
#122 /home/runner/work/unifco_platform/unifco_platform/vendor/laravel/framework/src/Illuminate/Pipeline/Pipeline.php(219): App\Http\Middleware\AdminAboutCmsWorkspacePresentation->handle()
#123 /home/runner/work/unifco_platform/unifco_platform/app/Http/Middleware/PublicHomeAboutLinkPresentation.php(13): Illuminate\Pipeline\Pipeline->{closure:{closure:Illuminate\Pipeline\Pipeline::carry():194}:195}()
#124 /home/runner/work/unifco_platform/unifco_platform/vendor/laravel/framework/src/Illuminate/Pipeline/Pipeline.php(219): App\Http\Middleware\PublicHomeAboutLinkPresentation->handle()
#125 /home/runner/work/unifco_platform/unifco_platform/app/Http/Middleware/EnsureUserSessionValid.php(29): Illuminate\Pipeline\Pipeline->{closure:{closure:Illuminate\Pipeline\Pipeline::carry():194}:195}()
#126 /home/runner/work/unifco_platform/unifco_platform/vendor/laravel/framework/src/Illuminate/Pipeline/Pipeline.php(219): App\Http\Middleware\EnsureUserSessionValid->handle()
#127 /home/runner/work/unifco_platform/unifco_platform/app/Http/Middleware/PublicRequestLegacyChromeCleanup.php(14): Illuminate\Pipeline\Pipeline->{closure:{closure:Illuminate\Pipeline\Pipeline::carry():194}:195}()
#128 /home/runner/work/unifco_platform/unifco_platform/vendor/laravel/framework/src/Illuminate/Pipeline/Pipeline.php(219): App\Http\Middleware\PublicRequestLegacyChromeCleanup->handle()
#129 /home/runner/work/unifco_platform/unifco_platform/app/Http/Middleware/PublicFinalUnifiedAttachmentsPresentation.php(54): Illuminate\Pipeline\Pipeline->{closure:{closure:Illuminate\Pipeline\Pipeline::carry():194}:195}()
#130 /home/runner/work/unifco_platform/unifco_platform/vendor/laravel/framework/src/Illuminate/Pipeline/Pipeline.php(219): App\Http\Middleware\PublicFinalUnifiedAttachmentsPresentation->handle()
#131 /home/runner/work/unifco_platform/unifco_platform/app/Http/Middleware/PublicUnifiedTicketSubmissionPresentation.php(13): Illuminate\Pipeline\Pipeline->{closure:{closure:Illuminate\Pipeline\Pipeline::carry():194}:195}()
#132 /home/runner/work/unifco_platform/unifco_platform/vendor/laravel/framework/src/Illuminate/Pipeline/Pipeline.php(219): App\Http\Middleware\PublicUnifiedTicketSubmissionPresentation->handle()
#133 /home/runner/work/unifco_platform/unifco_platform/app/Http/Middleware/PublicRequestTicketSystemCompatibility.php(75): Illuminate\Pipeline\Pipeline->{closure:{closure:Illuminate\Pipeline\Pipeline::carry():194}:195}()
#134 /home/runner/work/unifco_platform/unifco_platform/vendor/laravel/framework/src/Illuminate/Pipeline/Pipeline.php(219): App\Http\Middleware\PublicRequestTicketSystemCompatibility->handle()
#135 /home/runner/work/unifco_platform/unifco_platform/app/Http/Middleware/PublicHomeEmergencyShortcutPresentation.php(13): Illuminate\Pipeline\Pipeline->{closure:{closure:Illuminate\Pipeline\Pipeline::carry():194}:195}()
#136 /home/runner/work/unifco_platform/unifco_platform/vendor/laravel/framework/src/Illuminate/Pipeline/Pipeline.php(219): App\Http\Middleware\PublicHomeEmergencyShortcutPresentation->handle()
#137 /home/runner/work/unifco_platform/unifco_platform/app/Http/Middleware/PublicCurrentSparePartsAssetPresentation.php(13): Illuminate\Pipeline\Pipeline->{closure:{closure:Illuminate\Pipeline\Pipeline::carry():194}:195}()
#138 /home/runner/work/unifco_platform/unifco_platform/vendor/laravel/framework/src/Illuminate/Pipeline/Pipeline.php(219): App\Http\Middleware\PublicCurrentSparePartsAssetPresentation->handle()
#139 /home/runner/work/unifco_platform/unifco_platform/app/Http/Middleware/PublicCurrentSparePartsQuoteFinalPresentation.php(13): Illuminate\Pipeline\Pipeline->{closure:{closure:Illuminate\Pipeline\Pipeline::carry():194}:195}()
#140 /home/runner/work/unifco_platform/unifco_platform/vendor/laravel/framework/src/Illuminate/Pipeline/Pipeline.php(219): App\Http\Middleware\PublicCurrentSparePartsQuoteFinalPresentation->handle()
#141 /home/runner/work/unifco_platform/unifco_platform/app/Http/Middleware/PublicHtmlResponseContentTypeGuard.php(13): Illuminate\Pipeline\Pipeline->{closure:{closure:Illuminate\Pipeline\Pipeline::carry():194}:195}()
#142 /home/runner/work/unifco_platform/unifco_platform/vendor/laravel/framework/src/Illuminate/Pipeline/Pipeline.php(219): App\Http\Middleware\PublicHtmlResponseContentTypeGuard->handle()
#143 /home/runner/work/unifco_platform/unifco_platform/vendor/laravel/framework/src/Illuminate/Routing/Middleware/SubstituteBindings.php(52): Illuminate\Pipeline\Pipeline->{closure:{closure:Illuminate\Pipeline\Pipeline::carry():194}:195}()
#144 /home/runner/work/unifco_platform/unifco_platform/vendor/laravel/framework/src/Illuminate/Pipeline/Pipeline.php(219): Illuminate\Routing\Middleware\SubstituteBindings->handle()
#145 /home/runner/work/unifco_platform/unifco_platform/vendor/laravel/framework/src/Illuminate/Foundation/Http/Middleware/PreventRequestForgery.php(104): Illuminate\Pipeline\Pipeline->{closure:{closure:Illuminate\Pipeline\Pipeline::carry():194}:195}()
#146 /home/runner/work/unifco_platform/unifco_platform/vendor/laravel/framework/src/Illuminate/Pipeline/Pipeline.php(219): Illuminate\Foundation\Http\Middleware\PreventRequestForgery->handle()
#147 /home/runner/work/unifco_platform/unifco_platform/vendor/laravel/framework/src/Illuminate/View/Middleware/ShareErrorsFromSession.php(48): Illuminate\Pipeline\Pipeline->{closure:{closure:Illuminate\Pipeline\Pipeline::carry():194}:195}()
#148 /home/runner/work/unifco_platform/unifco_platform/vendor/laravel/framework/src/Illuminate/Pipeline/Pipeline.php(219): Illuminate\View\Middleware\ShareErrorsFromSession->handle()
#149 /home/runner/work/unifco_platform/unifco_platform/vendor/laravel/framework/src/Illuminate/Session/Middleware/StartSession.php(120): Illuminate\Pipeline\Pipeline->{closure:{closure:Illuminate\Pipeline\Pipeline::carry():194}:195}()
#150 /home/runner/work/unifco_platform/unifco_platform/vendor/laravel/framework/src/Illuminate/Session/Middleware/StartSession.php(63): Illuminate\Session\Middleware\StartSession->handleStatefulRequest()
#151 /home/runner/work/unifco_platform/unifco_platform/vendor/laravel/framework/src/Illuminate/Pipeline/Pipeline.php(219): Illuminate\Session\Middleware\StartSession->handle()
#152 /home/runner/work/unifco_platform/unifco_platform/vendor/laravel/framework/src/Illuminate/Cookie/Middleware/AddQueuedCookiesToResponse.php(36): Illuminate\Pipeline\Pipeline->{closure:{closure:Illuminate\Pipeline\Pipeline::carry():194}:195}()
#153 /home/runner/work/unifco_platform/unifco_platform/vendor/laravel/framework/src/Illuminate/Pipeline/Pipeline.php(219): Illuminate\Cookie\Middleware\AddQueuedCookiesToResponse->handle()
#154 /home/runner/work/unifco_platform/unifco_platform/vendor/laravel/framework/src/Illuminate/Cookie/Middleware/EncryptCookies.php(74): Illuminate\Pipeline\Pipeline->{closure:{closure:Illuminate\Pipeline\Pipeline::carry():194}:195}()
#155 /home/runner/work/unifco_platform/unifco_platform/vendor/laravel/framework/src/Illuminate/Pipeline/Pipeline.php(219): Illuminate\Cookie\Middleware\EncryptCookies->handle()
#156 /home/runner/work/unifco_platform/unifco_platform/vendor/laravel/framework/src/Illuminate/Pipeline/Pipeline.php(137): Illuminate\Pipeline\Pipeline->{closure:{closure:Illuminate\Pipeline\Pipeline::carry():194}:195}()
#157 /home/runner/work/unifco_platform/unifco_platform/vendor/laravel/framework/src/Illuminate/Routing/Router.php(821): Illuminate\Pipeline\Pipeline->then()
#158 /home/runner/work/unifco_platform/unifco_platform/vendor/laravel/framework/src/Illuminate/Routing/Router.php(800): Illuminate\Routing\Router->runRouteWithinStack()
#159 /home/runner/work/unifco_platform/unifco_platform/vendor/laravel/framework/src/Illuminate/Routing/Router.php(764): Illuminate\Routing\Router->runRoute()
#160 /home/runner/work/unifco_platform/unifco_platform/vendor/laravel/framework/src/Illuminate/Routing/Router.php(753): Illuminate\Routing\Router->dispatchToRoute()
#161 /home/runner/work/unifco_platform/unifco_platform/vendor/laravel/framework/src/Illuminate/Foundation/Http/Kernel.php(200): Illuminate\Routing\Router->dispatch()
#162 /home/runner/work/unifco_platform/unifco_platform/vendor/laravel/framework/src/Illuminate/Pipeline/Pipeline.php(180): Illuminate\Foundation\Http\Kernel->{closure:Illuminate\Foundation\Http\Kernel::dispatchToRouter():197}()
#163 /home/runner/work/unifco_platform/unifco_platform/vendor/laravel/framework/src/Illuminate/Foundation/Http/Middleware/TransformsRequest.php(21): Illuminate\Pipeline\Pipeline->{closure:Illuminate\Pipeline\Pipeline::prepareDestination():178}()
#164 /home/runner/work/unifco_platform/unifco_platform/vendor/laravel/framework/src/Illuminate/Foundation/Http/Middleware/ConvertEmptyStringsToNull.php(31): Illuminate\Foundation\Http\Middleware\TransformsRequest->handle()
#165 /home/runner/work/unifco_platform/unifco_platform/vendor/laravel/framework/src/Illuminate/Pipeline/Pipeline.php(219): Illuminate\Foundation\Http\Middleware\ConvertEmptyStringsToNull->handle()
#166 /home/runner/work/unifco_platform/unifco_platform/vendor/laravel/framework/src/Illuminate/Foundation/Http/Middleware/TransformsRequest.php(21): Illuminate\Pipeline\Pipeline->{closure:{closure:Illuminate\Pipeline\Pipeline::carry():194}:195}()
#167 /home/runner/work/unifco_platform/unifco_platform/vendor/laravel/framework/src/Illuminate/Foundation/Http/Middleware/TrimStrings.php(51): Illuminate\Foundation\Http\Middleware\TransformsRequest->handle()
#168 /home/runner/work/unifco_platform/unifco_platform/vendor/laravel/framework/src/Illuminate/Pipeline/Pipeline.php(219): Illuminate\Foundation\Http\Middleware\TrimStrings->handle()
#169 /home/runner/work/unifco_platform/unifco_platform/vendor/laravel/framework/src/Illuminate/Http/Middleware/ValidatePostSize.php(27): Illuminate\Pipeline\Pipeline->{closure:{closure:Illuminate\Pipeline\Pipeline::carry():194}:195}()
#170 /home/runner/work/unifco_platform/unifco_platform/vendor/laravel/framework/src/Illuminate/Pipeline/Pipeline.php(219): Illuminate\Http\Middleware\ValidatePostSize->handle()
#171 /home/runner/work/unifco_platform/unifco_platform/vendor/laravel/framework/src/Illuminate/Foundation/Http/Middleware/PreventRequestsDuringMaintenance.php(110): Illuminate\Pipeline\Pipeline->{closure:{closure:Illuminate\Pipeline\Pipeline::carry():194}:195}()
#172 /home/runner/work/unifco_platform/unifco_platform/vendor/laravel/framework/src/Illuminate/Pipeline/Pipeline.php(219): Illuminate\Foundation\Http\Middleware\PreventRequestsDuringMaintenance->handle()
#173 /home/runner/work/unifco_platform/unifco_platform/vendor/laravel/framework/src/Illuminate/Http/Middleware/HandleCors.php(61): Illuminate\Pipeline\Pipeline->{closure:{closure:Illuminate\Pipeline\Pipeline::carry():194}:195}()
#174 /home/runner/work/unifco_platform/unifco_platform/vendor/laravel/framework/src/Illuminate/Pipeline/Pipeline.php(219): Illuminate\Http\Middleware\HandleCors->handle()
#175 /home/runner/work/unifco_platform/unifco_platform/vendor/laravel/framework/src/Illuminate/Http/Middleware/TrustProxies.php(58): Illuminate\Pipeline\Pipeline->{closure:{closure:Illuminate\Pipeline\Pipeline::carry():194}:195}()
#176 /home/runner/work/unifco_platform/unifco_platform/vendor/laravel/framework/src/Illuminate/Pipeline/Pipeline.php(219): Illuminate\Http\Middleware\TrustProxies->handle()
#177 /home/runner/work/unifco_platform/unifco_platform/vendor/laravel/framework/src/Illuminate/Foundation/Http/Middleware/InvokeDeferredCallbacks.php(22): Illuminate\Pipeline\Pipeline->{closure:{closure:Illuminate\Pipeline\Pipeline::carry():194}:195}()
#178 /home/runner/work/unifco_platform/unifco_platform/vendor/laravel/framework/src/Illuminate/Pipeline/Pipeline.php(219): Illuminate\Foundation\Http\Middleware\InvokeDeferredCallbacks->handle()
#179 /home/runner/work/unifco_platform/unifco_platform/vendor/laravel/framework/src/Illuminate/Http/Middleware/ValidatePathEncoding.php(28): Illuminate\Pipeline\Pipeline->{closure:{closure:Illuminate\Pipeline\Pipeline::carry():194}:195}()
#180 /home/runner/work/unifco_platform/unifco_platform/vendor/laravel/framework/src/Illuminate/Pipeline/Pipeline.php(219): Illuminate\Http\Middleware\ValidatePathEncoding->handle()
#181 /home/runner/work/unifco_platform/unifco_platform/vendor/laravel/framework/src/Illuminate/Pipeline/Pipeline.php(137): Illuminate\Pipeline\Pipeline->{closure:{closure:Illuminate\Pipeline\Pipeline::carry():194}:195}()
#182 /home/runner/work/unifco_platform/unifco_platform/vendor/laravel/framework/src/Illuminate/Foundation/Http/Kernel.php(175): Illuminate\Pipeline\Pipeline->then()
#183 /home/runner/work/unifco_platform/unifco_platform/vendor/laravel/framework/src/Illuminate/Foundation/Http/Kernel.php(144): Illuminate\Foundation\Http\Kernel->sendRequestThroughRouter()
#184 /home/runner/work/unifco_platform/unifco_platform/vendor/laravel/framework/src/Illuminate/Foundation/Testing/Concerns/MakesHttpRequests.php(638): Illuminate\Foundation\Http\Kernel->handle()
#185 /home/runner/work/unifco_platform/unifco_platform/vendor/laravel/framework/src/Illuminate/Foundation/Testing/Concerns/MakesHttpRequests.php(368): Illuminate\Foundation\Testing\TestCase->call()
#186 /home/runner/work/unifco_platform/unifco_platform/tests/Feature/PublicServiceDetailsTest.php(24): Illuminate\Foundation\Testing\TestCase->get()
#187 /home/runner/work/unifco_platform/unifco_platform/vendor/phpunit/phpunit/src/Framework/TestCase.php(1318): Tests\Feature\PublicServiceDetailsTest->test_transformer_page_contains_service_specific_scope()
#188 /home/runner/work/unifco_platform/unifco_platform/vendor/phpunit/phpunit/src/Framework/TestCase.php(1355): PHPUnit\Framework\TestCase->invokeTestMethod()
#189 /home/runner/work/unifco_platform/unifco_platform/vendor/phpunit/phpunit/src/Framework/TestCase.php(521): PHPUnit\Framework\TestCase->runTest()
#190 /home/runner/work/unifco_platform/unifco_platform/vendor/phpunit/phpunit/src/Framework/TestRunner/TestRunner.php(99): PHPUnit\Framework\TestCase->runBare()
#191 /home/runner/work/unifco_platform/unifco_platform/vendor/phpunit/phpunit/src/Framework/TestCase.php(361): PHPUnit\Framework\TestRunner->run()
#192 /home/runner/work/unifco_platform/unifco_platform/vendor/phpunit/phpunit/src/Framework/TestSuite.php(374): PHPUnit\Framework\TestCase->run()
#193 /home/runner/work/unifco_platform/unifco_platform/vendor/phpunit/phpunit/src/Framework/TestSuite.php(374): PHPUnit\Framework\TestSuite->run()
#194 /home/runner/work/unifco_platform/unifco_platform/vendor/phpunit/phpunit/src/TextUI/TestRunner.php(64): PHPUnit\Framework\TestSuite->run()
#195 /home/runner/work/unifco_platform/unifco_platform/vendor/phpunit/phpunit/src/TextUI/Application.php(229): PHPUnit\TextUI\TestRunner->run()
#196 /home/runner/work/unifco_platform/unifco_platform/vendor/phpunit/phpunit/phpunit(104): PHPUnit\TextUI\Application->run()
#197 {main}

----------------------------------------------------------------------------------

Route [public.request-service] not defined. (View: /home/runner/work/unifco_platform/unifco_platform/resources/views/public/service-detail.blade.php)[39;22m

  at [32mtests/Feature/PublicServiceDetailsTest.php[39m:[32m24[39m
     20▕     }
     21▕ 
     22▕     public function test_transformer_page_contains_service_specific_scope(): void
     23▕     {
  ➜  24▕         $this->get('/services/transformer-maintenance?lang=en')->assertOk()
     25▕             ->assertSee('Transformers', false)
     26▕             ->assertSee('Visual Inspection', false)
     27▕             ->assertSee('Oil Testing', false)
     28▕             ->assertSee('Insulation Resistance Testing', false)

  [31m────────────────────────────────────────────────────────────────────────────[39m  
  [41;1m FAILED [49;22m [1mTests\Feature\PublicServiceDetailsTest[22m [90m>[39m home service cards link…    
[39;1m  Expected response status code [200] but received 500.
Failed asserting that 500 is identical to 200.

The following exception occurred during the last request:

Symfony\Component\Routing\Exception\RouteNotFoundException: Route [public.request-service] not defined. in /home/runner/work/unifco_platform/unifco_platform/vendor/laravel/framework/src/Illuminate/Routing/UrlGenerator.php:542
Stack trace:
#0 /home/runner/work/unifco_platform/unifco_platform/vendor/laravel/framework/src/Illuminate/Foundation/helpers.php(870): Illuminate\Routing\UrlGenerator->route()
#1 /home/runner/work/unifco_platform/unifco_platform/app/Http/Middleware/PublicHomeHeroServiceLinkPresentation.php(19): route()
#2 /home/runner/work/unifco_platform/unifco_platform/vendor/laravel/framework/src/Illuminate/Pipeline/Pipeline.php(219): App\Http\Middleware\PublicHomeHeroServiceLinkPresentation->handle()
#3 /home/runner/work/unifco_platform/unifco_platform/app/Http/Middleware/PublicHomeHeroPresentation.php(15): Illuminate\Pipeline\Pipeline->{closure:{closure:Illuminate\Pipeline\Pipeline::carry():194}:195}()
#4 /home/runner/work/unifco_platform/unifco_platform/vendor/laravel/framework/src/Illuminate/Pipeline/Pipeline.php(219): App\Http\Middleware\PublicHomeHeroPresentation->handle()
#5 /home/runner/work/unifco_platform/unifco_platform/app/Http/Middleware/PublicHomeAssetStatsPresentation.php(16): Illuminate\Pipeline\Pipeline->{closure:{closure:Illuminate\Pipeline\Pipeline::carry():194}:195}()
#6 /home/runner/work/unifco_platform/unifco_platform/vendor/laravel/framework/src/Illuminate/Pipeline/Pipeline.php(219): App\Http\Middleware\PublicHomeAssetStatsPresentation->handle()
#7 /home/runner/work/unifco_platform/unifco_platform/app/Http/Middleware/PublicHomeFinalCopyPresentation.php(13): Illuminate\Pipeline\Pipeline->{closure:{closure:Illuminate\Pipeline\Pipeline::carry():194}:195}()
#8 /home/runner/work/unifco_platform/unifco_platform/vendor/laravel/framework/src/Illuminate/Pipeline/Pipeline.php(219): App\Http\Middleware\PublicHomeFinalCopyPresentation->handle()
#9 /home/runner/work/unifco_platform/unifco_platform/app/Http/Middleware/PublicHomeFinalCompactPresentation.php(13): Illuminate\Pipeline\Pipeline->{closure:{closure:Illuminate\Pipeline\Pipeline::carry():194}:195}()
#10 /home/runner/work/unifco_platform/unifco_platform/vendor/laravel/framework/src/Illuminate/Pipeline/Pipeline.php(219): App\Http\Middleware\PublicHomeFinalCompactPresentation->handle()
#11 /home/runner/work/unifco_platform/unifco_platform/app/Http/Middleware/PublicHomeRenderCompatibility.php(66): Illuminate\Pipeline\Pipeline->{closure:{closure:Illuminate\Pipeline\Pipeline::carry():194}:195}()
#12 /home/runner/work/unifco_platform/unifco_platform/vendor/laravel/framework/src/Illuminate/Pipeline/Pipeline.php(219): App\Http\Middleware\PublicHomeRenderCompatibility->handle()
#13 /home/runner/work/unifco_platform/unifco_platform/app/Http/Middleware/CustomerPortalMobileLogoutPresentation.php(13): Illuminate\Pipeline\Pipeline->{closure:{closure:Illuminate\Pipeline\Pipeline::carry():194}:195}()
#14 /home/runner/work/unifco_platform/unifco_platform/vendor/laravel/framework/src/Illuminate/Pipeline/Pipeline.php(219): App\Http\Middleware\CustomerPortalMobileLogoutPresentation->handle()
#15 /home/runner/work/unifco_platform/unifco_platform/app/Http/Middleware/CustomerPortalDashboardPresentation.php(16): Illuminate\Pipeline\Pipeline->{closure:{closure:Illuminate\Pipeline\Pipeline::carry():194}:195}()
#16 /home/runner/work/unifco_platform/unifco_platform/vendor/laravel/framework/src/Illuminate/Pipeline/Pipeline.php(219): App\Http\Middleware\CustomerPortalDashboardPresentation->handle()
#17 /home/runner/work/unifco_platform/unifco_platform/app/Http/Middleware/LegacyFormCompatibility.php(21): Illuminate\Pipeline\Pipeline->{closure:{closure:Illuminate\Pipeline\Pipeline::carry():194}:195}()
#18 /home/runner/work/unifco_platform/unifco_platform/vendor/laravel/framework/src/Illuminate/Pipeline/Pipeline.php(219): App\Http\Middleware\LegacyFormCompatibility->handle()
#19 /home/runner/work/unifco_platform/unifco_platform/app/Http/Middleware/WorkflowRoleNavigationPresentation.php(17): Illuminate\Pipeline\Pipeline->{closure:{closure:Illuminate\Pipeline\Pipeline::carry():194}:195}()
#20 /home/runner/work/unifco_platform/unifco_platform/vendor/laravel/framework/src/Illuminate/Pipeline/Pipeline.php(219): App\Http\Middleware\WorkflowRoleNavigationPresentation->handle()
#21 /home/runner/work/unifco_platform/unifco_platform/app/Http/Middleware/WorkflowRoleHomeRedirect.php(21): Illuminate\Pipeline\Pipeline->{closure:{closure:Illuminate\Pipeline\Pipeline::carry():194}:195}()
#22 /home/runner/work/unifco_platform/unifco_platform/vendor/laravel/framework/src/Illuminate/Pipeline/Pipeline.php(219): App\Http\Middleware\WorkflowRoleHomeRedirect->handle()
#23 /home/runner/work/unifco_platform/unifco_platform/app/Http/Middleware/PublicEmergencyBannerCompactPresentation.php(13): Illuminate\Pipeline\Pipeline->{closure:{closure:Illuminate\Pipeline\Pipeline::carry():194}:195}()
#24 /home/runner/work/unifco_platform/unifco_platform/vendor/laravel/framework/src/Illuminate/Pipeline/Pipeline.php(219): App\Http\Middleware\PublicEmergencyBannerCompactPresentation->handle()
#25 /home/runner/work/unifco_platform/unifco_platform/app/Http/Middleware/PublicRequestBottomTicketPresentation.php(13): Illuminate\Pipeline\Pipeline->{closure:{closure:Illuminate\Pipeline\Pipeline::carry():194}:195}()
#26 /home/runner/work/unifco_platform/unifco_platform/vendor/laravel/framework/src/Illuminate/Pipeline/Pipeline.php(219): App\Http\Middleware\PublicRequestBottomTicketPresentation->handle()
#27 /home/runner/work/unifco_platform/unifco_platform/app/Http/Middleware/PublicHomeServicesKickerPresentation.php(13): Illuminate\Pipeline\Pipeline->{closure:{closure:Illuminate\Pipeline\Pipeline::carry():194}:195}()
#28 /home/runner/work/unifco_platform/unifco_platform/vendor/laravel/framework/src/Illuminate/Pipeline/Pipeline.php(219): App\Http\Middleware\PublicHomeServicesKickerPresentation->handle()
#29 /home/runner/work/unifco_platform/unifco_platform/app/Http/Middleware/PublicHomeContactDetailsPresentation.php(13): Illuminate\Pipeline\Pipeline->{closure:{closure:Illuminate\Pipeline\Pipeline::carry():194}:195}()
#30 /home/runner/work/unifco_platform/unifco_platform/vendor/laravel/framework/src/Illuminate/Pipeline/Pipeline.php(219): App\Http\Middleware\PublicHomeContactDetailsPresentation->handle()
#31 /home/runner/work/unifco_platform/unifco_platform/app/Http/Middleware/CmsArabicSourcePresentationV2.php(13): Illuminate\Pipeline\Pipeline->{closure:{closure:Illuminate\Pipeline\Pipeline::carry():194}:195}()
#32 /home/runner/work/unifco_platform/unifco_platform/vendor/laravel/framework/src/Illuminate/Pipeline/Pipeline.php(219): App\Http\Middleware\CmsArabicSourcePresentationV2->handle()
#33 /home/runner/work/unifco_platform/unifco_platform/app/Http/Middleware/CmsDisplayModePresentation.php(14): Illuminate\Pipeline\Pipeline->{closure:{closure:Illuminate\Pipeline\Pipeline::carry():194}:195}()
#34 /home/runner/work/unifco_platform/unifco_platform/vendor/laravel/framework/src/Illuminate/Pipeline/Pipeline.php(219): App\Http\Middleware\CmsDisplayModePresentation->handle()
#35 /home/runner/work/unifco_platform/unifco_platform/app/Http/Middleware/AdminHomepageCmsPresentation.php(13): Illuminate\Pipeline\Pipeline->{closure:{closure:Illuminate\Pipeline\Pipeline::carry():194}:195}()
#36 /home/runner/work/unifco_platform/unifco_platform/vendor/laravel/framework/src/Illuminate/Pipeline/Pipeline.php(219): App\Http\Middleware\AdminHomepageCmsPresentation->handle()
#37 /home/runner/work/unifco_platform/unifco_platform/app/Http/Middleware/AdminHomepageCmsIsolationPresentation.php(14): Illuminate\Pipeline\Pipeline->{closure:{closure:Illuminate\Pipeline\Pipeline::carry():194}:195}()
#38 /home/runner/work/unifco_platform/unifco_platform/vendor/laravel/framework/src/Illuminate/Pipeline/Pipeline.php(219): App\Http\Middleware\AdminHomepageCmsIsolationPresentation->handle()
#39 /home/runner/work/unifco_platform/unifco_platform/app/Http/Middleware/AdminAboutCmsWorkspacePresentation.php(13): Illuminate\Pipeline\Pipeline->{closure:{closure:Illuminate\Pipeline\Pipeline::carry():194}:195}()
#40 /home/runner/work/unifco_platform/unifco_platform/vendor/laravel/framework/src/Illuminate/Pipeline/Pipeline.php(219): App\Http\Middleware\AdminAboutCmsWorkspacePresentation->handle()
#41 /home/runner/work/unifco_platform/unifco_platform/app/Http/Middleware/PublicHomeAboutLinkPresentation.php(13): Illuminate\Pipeline\Pipeline->{closure:{closure:Illuminate\Pipeline\Pipeline::carry():194}:195}()
#42 /home/runner/work/unifco_platform/unifco_platform/vendor/laravel/framework/src/Illuminate/Pipeline/Pipeline.php(219): App\Http\Middleware\PublicHomeAboutLinkPresentation->handle()
#43 /home/runner/work/unifco_platform/unifco_platform/app/Http/Middleware/EnsureUserSessionValid.php(29): Illuminate\Pipeline\Pipeline->{closure:{closure:Illuminate\Pipeline\Pipeline::carry():194}:195}()
#44 /home/runner/work/unifco_platform/unifco_platform/vendor/laravel/framework/src/Illuminate/Pipeline/Pipeline.php(219): App\Http\Middleware\EnsureUserSessionValid->handle()
#45 /home/runner/work/unifco_platform/unifco_platform/app/Http/Middleware/PublicRequestLegacyChromeCleanup.php(14): Illuminate\Pipeline\Pipeline->{closure:{closure:Illuminate\Pipeline\Pipeline::carry():194}:195}()
#46 /home/runner/work/unifco_platform/unifco_platform/vendor/laravel/framework/src/Illuminate/Pipeline/Pipeline.php(219): App\Http\Middleware\PublicRequestLegacyChromeCleanup->handle()
#47 /home/runner/work/unifco_platform/unifco_platform/app/Http/Middleware/PublicFinalUnifiedAttachmentsPresentation.php(54): Illuminate\Pipeline\Pipeline->{closure:{closure:Illuminate\Pipeline\Pipeline::carry():194}:195}()
#48 /home/runner/work/unifco_platform/unifco_platform/vendor/laravel/framework/src/Illuminate/Pipeline/Pipeline.php(219): App\Http\Middleware\PublicFinalUnifiedAttachmentsPresentation->handle()
#49 /home/runner/work/unifco_platform/unifco_platform/app/Http/Middleware/PublicUnifiedTicketSubmissionPresentation.php(13): Illuminate\Pipeline\Pipeline->{closure:{closure:Illuminate\Pipeline\Pipeline::carry():194}:195}()
#50 /home/runner/work/unifco_platform/unifco_platform/vendor/laravel/framework/src/Illuminate/Pipeline/Pipeline.php(219): App\Http\Middleware\PublicUnifiedTicketSubmissionPresentation->handle()
#51 /home/runner/work/unifco_platform/unifco_platform/app/Http/Middleware/PublicRequestTicketSystemCompatibility.php(75): Illuminate\Pipeline\Pipeline->{closure:{closure:Illuminate\Pipeline\Pipeline::carry():194}:195}()
#52 /home/runner/work/unifco_platform/unifco_platform/vendor/laravel/framework/src/Illuminate/Pipeline/Pipeline.php(219): App\Http\Middleware\PublicRequestTicketSystemCompatibility->handle()
#53 /home/runner/work/unifco_platform/unifco_platform/app/Http/Middleware/PublicHomeEmergencyShortcutPresentation.php(13): Illuminate\Pipeline\Pipeline->{closure:{closure:Illuminate\Pipeline\Pipeline::carry():194}:195}()
#54 /home/runner/work/unifco_platform/unifco_platform/vendor/laravel/framework/src/Illuminate/Pipeline/Pipeline.php(219): App\Http\Middleware\PublicHomeEmergencyShortcutPresentation->handle()
#55 /home/runner/work/unifco_platform/unifco_platform/app/Http/Middleware/PublicCurrentSparePartsAssetPresentation.php(13): Illuminate\Pipeline\Pipeline->{closure:{closure:Illuminate\Pipeline\Pipeline::carry():194}:195}()
#56 /home/runner/work/unifco_platform/unifco_platform/vendor/laravel/framework/src/Illuminate/Pipeline/Pipeline.php(219): App\Http\Middleware\PublicCurrentSparePartsAssetPresentation->handle()
#57 /home/runner/work/unifco_platform/unifco_platform/app/Http/Middleware/PublicCurrentSparePartsQuoteFinalPresentation.php(13): Illuminate\Pipeline\Pipeline->{closure:{closure:Illuminate\Pipeline\Pipeline::carry():194}:195}()
#58 /home/runner/work/unifco_platform/unifco_platform/vendor/laravel/framework/src/Illuminate/Pipeline/Pipeline.php(219): App\Http\Middleware\PublicCurrentSparePartsQuoteFinalPresentation->handle()
#59 /home/runner/work/unifco_platform/unifco_platform/app/Http/Middleware/PublicHtmlResponseContentTypeGuard.php(13): Illuminate\Pipeline\Pipeline->{closure:{closure:Illuminate\Pipeline\Pipeline::carry():194}:195}()
#60 /home/runner/work/unifco_platform/unifco_platform/vendor/laravel/framework/src/Illuminate/Pipeline/Pipeline.php(219): App\Http\Middleware\PublicHtmlResponseContentTypeGuard->handle()
#61 /home/runner/work/unifco_platform/unifco_platform/vendor/laravel/framework/src/Illuminate/Routing/Middleware/SubstituteBindings.php(52): Illuminate\Pipeline\Pipeline->{closure:{closure:Illuminate\Pipeline\Pipeline::carry():194}:195}()
#62 /home/runner/work/unifco_platform/unifco_platform/vendor/laravel/framework/src/Illuminate/Pipeline/Pipeline.php(219): Illuminate\Routing\Middleware\SubstituteBindings->handle()
#63 /home/runner/work/unifco_platform/unifco_platform/vendor/laravel/framework/src/Illuminate/Foundation/Http/Middleware/PreventRequestForgery.php(104): Illuminate\Pipeline\Pipeline->{closure:{closure:Illuminate\Pipeline\Pipeline::carry():194}:195}()
#64 /home/runner/work/unifco_platform/unifco_platform/vendor/laravel/framework/src/Illuminate/Pipeline/Pipeline.php(219): Illuminate\Foundation\Http\Middleware\PreventRequestForgery->handle()
#65 /home/runner/work/unifco_platform/unifco_platform/vendor/laravel/framework/src/Illuminate/View/Middleware/ShareErrorsFromSession.php(48): Illuminate\Pipeline\Pipeline->{closure:{closure:Illuminate\Pipeline\Pipeline::carry():194}:195}()
#66 /home/runner/work/unifco_platform/unifco_platform/vendor/laravel/framework/src/Illuminate/Pipeline/Pipeline.php(219): Illuminate\View\Middleware\ShareErrorsFromSession->handle()
#67 /home/runner/work/unifco_platform/unifco_platform/vendor/laravel/framework/src/Illuminate/Session/Middleware/StartSession.php(120): Illuminate\Pipeline\Pipeline->{closure:{closure:Illuminate\Pipeline\Pipeline::carry():194}:195}()
#68 /home/runner/work/unifco_platform/unifco_platform/vendor/laravel/framework/src/Illuminate/Session/Middleware/StartSession.php(63): Illuminate\Session\Middleware\StartSession->handleStatefulRequest()
#69 /home/runner/work/unifco_platform/unifco_platform/vendor/laravel/framework/src/Illuminate/Pipeline/Pipeline.php(219): Illuminate\Session\Middleware\StartSession->handle()
#70 /home/runner/work/unifco_platform/unifco_platform/vendor/laravel/framework/src/Illuminate/Cookie/Middleware/AddQueuedCookiesToResponse.php(36): Illuminate\Pipeline\Pipeline->{closure:{closure:Illuminate\Pipeline\Pipeline::carry():194}:195}()
#71 /home/runner/work/unifco_platform/unifco_platform/vendor/laravel/framework/src/Illuminate/Pipeline/Pipeline.php(219): Illuminate\Cookie\Middleware\AddQueuedCookiesToResponse->handle()
#72 /home/runner/work/unifco_platform/unifco_platform/vendor/laravel/framework/src/Illuminate/Cookie/Middleware/EncryptCookies.php(74): Illuminate\Pipeline\Pipeline->{closure:{closure:Illuminate\Pipeline\Pipeline::carry():194}:195}()
#73 /home/runner/work/unifco_platform/unifco_platform/vendor/laravel/framework/src/Illuminate/Pipeline/Pipeline.php(219): Illuminate\Cookie\Middleware\EncryptCookies->handle()
#74 /home/runner/work/unifco_platform/unifco_platform/vendor/laravel/framework/src/Illuminate/Pipeline/Pipeline.php(137): Illuminate\Pipeline\Pipeline->{closure:{closure:Illuminate\Pipeline\Pipeline::carry():194}:195}()
#75 /home/runner/work/unifco_platform/unifco_platform/vendor/laravel/framework/src/Illuminate/Routing/Router.php(821): Illuminate\Pipeline\Pipeline->then()
#76 /home/runner/work/unifco_platform/unifco_platform/vendor/laravel/framework/src/Illuminate/Routing/Router.php(800): Illuminate\Routing\Router->runRouteWithinStack()
#77 /home/runner/work/unifco_platform/unifco_platform/vendor/laravel/framework/src/Illuminate/Routing/Router.php(764): Illuminate\Routing\Router->runRoute()
#78 /home/runner/work/unifco_platform/unifco_platform/vendor/laravel/framework/src/Illuminate/Routing/Router.php(753): Illuminate\Routing\Router->dispatchToRoute()
#79 /home/runner/work/unifco_platform/unifco_platform/vendor/laravel/framework/src/Illuminate/Foundation/Http/Kernel.php(200): Illuminate\Routing\Router->dispatch()
#80 /home/runner/work/unifco_platform/unifco_platform/vendor/laravel/framework/src/Illuminate/Pipeline/Pipeline.php(180): Illuminate\Foundation\Http\Kernel->{closure:Illuminate\Foundation\Http\Kernel::dispatchToRouter():197}()
#81 /home/runner/work/unifco_platform/unifco_platform/vendor/laravel/framework/src/Illuminate/Foundation/Http/Middleware/TransformsRequest.php(21): Illuminate\Pipeline\Pipeline->{closure:Illuminate\Pipeline\Pipeline::prepareDestination():178}()
#82 /home/runner/work/unifco_platform/unifco_platform/vendor/laravel/framework/src/Illuminate/Foundation/Http/Middleware/ConvertEmptyStringsToNull.php(31): Illuminate\Foundation\Http\Middleware\TransformsRequest->handle()
#83 /home/runner/work/unifco_platform/unifco_platform/vendor/laravel/framework/src/Illuminate/Pipeline/Pipeline.php(219): Illuminate\Foundation\Http\Middleware\ConvertEmptyStringsToNull->handle()
#84 /home/runner/work/unifco_platform/unifco_platform/vendor/laravel/framework/src/Illuminate/Foundation/Http/Middleware/TransformsRequest.php(21): Illuminate\Pipeline\Pipeline->{closure:{closure:Illuminate\Pipeline\Pipeline::carry():194}:195}()
#85 /home/runner/work/unifco_platform/unifco_platform/vendor/laravel/framework/src/Illuminate/Foundation/Http/Middleware/TrimStrings.php(51): Illuminate\Foundation\Http\Middleware\TransformsRequest->handle()
#86 /home/runner/work/unifco_platform/unifco_platform/vendor/laravel/framework/src/Illuminate/Pipeline/Pipeline.php(219): Illuminate\Foundation\Http\Middleware\TrimStrings->handle()
#87 /home/runner/work/unifco_platform/unifco_platform/vendor/laravel/framework/src/Illuminate/Http/Middleware/ValidatePostSize.php(27): Illuminate\Pipeline\Pipeline->{closure:{closure:Illuminate\Pipeline\Pipeline::carry():194}:195}()
#88 /home/runner/work/unifco_platform/unifco_platform/vendor/laravel/framework/src/Illuminate/Pipeline/Pipeline.php(219): Illuminate\Http\Middleware\ValidatePostSize->handle()
#89 /home/runner/work/unifco_platform/unifco_platform/vendor/laravel/framework/src/Illuminate/Foundation/Http/Middleware/PreventRequestsDuringMaintenance.php(110): Illuminate\Pipeline\Pipeline->{closure:{closure:Illuminate\Pipeline\Pipeline::carry():194}:195}()
#90 /home/runner/work/unifco_platform/unifco_platform/vendor/laravel/framework/src/Illuminate/Pipeline/Pipeline.php(219): Illuminate\Foundation\Http\Middleware\PreventRequestsDuringMaintenance->handle()
#91 /home/runner/work/unifco_platform/unifco_platform/vendor/laravel/framework/src/Illuminate/Http/Middleware/HandleCors.php(61): Illuminate\Pipeline\Pipeline->{closure:{closure:Illuminate\Pipeline\Pipeline::carry():194}:195}()
#92 /home/runner/work/unifco_platform/unifco_platform/vendor/laravel/framework/src/Illuminate/Pipeline/Pipeline.php(219): Illuminate\Http\Middleware\HandleCors->handle()
#93 /home/runner/work/unifco_platform/unifco_platform/vendor/laravel/framework/src/Illuminate/Http/Middleware/TrustProxies.php(58): Illuminate\Pipeline\Pipeline->{closure:{closure:Illuminate\Pipeline\Pipeline::carry():194}:195}()
#94 /home/runner/work/unifco_platform/unifco_platform/vendor/laravel/framework/src/Illuminate/Pipeline/Pipeline.php(219): Illuminate\Http\Middleware\TrustProxies->handle()
#95 /home/runner/work/unifco_platform/unifco_platform/vendor/laravel/framework/src/Illuminate/Foundation/Http/Middleware/InvokeDeferredCallbacks.php(22): Illuminate\Pipeline\Pipeline->{closure:{closure:Illuminate\Pipeline\Pipeline::carry():194}:195}()
#96 /home/runner/work/unifco_platform/unifco_platform/vendor/laravel/framework/src/Illuminate/Pipeline/Pipeline.php(219): Illuminate\Foundation\Http\Middleware\InvokeDeferredCallbacks->handle()
#97 /home/runner/work/unifco_platform/unifco_platform/vendor/laravel/framework/src/Illuminate/Http/Middleware/ValidatePathEncoding.php(28): Illuminate\Pipeline\Pipeline->{closure:{closure:Illuminate\Pipeline\Pipeline::carry():194}:195}()
#98 /home/runner/work/unifco_platform/unifco_platform/vendor/laravel/framework/src/Illuminate/Pipeline/Pipeline.php(219): Illuminate\Http\Middleware\ValidatePathEncoding->handle()
#99 /home/runner/work/unifco_platform/unifco_platform/vendor/laravel/framework/src/Illuminate/Pipeline/Pipeline.php(137): Illuminate\Pipeline\Pipeline->{closure:{closure:Illuminate\Pipeline\Pipeline::carry():194}:195}()
#100 /home/runner/work/unifco_platform/unifco_platform/vendor/laravel/framework/src/Illuminate/Foundation/Http/Kernel.php(175): Illuminate\Pipeline\Pipeline->then()
#101 /home/runner/work/unifco_platform/unifco_platform/vendor/laravel/framework/src/Illuminate/Foundation/Http/Kernel.php(144): Illuminate\Foundation\Http\Kernel->sendRequestThroughRouter()
#102 /home/runner/work/unifco_platform/unifco_platform/vendor/laravel/framework/src/Illuminate/Foundation/Testing/Concerns/MakesHttpRequests.php(638): Illuminate\Foundation\Http\Kernel->handle()
#103 /home/runner/work/unifco_platform/unifco_platform/vendor/laravel/framework/src/Illuminate/Foundation/Testing/Concerns/MakesHttpRequests.php(368): Illuminate\Foundation\Testing\TestCase->call()
#104 /home/runner/work/unifco_platform/unifco_platform/tests/Feature/PublicServiceDetailsTest.php(40): Illuminate\Foundation\Testing\TestCase->get()
#105 /home/runner/work/unifco_platform/unifco_platform/vendor/phpunit/phpunit/src/Framework/TestCase.php(1318): Tests\Feature\PublicServiceDetailsTest->test_home_service_cards_link_to_detail_pages_in_both_languages()
#106 /home/runner/work/unifco_platform/unifco_platform/vendor/phpunit/phpunit/src/Framework/TestCase.php(1355): PHPUnit\Framework\TestCase->invokeTestMethod()
#107 /home/runner/work/unifco_platform/unifco_platform/vendor/phpunit/phpunit/src/Framework/TestCase.php(521): PHPUnit\Framework\TestCase->runTest()
#108 /home/runner/work/unifco_platform/unifco_platform/vendor/phpunit/phpunit/src/Framework/TestRunner/TestRunner.php(99): PHPUnit\Framework\TestCase->runBare()
#109 /home/runner/work/unifco_platform/unifco_platform/vendor/phpunit/phpunit/src/Framework/TestCase.php(361): PHPUnit\Framework\TestRunner->run()
#110 /home/runner/work/unifco_platform/unifco_platform/vendor/phpunit/phpunit/src/Framework/TestSuite.php(374): PHPUnit\Framework\TestCase->run()
#111 /home/runner/work/unifco_platform/unifco_platform/vendor/phpunit/phpunit/src/Framework/TestSuite.php(374): PHPUnit\Framework\TestSuite->run()
#112 /home/runner/work/unifco_platform/unifco_platform/vendor/phpunit/phpunit/src/TextUI/TestRunner.php(64): PHPUnit\Framework\TestSuite->run()
#113 /home/runner/work/unifco_platform/unifco_platform/vendor/phpunit/phpunit/src/TextUI/Application.php(229): PHPUnit\TextUI\TestRunner->run()
#114 /home/runner/work/unifco_platform/unifco_platform/vendor/phpunit/phpunit/phpunit(104): PHPUnit\TextUI\Application->run()
#115 {main}

----------------------------------------------------------------------------------

Route [public.request-service] not defined.[39;22m

  at [32mtests/Feature/PublicServiceDetailsTest.php[39m:[32m40[39m
     36▕     }
     37▕ 
     38▕     public function test_home_service_cards_link_to_detail_pages_in_both_languages(): void
     39▕     {
  ➜  40▕         $this->get('/?lang=en')->assertOk()
     41▕             ->assertSee('/services/transformer-maintenance?lang=en', false)
     42▕             ->assertSee('/services/ups-systems?lang=en', false)
     43▕             ->assertSee('/services/facility-management?lang=en', false);
     44▕


  [90mTests:[39m    [31;1m4 failed[39;22m[90m,[39m[39m [39m[32;1m16 passed[39;22m[90m (108 assertions)[39m
  [90mDuration:[39m [39m39.32s[39m

