#13 /home/runner/work/unifco_platform/unifco_platform/vendor/laravel/framework/src/Illuminate/Routing/Middleware/SubstituteBindings.php(52): Illuminate\Pipeline\Pipeline->{closure:{closure:Illuminate\Pipeline\Pipeline::carry():194}:195}()
#14 /home/runner/work/unifco_platform/unifco_platform/vendor/laravel/framework/src/Illuminate/Pipeline/Pipeline.php(219): Illuminate\Routing\Middleware\SubstituteBindings->handle()
#15 /home/runner/work/unifco_platform/unifco_platform/vendor/laravel/framework/src/Illuminate/Auth/Middleware/Authenticate.php(63): Illuminate\Pipeline\Pipeline->{closure:{closure:Illuminate\Pipeline\Pipeline::carry():194}:195}()
#16 /home/runner/work/unifco_platform/unifco_platform/vendor/laravel/framework/src/Illuminate/Pipeline/Pipeline.php(219): Illuminate\Auth\Middleware\Authenticate->handle()
#17 /home/runner/work/unifco_platform/unifco_platform/vendor/laravel/framework/src/Illuminate/Foundation/Http/Middleware/PreventRequestForgery.php(104): Illuminate\Pipeline\Pipeline->{closure:{closure:Illuminate\Pipeline\Pipeline::carry():194}:195}()
#18 /home/runner/work/unifco_platform/unifco_platform/vendor/laravel/framework/src/Illuminate/Pipeline/Pipeline.php(219): Illuminate\Foundation\Http\Middleware\PreventRequestForgery->handle()
#19 /home/runner/work/unifco_platform/unifco_platform/vendor/laravel/framework/src/Illuminate/View/Middleware/ShareErrorsFromSession.php(48): Illuminate\Pipeline\Pipeline->{closure:{closure:Illuminate\Pipeline\Pipeline::carry():194}:195}()
#20 /home/runner/work/unifco_platform/unifco_platform/vendor/laravel/framework/src/Illuminate/Pipeline/Pipeline.php(219): Illuminate\View\Middleware\ShareErrorsFromSession->handle()
#21 /home/runner/work/unifco_platform/unifco_platform/vendor/laravel/framework/src/Illuminate/Session/Middleware/StartSession.php(120): Illuminate\Pipeline\Pipeline->{closure:{closure:Illuminate\Pipeline\Pipeline::carry():194}:195}()
#22 /home/runner/work/unifco_platform/unifco_platform/vendor/laravel/framework/src/Illuminate/Session/Middleware/StartSession.php(63): Illuminate\Session\Middleware\StartSession->handleStatefulRequest()
#23 /home/runner/work/unifco_platform/unifco_platform/vendor/laravel/framework/src/Illuminate/Pipeline/Pipeline.php(219): Illuminate\Session\Middleware\StartSession->handle()
#24 /home/runner/work/unifco_platform/unifco_platform/vendor/laravel/framework/src/Illuminate/Cookie/Middleware/AddQueuedCookiesToResponse.php(36): Illuminate\Pipeline\Pipeline->{closure:{closure:Illuminate\Pipeline\Pipeline::carry():194}:195}()
#25 /home/runner/work/unifco_platform/unifco_platform/vendor/laravel/framework/src/Illuminate/Pipeline/Pipeline.php(219): Illuminate\Cookie\Middleware\AddQueuedCookiesToResponse->handle()
#26 /home/runner/work/unifco_platform/unifco_platform/vendor/laravel/framework/src/Illuminate/Cookie/Middleware/EncryptCookies.php(74): Illuminate\Pipeline\Pipeline->{closure:{closure:Illuminate\Pipeline\Pipeline::carry():194}:195}()
#27 /home/runner/work/unifco_platform/unifco_platform/vendor/laravel/framework/src/Illuminate/Pipeline/Pipeline.php(219): Illuminate\Cookie\Middleware\EncryptCookies->handle()
#28 /home/runner/work/unifco_platform/unifco_platform/vendor/laravel/framework/src/Illuminate/Pipeline/Pipeline.php(137): Illuminate\Pipeline\Pipeline->{closure:{closure:Illuminate\Pipeline\Pipeline::carry():194}:195}()
#29 /home/runner/work/unifco_platform/unifco_platform/vendor/laravel/framework/src/Illuminate/Routing/Router.php(821): Illuminate\Pipeline\Pipeline->then()
#30 /home/runner/work/unifco_platform/unifco_platform/vendor/laravel/framework/src/Illuminate/Routing/Router.php(800): Illuminate\Routing\Router->runRouteWithinStack()
#31 /home/runner/work/unifco_platform/unifco_platform/vendor/laravel/framework/src/Illuminate/Routing/Router.php(764): Illuminate\Routing\Router->runRoute()
#32 /home/runner/work/unifco_platform/unifco_platform/vendor/laravel/framework/src/Illuminate/Routing/Router.php(753): Illuminate\Routing\Router->dispatchToRoute()
#33 /home/runner/work/unifco_platform/unifco_platform/vendor/laravel/framework/src/Illuminate/Foundation/Http/Kernel.php(200): Illuminate\Routing\Router->dispatch()
#34 /home/runner/work/unifco_platform/unifco_platform/vendor/laravel/framework/src/Illuminate/Pipeline/Pipeline.php(180): Illuminate\Foundation\Http\Kernel->{closure:Illuminate\Foundation\Http\Kernel::dispatchToRouter():197}()
#35 /home/runner/work/unifco_platform/unifco_platform/vendor/laravel/framework/src/Illuminate/Foundation/Http/Middleware/TransformsRequest.php(21): Illuminate\Pipeline\Pipeline->{closure:Illuminate\Pipeline\Pipeline::prepareDestination():178}()
#36 /home/runner/work/unifco_platform/unifco_platform/vendor/laravel/framework/src/Illuminate/Foundation/Http/Middleware/ConvertEmptyStringsToNull.php(31): Illuminate\Foundation\Http\Middleware\TransformsRequest->handle()
#37 /home/runner/work/unifco_platform/unifco_platform/vendor/laravel/framework/src/Illuminate/Pipeline/Pipeline.php(219): Illuminate\Foundation\Http\Middleware\ConvertEmptyStringsToNull->handle()
#38 /home/runner/work/unifco_platform/unifco_platform/vendor/laravel/framework/src/Illuminate/Foundation/Http/Middleware/TransformsRequest.php(21): Illuminate\Pipeline\Pipeline->{closure:{closure:Illuminate\Pipeline\Pipeline::carry():194}:195}()
#39 /home/runner/work/unifco_platform/unifco_platform/vendor/laravel/framework/src/Illuminate/Foundation/Http/Middleware/TrimStrings.php(51): Illuminate\Foundation\Http\Middleware\TransformsRequest->handle()
#40 /home/runner/work/unifco_platform/unifco_platform/vendor/laravel/framework/src/Illuminate/Pipeline/Pipeline.php(219): Illuminate\Foundation\Http\Middleware\TrimStrings->handle()
#41 /home/runner/work/unifco_platform/unifco_platform/vendor/laravel/framework/src/Illuminate/Http/Middleware/ValidatePostSize.php(27): Illuminate\Pipeline\Pipeline->{closure:{closure:Illuminate\Pipeline\Pipeline::carry():194}:195}()
#42 /home/runner/work/unifco_platform/unifco_platform/vendor/laravel/framework/src/Illuminate/Pipeline/Pipeline.php(219): Illuminate\Http\Middleware\ValidatePostSize->handle()
#43 /home/runner/work/unifco_platform/unifco_platform/vendor/laravel/framework/src/Illuminate/Foundation/Http/Middleware/PreventRequestsDuringMaintenance.php(110): Illuminate\Pipeline\Pipeline->{closure:{closure:Illuminate\Pipeline\Pipeline::carry():194}:195}()
#44 /home/runner/work/unifco_platform/unifco_platform/vendor/laravel/framework/src/Illuminate/Pipeline/Pipeline.php(219): Illuminate\Foundation\Http\Middleware\PreventRequestsDuringMaintenance->handle()
#45 /home/runner/work/unifco_platform/unifco_platform/vendor/laravel/framework/src/Illuminate/Http/Middleware/HandleCors.php(61): Illuminate\Pipeline\Pipeline->{closure:{closure:Illuminate\Pipeline\Pipeline::carry():194}:195}()
#46 /home/runner/work/unifco_platform/unifco_platform/vendor/laravel/framework/src/Illuminate/Pipeline/Pipeline.php(219): Illuminate\Http\Middleware\HandleCors->handle()
#47 /home/runner/work/unifco_platform/unifco_platform/vendor/laravel/framework/src/Illuminate/Http/Middleware/TrustProxies.php(58): Illuminate\Pipeline\Pipeline->{closure:{closure:Illuminate\Pipeline\Pipeline::carry():194}:195}()
#48 /home/runner/work/unifco_platform/unifco_platform/vendor/laravel/framework/src/Illuminate/Pipeline/Pipeline.php(219): Illuminate\Http\Middleware\TrustProxies->handle()
#49 /home/runner/work/unifco_platform/unifco_platform/vendor/laravel/framework/src/Illuminate/Foundation/Http/Middleware/InvokeDeferredCallbacks.php(22): Illuminate\Pipeline\Pipeline->{closure:{closure:Illuminate\Pipeline\Pipeline::carry():194}:195}()
#50 /home/runner/work/unifco_platform/unifco_platform/vendor/laravel/framework/src/Illuminate/Pipeline/Pipeline.php(219): Illuminate\Foundation\Http\Middleware\InvokeDeferredCallbacks->handle()
#51 /home/runner/work/unifco_platform/unifco_platform/vendor/laravel/framework/src/Illuminate/Http/Middleware/ValidatePathEncoding.php(28): Illuminate\Pipeline\Pipeline->{closure:{closure:Illuminate\Pipeline\Pipeline::carry():194}:195}()
#52 /home/runner/work/unifco_platform/unifco_platform/vendor/laravel/framework/src/Illuminate/Pipeline/Pipeline.php(219): Illuminate\Http\Middleware\ValidatePathEncoding->handle()
#53 /home/runner/work/unifco_platform/unifco_platform/vendor/laravel/framework/src/Illuminate/Pipeline/Pipeline.php(137): Illuminate\Pipeline\Pipeline->{closure:{closure:Illuminate\Pipeline\Pipeline::carry():194}:195}()
#54 /home/runner/work/unifco_platform/unifco_platform/vendor/laravel/framework/src/Illuminate/Foundation/Http/Kernel.php(175): Illuminate\Pipeline\Pipeline->then()
#55 /home/runner/work/unifco_platform/unifco_platform/vendor/laravel/framework/src/Illuminate/Foundation/Http/Kernel.php(144): Illuminate\Foundation\Http\Kernel->sendRequestThroughRouter()
#56 /home/runner/work/unifco_platform/unifco_platform/vendor/laravel/framework/src/Illuminate/Foundation/Testing/Concerns/MakesHttpRequests.php(638): Illuminate\Foundation\Http\Kernel->handle()
#57 /home/runner/work/unifco_platform/unifco_platform/vendor/laravel/framework/src/Illuminate/Foundation/Testing/Concerns/MakesHttpRequests.php(368): Illuminate\Foundation\Testing\TestCase->call()
#58 /home/runner/work/unifco_platform/unifco_platform/tests/Feature/WarehouseFieldInventoryTest.php(24): Illuminate\Foundation\Testing\TestCase->get()
#59 /home/runner/work/unifco_platform/unifco_platform/vendor/phpunit/phpunit/src/Framework/TestCase.php(1318): Tests\Feature\WarehouseFieldInventoryTest->test_admin_can_open_spare_parts_control_center()
#60 /home/runner/work/unifco_platform/unifco_platform/vendor/phpunit/phpunit/src/Framework/TestCase.php(1355): PHPUnit\Framework\TestCase->invokeTestMethod()
#61 /home/runner/work/unifco_platform/unifco_platform/vendor/phpunit/phpunit/src/Framework/TestCase.php(521): PHPUnit\Framework\TestCase->runTest()
#62 /home/runner/work/unifco_platform/unifco_platform/vendor/phpunit/phpunit/src/Framework/TestRunner/TestRunner.php(99): PHPUnit\Framework\TestCase->runBare()
#63 /home/runner/work/unifco_platform/unifco_platform/vendor/phpunit/phpunit/src/Framework/TestCase.php(361): PHPUnit\Framework\TestRunner->run()
#64 /home/runner/work/unifco_platform/unifco_platform/vendor/phpunit/phpunit/src/Framework/TestSuite.php(374): PHPUnit\Framework\TestCase->run()
#65 /home/runner/work/unifco_platform/unifco_platform/vendor/phpunit/phpunit/src/Framework/TestSuite.php(374): PHPUnit\Framework\TestSuite->run()
#66 /home/runner/work/unifco_platform/unifco_platform/vendor/phpunit/phpunit/src/TextUI/TestRunner.php(64): PHPUnit\Framework\TestSuite->run()
#67 /home/runner/work/unifco_platform/unifco_platform/vendor/phpunit/phpunit/src/TextUI/Application.php(229): PHPUnit\TextUI\TestRunner->run()
#68 /home/runner/work/unifco_platform/unifco_platform/vendor/phpunit/phpunit/phpunit(104): PHPUnit\TextUI\Application->run()
#69 {main}

----------------------------------------------------------------------------------

syntax error, unexpected token ";" (View: /home/runner/work/unifco_platform/unifco_platform/resources/views/inventory/warehouse/index.blade.php)[39;22m

  at [32mtests/Feature/WarehouseFieldInventoryTest.php[39m:[32m25[39m
     21▕     public function test_admin_can_open_spare_parts_control_center(): void
     22▕     {
     23▕         $admin=$this->admin();
     24▕         $this->actingAs($admin)->get('/inventory/warehouse-control')
  ➜  25▕             ->assertOk()->assertSee('Spare Parts Control Center')->assertSee('INTERNAL UNIFCO ONLY');
     26▕     }
     27▕ 
     28▕     public function test_stock_can_move_from_main_warehouse_to_technician_vehicle_with_issue_and_receipt(): void
     29▕     {

  [31m────────────────────────────────────────────────────────────────────────────[39m  
  [41;1m FAILED [49;22m [1mTests\Feature\WarehouseFieldInventoryTest[22m [90m>[39m stock… [41;1m ErrorException [49;22m  
[39;1m  Attempt to read property "status" on null[39;22m

  at [32mtests/Feature/WarehouseFieldInventoryTest.php[39m:[32m41[39m
     37▕             'from_warehouse_id'=>$main->id,'to_warehouse_id'=>$van->id,'purpose'=>'Van replenishment','item_id'=>[$item->id],'quantity'=>[3],
     38▕         ])->assertSessionHasNoErrors();
     39▕ 
     40▕         $transfer=DB::table('inventory_transfer_orders')->first();
  ➜  41▕         $this->assertSame('REQUESTED',$transfer->status);
     42▕ 
     43▕         $this->actingAs($admin)->post('/inventory/transfers/'.$transfer->id.'/issue')->assertSessionHasNoErrors();
     44▕         $this->assertSame('IN_TRANSIT',DB::table('inventory_transfer_orders')->where('id',$transfer->id)->value('status'));
     45▕         $this->assertEquals(7.0,(float)DB::table('stock_balances')->where(['tenant_id'=>$admin->tenant_id,'item_id'=>$item->id,'warehouse_code'=>'MAIN-WH'])->value('quantity'));

  [31m────────────────────────────────────────────────────────────────────────────[39m  
  [41;1m FAILED [49;22m [1mTests\Feature\WarehouseFieldInventoryTest[22m [90m>[39m bootstrap creates ded…   
[39;1m  Expected response status code [200] but received 500.
Failed asserting that 500 is identical to 200.

The following exception occurred during the last request:

ParseError: syntax error, unexpected token ";" in /home/runner/work/unifco_platform/unifco_platform/storage/framework/views/42ded011192fe36ea48454dca7c42092.php:24
Stack trace:
#0 /home/runner/work/unifco_platform/unifco_platform/vendor/laravel/framework/src/Illuminate/Filesystem/Filesystem.php(124): Illuminate\Filesystem\Filesystem::{closure:Illuminate\Filesystem\Filesystem::getRequire():120}()
#1 /home/runner/work/unifco_platform/unifco_platform/vendor/laravel/framework/src/Illuminate/View/Engines/PhpEngine.php(57): Illuminate\Filesystem\Filesystem->getRequire()
#2 /home/runner/work/unifco_platform/unifco_platform/vendor/laravel/framework/src/Illuminate/View/Engines/CompilerEngine.php(76): Illuminate\View\Engines\PhpEngine->evaluatePath()
#3 /home/runner/work/unifco_platform/unifco_platform/vendor/laravel/framework/src/Illuminate/View/View.php(208): Illuminate\View\Engines\CompilerEngine->get()
#4 /home/runner/work/unifco_platform/unifco_platform/vendor/laravel/framework/src/Illuminate/View/View.php(191): Illuminate\View\View->getContents()
#5 /home/runner/work/unifco_platform/unifco_platform/vendor/laravel/framework/src/Illuminate/View/View.php(160): Illuminate\View\View->renderContents()
#6 /home/runner/work/unifco_platform/unifco_platform/vendor/laravel/framework/src/Illuminate/Http/Response.php(82): Illuminate\View\View->render()
#7 /home/runner/work/unifco_platform/unifco_platform/vendor/laravel/framework/src/Illuminate/Http/Response.php(40): Illuminate\Http\Response->setContent()
#8 /home/runner/work/unifco_platform/unifco_platform/vendor/laravel/framework/src/Illuminate/Routing/Router.php(939): Illuminate\Http\Response->__construct()
#9 /home/runner/work/unifco_platform/unifco_platform/vendor/laravel/framework/src/Illuminate/Routing/Router.php(906): Illuminate\Routing\Router::toResponse()
#10 /home/runner/work/unifco_platform/unifco_platform/vendor/laravel/framework/src/Illuminate/Routing/Router.php(821): Illuminate\Routing\Router->prepareResponse()
#11 /home/runner/work/unifco_platform/unifco_platform/vendor/laravel/framework/src/Illuminate/Pipeline/Pipeline.php(180): Illuminate\Routing\Router->{closure:Illuminate\Routing\Router::runRouteWithinStack():821}()
#12 /home/runner/work/unifco_platform/unifco_platform/app/Http/Middleware/RequirePermission.php(19): Illuminate\Pipeline\Pipeline->{closure:Illuminate\Pipeline\Pipeline::prepareDestination():178}()
#13 /home/runner/work/unifco_platform/unifco_platform/vendor/laravel/framework/src/Illuminate/Pipeline/Pipeline.php(219): App\Http\Middleware\RequirePermission->handle()
#14 /home/runner/work/unifco_platform/unifco_platform/vendor/laravel/framework/src/Illuminate/Routing/Middleware/SubstituteBindings.php(52): Illuminate\Pipeline\Pipeline->{closure:{closure:Illuminate\Pipeline\Pipeline::carry():194}:195}()
#15 /home/runner/work/unifco_platform/unifco_platform/vendor/laravel/framework/src/Illuminate/Pipeline/Pipeline.php(219): Illuminate\Routing\Middleware\SubstituteBindings->handle()
#16 /home/runner/work/unifco_platform/unifco_platform/vendor/laravel/framework/src/Illuminate/Auth/Middleware/Authenticate.php(63): Illuminate\Pipeline\Pipeline->{closure:{closure:Illuminate\Pipeline\Pipeline::carry():194}:195}()
#17 /home/runner/work/unifco_platform/unifco_platform/vendor/laravel/framework/src/Illuminate/Pipeline/Pipeline.php(219): Illuminate\Auth\Middleware\Authenticate->handle()
#18 /home/runner/work/unifco_platform/unifco_platform/vendor/laravel/framework/src/Illuminate/Foundation/Http/Middleware/PreventRequestForgery.php(104): Illuminate\Pipeline\Pipeline->{closure:{closure:Illuminate\Pipeline\Pipeline::carry():194}:195}()
#19 /home/runner/work/unifco_platform/unifco_platform/vendor/laravel/framework/src/Illuminate/Pipeline/Pipeline.php(219): Illuminate\Foundation\Http\Middleware\PreventRequestForgery->handle()
#20 /home/runner/work/unifco_platform/unifco_platform/vendor/laravel/framework/src/Illuminate/View/Middleware/ShareErrorsFromSession.php(48): Illuminate\Pipeline\Pipeline->{closure:{closure:Illuminate\Pipeline\Pipeline::carry():194}:195}()
#21 /home/runner/work/unifco_platform/unifco_platform/vendor/laravel/framework/src/Illuminate/Pipeline/Pipeline.php(219): Illuminate\View\Middleware\ShareErrorsFromSession->handle()
#22 /home/runner/work/unifco_platform/unifco_platform/vendor/laravel/framework/src/Illuminate/Session/Middleware/StartSession.php(120): Illuminate\Pipeline\Pipeline->{closure:{closure:Illuminate\Pipeline\Pipeline::carry():194}:195}()
#23 /home/runner/work/unifco_platform/unifco_platform/vendor/laravel/framework/src/Illuminate/Session/Middleware/StartSession.php(63): Illuminate\Session\Middleware\StartSession->handleStatefulRequest()
#24 /home/runner/work/unifco_platform/unifco_platform/vendor/laravel/framework/src/Illuminate/Pipeline/Pipeline.php(219): Illuminate\Session\Middleware\StartSession->handle()
#25 /home/runner/work/unifco_platform/unifco_platform/vendor/laravel/framework/src/Illuminate/Cookie/Middleware/AddQueuedCookiesToResponse.php(36): Illuminate\Pipeline\Pipeline->{closure:{closure:Illuminate\Pipeline\Pipeline::carry():194}:195}()
#26 /home/runner/work/unifco_platform/unifco_platform/vendor/laravel/framework/src/Illuminate/Pipeline/Pipeline.php(219): Illuminate\Cookie\Middleware\AddQueuedCookiesToResponse->handle()
#27 /home/runner/work/unifco_platform/unifco_platform/vendor/laravel/framework/src/Illuminate/Cookie/Middleware/EncryptCookies.php(74): Illuminate\Pipeline\Pipeline->{closure:{closure:Illuminate\Pipeline\Pipeline::carry():194}:195}()
#28 /home/runner/work/unifco_platform/unifco_platform/vendor/laravel/framework/src/Illuminate/Pipeline/Pipeline.php(219): Illuminate\Cookie\Middleware\EncryptCookies->handle()
#29 /home/runner/work/unifco_platform/unifco_platform/vendor/laravel/framework/src/Illuminate/Pipeline/Pipeline.php(137): Illuminate\Pipeline\Pipeline->{closure:{closure:Illuminate\Pipeline\Pipeline::carry():194}:195}()
#30 /home/runner/work/unifco_platform/unifco_platform/vendor/laravel/framework/src/Illuminate/Routing/Router.php(821): Illuminate\Pipeline\Pipeline->then()
#31 /home/runner/work/unifco_platform/unifco_platform/vendor/laravel/framework/src/Illuminate/Routing/Router.php(800): Illuminate\Routing\Router->runRouteWithinStack()
#32 /home/runner/work/unifco_platform/unifco_platform/vendor/laravel/framework/src/Illuminate/Routing/Router.php(764): Illuminate\Routing\Router->runRoute()
#33 /home/runner/work/unifco_platform/unifco_platform/vendor/laravel/framework/src/Illuminate/Routing/Router.php(753): Illuminate\Routing\Router->dispatchToRoute()
#34 /home/runner/work/unifco_platform/unifco_platform/vendor/laravel/framework/src/Illuminate/Foundation/Http/Kernel.php(200): Illuminate\Routing\Router->dispatch()
#35 /home/runner/work/unifco_platform/unifco_platform/vendor/laravel/framework/src/Illuminate/Pipeline/Pipeline.php(180): Illuminate\Foundation\Http\Kernel->{closure:Illuminate\Foundation\Http\Kernel::dispatchToRouter():197}()
#36 /home/runner/work/unifco_platform/unifco_platform/vendor/laravel/framework/src/Illuminate/Foundation/Http/Middleware/TransformsRequest.php(21): Illuminate\Pipeline\Pipeline->{closure:Illuminate\Pipeline\Pipeline::prepareDestination():178}()
#37 /home/runner/work/unifco_platform/unifco_platform/vendor/laravel/framework/src/Illuminate/Foundation/Http/Middleware/ConvertEmptyStringsToNull.php(31): Illuminate\Foundation\Http\Middleware\TransformsRequest->handle()
#38 /home/runner/work/unifco_platform/unifco_platform/vendor/laravel/framework/src/Illuminate/Pipeline/Pipeline.php(219): Illuminate\Foundation\Http\Middleware\ConvertEmptyStringsToNull->handle()
#39 /home/runner/work/unifco_platform/unifco_platform/vendor/laravel/framework/src/Illuminate/Foundation/Http/Middleware/TransformsRequest.php(21): Illuminate\Pipeline\Pipeline->{closure:{closure:Illuminate\Pipeline\Pipeline::carry():194}:195}()
#40 /home/runner/work/unifco_platform/unifco_platform/vendor/laravel/framework/src/Illuminate/Foundation/Http/Middleware/TrimStrings.php(51): Illuminate\Foundation\Http\Middleware\TransformsRequest->handle()
#41 /home/runner/work/unifco_platform/unifco_platform/vendor/laravel/framework/src/Illuminate/Pipeline/Pipeline.php(219): Illuminate\Foundation\Http\Middleware\TrimStrings->handle()
#42 /home/runner/work/unifco_platform/unifco_platform/vendor/laravel/framework/src/Illuminate/Http/Middleware/ValidatePostSize.php(27): Illuminate\Pipeline\Pipeline->{closure:{closure:Illuminate\Pipeline\Pipeline::carry():194}:195}()
#43 /home/runner/work/unifco_platform/unifco_platform/vendor/laravel/framework/src/Illuminate/Pipeline/Pipeline.php(219): Illuminate\Http\Middleware\ValidatePostSize->handle()
#44 /home/runner/work/unifco_platform/unifco_platform/vendor/laravel/framework/src/Illuminate/Foundation/Http/Middleware/PreventRequestsDuringMaintenance.php(110): Illuminate\Pipeline\Pipeline->{closure:{closure:Illuminate\Pipeline\Pipeline::carry():194}:195}()
#45 /home/runner/work/unifco_platform/unifco_platform/vendor/laravel/framework/src/Illuminate/Pipeline/Pipeline.php(219): Illuminate\Foundation\Http\Middleware\PreventRequestsDuringMaintenance->handle()
#46 /home/runner/work/unifco_platform/unifco_platform/vendor/laravel/framework/src/Illuminate/Http/Middleware/HandleCors.php(61): Illuminate\Pipeline\Pipeline->{closure:{closure:Illuminate\Pipeline\Pipeline::carry():194}:195}()
#47 /home/runner/work/unifco_platform/unifco_platform/vendor/laravel/framework/src/Illuminate/Pipeline/Pipeline.php(219): Illuminate\Http\Middleware\HandleCors->handle()
#48 /home/runner/work/unifco_platform/unifco_platform/vendor/laravel/framework/src/Illuminate/Http/Middleware/TrustProxies.php(58): Illuminate\Pipeline\Pipeline->{closure:{closure:Illuminate\Pipeline\Pipeline::carry():194}:195}()
#49 /home/runner/work/unifco_platform/unifco_platform/vendor/laravel/framework/src/Illuminate/Pipeline/Pipeline.php(219): Illuminate\Http\Middleware\TrustProxies->handle()
#50 /home/runner/work/unifco_platform/unifco_platform/vendor/laravel/framework/src/Illuminate/Foundation/Http/Middleware/InvokeDeferredCallbacks.php(22): Illuminate\Pipeline\Pipeline->{closure:{closure:Illuminate\Pipeline\Pipeline::carry():194}:195}()
#51 /home/runner/work/unifco_platform/unifco_platform/vendor/laravel/framework/src/Illuminate/Pipeline/Pipeline.php(219): Illuminate\Foundation\Http\Middleware\InvokeDeferredCallbacks->handle()
#52 /home/runner/work/unifco_platform/unifco_platform/vendor/laravel/framework/src/Illuminate/Http/Middleware/ValidatePathEncoding.php(28): Illuminate\Pipeline\Pipeline->{closure:{closure:Illuminate\Pipeline\Pipeline::carry():194}:195}()
#53 /home/runner/work/unifco_platform/unifco_platform/vendor/laravel/framework/src/Illuminate/Pipeline/Pipeline.php(219): Illuminate\Http\Middleware\ValidatePathEncoding->handle()
#54 /home/runner/work/unifco_platform/unifco_platform/vendor/laravel/framework/src/Illuminate/Pipeline/Pipeline.php(137): Illuminate\Pipeline\Pipeline->{closure:{closure:Illuminate\Pipeline\Pipeline::carry():194}:195}()
#55 /home/runner/work/unifco_platform/unifco_platform/vendor/laravel/framework/src/Illuminate/Foundation/Http/Kernel.php(175): Illuminate\Pipeline\Pipeline->then()
#56 /home/runner/work/unifco_platform/unifco_platform/vendor/laravel/framework/src/Illuminate/Foundation/Http/Kernel.php(144): Illuminate\Foundation\Http\Kernel->sendRequestThroughRouter()
#57 /home/runner/work/unifco_platform/unifco_platform/vendor/laravel/framework/src/Illuminate/Foundation/Testing/Concerns/MakesHttpRequests.php(638): Illuminate\Foundation\Http\Kernel->handle()
#58 /home/runner/work/unifco_platform/unifco_platform/vendor/laravel/framework/src/Illuminate/Foundation/Testing/Concerns/MakesHttpRequests.php(368): Illuminate\Foundation\Testing\TestCase->call()
#59 /home/runner/work/unifco_platform/unifco_platform/tests/Feature/WarehouseFieldInventoryTest.php(60): Illuminate\Foundation\Testing\TestCase->get()
#60 /home/runner/work/unifco_platform/unifco_platform/vendor/phpunit/phpunit/src/Framework/TestCase.php(1318): Tests\Feature\WarehouseFieldInventoryTest->test_bootstrap_creates_dedicated_storekeeper_and_main_warehouse_access()
#61 /home/runner/work/unifco_platform/unifco_platform/vendor/phpunit/phpunit/src/Framework/TestCase.php(1355): PHPUnit\Framework\TestCase->invokeTestMethod()
#62 /home/runner/work/unifco_platform/unifco_platform/vendor/phpunit/phpunit/src/Framework/TestCase.php(521): PHPUnit\Framework\TestCase->runTest()
#63 /home/runner/work/unifco_platform/unifco_platform/vendor/phpunit/phpunit/src/Framework/TestRunner/TestRunner.php(99): PHPUnit\Framework\TestCase->runBare()
#64 /home/runner/work/unifco_platform/unifco_platform/vendor/phpunit/phpunit/src/Framework/TestCase.php(361): PHPUnit\Framework\TestRunner->run()
#65 /home/runner/work/unifco_platform/unifco_platform/vendor/phpunit/phpunit/src/Framework/TestSuite.php(374): PHPUnit\Framework\TestCase->run()
#66 /home/runner/work/unifco_platform/unifco_platform/vendor/phpunit/phpunit/src/Framework/TestSuite.php(374): PHPUnit\Framework\TestSuite->run()
#67 /home/runner/work/unifco_platform/unifco_platform/vendor/phpunit/phpunit/src/TextUI/TestRunner.php(64): PHPUnit\Framework\TestSuite->run()
#68 /home/runner/work/unifco_platform/unifco_platform/vendor/phpunit/phpunit/src/TextUI/Application.php(229): PHPUnit\TextUI\TestRunner->run()
#69 /home/runner/work/unifco_platform/unifco_platform/vendor/phpunit/phpunit/phpunit(104): PHPUnit\TextUI\Application->run()
#70 {main}

Next Illuminate\View\ViewException: syntax error, unexpected token ";" (View: /home/runner/work/unifco_platform/unifco_platform/resources/views/inventory/warehouse/index.blade.php) in /home/runner/work/unifco_platform/unifco_platform/storage/framework/views/42ded011192fe36ea48454dca7c42092.php:24
Stack trace:
#0 /home/runner/work/unifco_platform/unifco_platform/vendor/laravel/framework/src/Illuminate/View/Engines/PhpEngine.php(59): Illuminate\View\Engines\CompilerEngine->handleViewException()
#1 /home/runner/work/unifco_platform/unifco_platform/vendor/laravel/framework/src/Illuminate/View/Engines/CompilerEngine.php(76): Illuminate\View\Engines\PhpEngine->evaluatePath()
#2 /home/runner/work/unifco_platform/unifco_platform/vendor/laravel/framework/src/Illuminate/View/View.php(208): Illuminate\View\Engines\CompilerEngine->get()
#3 /home/runner/work/unifco_platform/unifco_platform/vendor/laravel/framework/src/Illuminate/View/View.php(191): Illuminate\View\View->getContents()
#4 /home/runner/work/unifco_platform/unifco_platform/vendor/laravel/framework/src/Illuminate/View/View.php(160): Illuminate\View\View->renderContents()
#5 /home/runner/work/unifco_platform/unifco_platform/vendor/laravel/framework/src/Illuminate/Http/Response.php(82): Illuminate\View\View->render()
#6 /home/runner/work/unifco_platform/unifco_platform/vendor/laravel/framework/src/Illuminate/Http/Response.php(40): Illuminate\Http\Response->setContent()
#7 /home/runner/work/unifco_platform/unifco_platform/vendor/laravel/framework/src/Illuminate/Routing/Router.php(939): Illuminate\Http\Response->__construct()
#8 /home/runner/work/unifco_platform/unifco_platform/vendor/laravel/framework/src/Illuminate/Routing/Router.php(906): Illuminate\Routing\Router::toResponse()
#9 /home/runner/work/unifco_platform/unifco_platform/vendor/laravel/framework/src/Illuminate/Routing/Router.php(821): Illuminate\Routing\Router->prepareResponse()
#10 /home/runner/work/unifco_platform/unifco_platform/vendor/laravel/framework/src/Illuminate/Pipeline/Pipeline.php(180): Illuminate\Routing\Router->{closure:Illuminate\Routing\Router::runRouteWithinStack():821}()
#11 /home/runner/work/unifco_platform/unifco_platform/app/Http/Middleware/RequirePermission.php(19): Illuminate\Pipeline\Pipeline->{closure:Illuminate\Pipeline\Pipeline::prepareDestination():178}()
#12 /home/runner/work/unifco_platform/unifco_platform/vendor/laravel/framework/src/Illuminate/Pipeline/Pipeline.php(219): App\Http\Middleware\RequirePermission->handle()
#13 /home/runner/work/unifco_platform/unifco_platform/vendor/laravel/framework/src/Illuminate/Routing/Middleware/SubstituteBindings.php(52): Illuminate\Pipeline\Pipeline->{closure:{closure:Illuminate\Pipeline\Pipeline::carry():194}:195}()
#14 /home/runner/work/unifco_platform/unifco_platform/vendor/laravel/framework/src/Illuminate/Pipeline/Pipeline.php(219): Illuminate\Routing\Middleware\SubstituteBindings->handle()
#15 /home/runner/work/unifco_platform/unifco_platform/vendor/laravel/framework/src/Illuminate/Auth/Middleware/Authenticate.php(63): Illuminate\Pipeline\Pipeline->{closure:{closure:Illuminate\Pipeline\Pipeline::carry():194}:195}()
#16 /home/runner/work/unifco_platform/unifco_platform/vendor/laravel/framework/src/Illuminate/Pipeline/Pipeline.php(219): Illuminate\Auth\Middleware\Authenticate->handle()
#17 /home/runner/work/unifco_platform/unifco_platform/vendor/laravel/framework/src/Illuminate/Foundation/Http/Middleware/PreventRequestForgery.php(104): Illuminate\Pipeline\Pipeline->{closure:{closure:Illuminate\Pipeline\Pipeline::carry():194}:195}()
#18 /home/runner/work/unifco_platform/unifco_platform/vendor/laravel/framework/src/Illuminate/Pipeline/Pipeline.php(219): Illuminate\Foundation\Http\Middleware\PreventRequestForgery->handle()
#19 /home/runner/work/unifco_platform/unifco_platform/vendor/laravel/framework/src/Illuminate/View/Middleware/ShareErrorsFromSession.php(48): Illuminate\Pipeline\Pipeline->{closure:{closure:Illuminate\Pipeline\Pipeline::carry():194}:195}()
#20 /home/runner/work/unifco_platform/unifco_platform/vendor/laravel/framework/src/Illuminate/Pipeline/Pipeline.php(219): Illuminate\View\Middleware\ShareErrorsFromSession->handle()
#21 /home/runner/work/unifco_platform/unifco_platform/vendor/laravel/framework/src/Illuminate/Session/Middleware/StartSession.php(120): Illuminate\Pipeline\Pipeline->{closure:{closure:Illuminate\Pipeline\Pipeline::carry():194}:195}()
#22 /home/runner/work/unifco_platform/unifco_platform/vendor/laravel/framework/src/Illuminate/Session/Middleware/StartSession.php(63): Illuminate\Session\Middleware\StartSession->handleStatefulRequest()
#23 /home/runner/work/unifco_platform/unifco_platform/vendor/laravel/framework/src/Illuminate/Pipeline/Pipeline.php(219): Illuminate\Session\Middleware\StartSession->handle()
#24 /home/runner/work/unifco_platform/unifco_platform/vendor/laravel/framework/src/Illuminate/Cookie/Middleware/AddQueuedCookiesToResponse.php(36): Illuminate\Pipeline\Pipeline->{closure:{closure:Illuminate\Pipeline\Pipeline::carry():194}:195}()
#25 /home/runner/work/unifco_platform/unifco_platform/vendor/laravel/framework/src/Illuminate/Pipeline/Pipeline.php(219): Illuminate\Cookie\Middleware\AddQueuedCookiesToResponse->handle()
#26 /home/runner/work/unifco_platform/unifco_platform/vendor/laravel/framework/src/Illuminate/Cookie/Middleware/EncryptCookies.php(74): Illuminate\Pipeline\Pipeline->{closure:{closure:Illuminate\Pipeline\Pipeline::carry():194}:195}()
#27 /home/runner/work/unifco_platform/unifco_platform/vendor/laravel/framework/src/Illuminate/Pipeline/Pipeline.php(219): Illuminate\Cookie\Middleware\EncryptCookies->handle()
#28 /home/runner/work/unifco_platform/unifco_platform/vendor/laravel/framework/src/Illuminate/Pipeline/Pipeline.php(137): Illuminate\Pipeline\Pipeline->{closure:{closure:Illuminate\Pipeline\Pipeline::carry():194}:195}()
#29 /home/runner/work/unifco_platform/unifco_platform/vendor/laravel/framework/src/Illuminate/Routing/Router.php(821): Illuminate\Pipeline\Pipeline->then()
#30 /home/runner/work/unifco_platform/unifco_platform/vendor/laravel/framework/src/Illuminate/Routing/Router.php(800): Illuminate\Routing\Router->runRouteWithinStack()
#31 /home/runner/work/unifco_platform/unifco_platform/vendor/laravel/framework/src/Illuminate/Routing/Router.php(764): Illuminate\Routing\Router->runRoute()
#32 /home/runner/work/unifco_platform/unifco_platform/vendor/laravel/framework/src/Illuminate/Routing/Router.php(753): Illuminate\Routing\Router->dispatchToRoute()
#33 /home/runner/work/unifco_platform/unifco_platform/vendor/laravel/framework/src/Illuminate/Foundation/Http/Kernel.php(200): Illuminate\Routing\Router->dispatch()
#34 /home/runner/work/unifco_platform/unifco_platform/vendor/laravel/framework/src/Illuminate/Pipeline/Pipeline.php(180): Illuminate\Foundation\Http\Kernel->{closure:Illuminate\Foundation\Http\Kernel::dispatchToRouter():197}()
#35 /home/runner/work/unifco_platform/unifco_platform/vendor/laravel/framework/src/Illuminate/Foundation/Http/Middleware/TransformsRequest.php(21): Illuminate\Pipeline\Pipeline->{closure:Illuminate\Pipeline\Pipeline::prepareDestination():178}()
#36 /home/runner/work/unifco_platform/unifco_platform/vendor/laravel/framework/src/Illuminate/Foundation/Http/Middleware/ConvertEmptyStringsToNull.php(31): Illuminate\Foundation\Http\Middleware\TransformsRequest->handle()
#37 /home/runner/work/unifco_platform/unifco_platform/vendor/laravel/framework/src/Illuminate/Pipeline/Pipeline.php(219): Illuminate\Foundation\Http\Middleware\ConvertEmptyStringsToNull->handle()
#38 /home/runner/work/unifco_platform/unifco_platform/vendor/laravel/framework/src/Illuminate/Foundation/Http/Middleware/TransformsRequest.php(21): Illuminate\Pipeline\Pipeline->{closure:{closure:Illuminate\Pipeline\Pipeline::carry():194}:195}()
#39 /home/runner/work/unifco_platform/unifco_platform/vendor/laravel/framework/src/Illuminate/Foundation/Http/Middleware/TrimStrings.php(51): Illuminate\Foundation\Http\Middleware\TransformsRequest->handle()
#40 /home/runner/work/unifco_platform/unifco_platform/vendor/laravel/framework/src/Illuminate/Pipeline/Pipeline.php(219): Illuminate\Foundation\Http\Middleware\TrimStrings->handle()
#41 /home/runner/work/unifco_platform/unifco_platform/vendor/laravel/framework/src/Illuminate/Http/Middleware/ValidatePostSize.php(27): Illuminate\Pipeline\Pipeline->{closure:{closure:Illuminate\Pipeline\Pipeline::carry():194}:195}()
#42 /home/runner/work/unifco_platform/unifco_platform/vendor/laravel/framework/src/Illuminate/Pipeline/Pipeline.php(219): Illuminate\Http\Middleware\ValidatePostSize->handle()
#43 /home/runner/work/unifco_platform/unifco_platform/vendor/laravel/framework/src/Illuminate/Foundation/Http/Middleware/PreventRequestsDuringMaintenance.php(110): Illuminate\Pipeline\Pipeline->{closure:{closure:Illuminate\Pipeline\Pipeline::carry():194}:195}()
#44 /home/runner/work/unifco_platform/unifco_platform/vendor/laravel/framework/src/Illuminate/Pipeline/Pipeline.php(219): Illuminate\Foundation\Http\Middleware\PreventRequestsDuringMaintenance->handle()
#45 /home/runner/work/unifco_platform/unifco_platform/vendor/laravel/framework/src/Illuminate/Http/Middleware/HandleCors.php(61): Illuminate\Pipeline\Pipeline->{closure:{closure:Illuminate\Pipeline\Pipeline::carry():194}:195}()
#46 /home/runner/work/unifco_platform/unifco_platform/vendor/laravel/framework/src/Illuminate/Pipeline/Pipeline.php(219): Illuminate\Http\Middleware\HandleCors->handle()
#47 /home/runner/work/unifco_platform/unifco_platform/vendor/laravel/framework/src/Illuminate/Http/Middleware/TrustProxies.php(58): Illuminate\Pipeline\Pipeline->{closure:{closure:Illuminate\Pipeline\Pipeline::carry():194}:195}()
#48 /home/runner/work/unifco_platform/unifco_platform/vendor/laravel/framework/src/Illuminate/Pipeline/Pipeline.php(219): Illuminate\Http\Middleware\TrustProxies->handle()
#49 /home/runner/work/unifco_platform/unifco_platform/vendor/laravel/framework/src/Illuminate/Foundation/Http/Middleware/InvokeDeferredCallbacks.php(22): Illuminate\Pipeline\Pipeline->{closure:{closure:Illuminate\Pipeline\Pipeline::carry():194}:195}()
#50 /home/runner/work/unifco_platform/unifco_platform/vendor/laravel/framework/src/Illuminate/Pipeline/Pipeline.php(219): Illuminate\Foundation\Http\Middleware\InvokeDeferredCallbacks->handle()
#51 /home/runner/work/unifco_platform/unifco_platform/vendor/laravel/framework/src/Illuminate/Http/Middleware/ValidatePathEncoding.php(28): Illuminate\Pipeline\Pipeline->{closure:{closure:Illuminate\Pipeline\Pipeline::carry():194}:195}()
#52 /home/runner/work/unifco_platform/unifco_platform/vendor/laravel/framework/src/Illuminate/Pipeline/Pipeline.php(219): Illuminate\Http\Middleware\ValidatePathEncoding->handle()
#53 /home/runner/work/unifco_platform/unifco_platform/vendor/laravel/framework/src/Illuminate/Pipeline/Pipeline.php(137): Illuminate\Pipeline\Pipeline->{closure:{closure:Illuminate\Pipeline\Pipeline::carry():194}:195}()
#54 /home/runner/work/unifco_platform/unifco_platform/vendor/laravel/framework/src/Illuminate/Foundation/Http/Kernel.php(175): Illuminate\Pipeline\Pipeline->then()
#55 /home/runner/work/unifco_platform/unifco_platform/vendor/laravel/framework/src/Illuminate/Foundation/Http/Kernel.php(144): Illuminate\Foundation\Http\Kernel->sendRequestThroughRouter()
#56 /home/runner/work/unifco_platform/unifco_platform/vendor/laravel/framework/src/Illuminate/Foundation/Testing/Concerns/MakesHttpRequests.php(638): Illuminate\Foundation\Http\Kernel->handle()
#57 /home/runner/work/unifco_platform/unifco_platform/vendor/laravel/framework/src/Illuminate/Foundation/Testing/Concerns/MakesHttpRequests.php(368): Illuminate\Foundation\Testing\TestCase->call()
#58 /home/runner/work/unifco_platform/unifco_platform/tests/Feature/WarehouseFieldInventoryTest.php(60): Illuminate\Foundation\Testing\TestCase->get()
#59 /home/runner/work/unifco_platform/unifco_platform/vendor/phpunit/phpunit/src/Framework/TestCase.php(1318): Tests\Feature\WarehouseFieldInventoryTest->test_bootstrap_creates_dedicated_storekeeper_and_main_warehouse_access()
#60 /home/runner/work/unifco_platform/unifco_platform/vendor/phpunit/phpunit/src/Framework/TestCase.php(1355): PHPUnit\Framework\TestCase->invokeTestMethod()
#61 /home/runner/work/unifco_platform/unifco_platform/vendor/phpunit/phpunit/src/Framework/TestCase.php(521): PHPUnit\Framework\TestCase->runTest()
#62 /home/runner/work/unifco_platform/unifco_platform/vendor/phpunit/phpunit/src/Framework/TestRunner/TestRunner.php(99): PHPUnit\Framework\TestCase->runBare()
#63 /home/runner/work/unifco_platform/unifco_platform/vendor/phpunit/phpunit/src/Framework/TestCase.php(361): PHPUnit\Framework\TestRunner->run()
#64 /home/runner/work/unifco_platform/unifco_platform/vendor/phpunit/phpunit/src/Framework/TestSuite.php(374): PHPUnit\Framework\TestCase->run()
#65 /home/runner/work/unifco_platform/unifco_platform/vendor/phpunit/phpunit/src/Framework/TestSuite.php(374): PHPUnit\Framework\TestSuite->run()
#66 /home/runner/work/unifco_platform/unifco_platform/vendor/phpunit/phpunit/src/TextUI/TestRunner.php(64): PHPUnit\Framework\TestSuite->run()
#67 /home/runner/work/unifco_platform/unifco_platform/vendor/phpunit/phpunit/src/TextUI/Application.php(229): PHPUnit\TextUI\TestRunner->run()
#68 /home/runner/work/unifco_platform/unifco_platform/vendor/phpunit/phpunit/phpunit(104): PHPUnit\TextUI\Application->run()
#69 {main}

----------------------------------------------------------------------------------

syntax error, unexpected token ";" (View: /home/runner/work/unifco_platform/unifco_platform/resources/views/inventory/warehouse/index.blade.php)[39;22m

  at [32mtests/Feature/WarehouseFieldInventoryTest.php[39m:[32m60[39m
     56▕         $storekeeper=User::where('email','storekeeper@unifco.local')->firstOrFail();
     57▕         $this->assertSame('STOREKEEPER',$storekeeper->role);
     58▕         $warehouse=Warehouse::where('code','MAIN-WH')->firstOrFail();
     59▕         $this->assertDatabaseHas('warehouse_user_assignments',['warehouse_id'=>$warehouse->id,'user_id'=>$storekeeper->id]);
  ➜  60▕         $this->actingAs($storekeeper)->get('/inventory/warehouse-control')->assertOk()->assertSee('Spare Parts Control Center');
     61▕     }
     62▕ }
     63▕


  [90mTests:[39m    [31;1m3 failed[39;22m[90m,[39m[39m [39m[32;1m6 passed[39;22m[90m (38 assertions)[39m
  [90mDuration:[39m [39m3.60s[39m

