  - Locking symfony/css-selector (v8.1.5)
  - Locking symfony/deprecation-contracts (v3.7.1)
  - Locking symfony/error-handler (v8.1.5)
  - Locking symfony/event-dispatcher (v8.1.5)
  - Locking symfony/event-dispatcher-contracts (v3.7.1)
  - Locking symfony/finder (v8.1.5)
  - Locking symfony/http-foundation (v8.1.5)
  - Locking symfony/http-kernel (v8.1.5)
  - Locking symfony/mailer (v8.1.5)
  - Locking symfony/mime (v8.1.5)
  - Locking symfony/polyfill-ctype (v1.37.0)
  - Locking symfony/polyfill-intl-grapheme (v1.41.0)
  - Locking symfony/polyfill-intl-idn (v1.38.1)
  - Locking symfony/polyfill-intl-normalizer (v1.38.0)
  - Locking symfony/polyfill-mbstring (v1.38.2)
  - Locking symfony/polyfill-php80 (v1.37.0)
  - Locking symfony/polyfill-php82 (v1.38.1)
  - Locking symfony/polyfill-php84 (v1.38.1)
  - Locking symfony/polyfill-php85 (v1.41.0)
  - Locking symfony/polyfill-php86 (v1.41.0)
  - Locking symfony/polyfill-uuid (v1.37.0)
  - Locking symfony/process (v8.1.5)
  - Locking symfony/routing (v8.1.5)
  - Locking symfony/service-contracts (v3.7.1)
  - Locking symfony/string (v8.1.2)
  - Locking symfony/translation (v8.1.5)
  - Locking symfony/translation-contracts (v3.7.1)
  - Locking symfony/uid (v8.1.5)
  - Locking symfony/var-dumper (v8.1.5)
  - Locking theseer/tokenizer (2.0.1)
  - Locking tijsverkoyen/css-to-inline-styles (v2.4.0)
  - Locking vlucas/phpdotenv (v5.6.4)
  - Locking voku/portable-ascii (2.1.1)
Writing lock file
Installing dependencies from lock file (including require-dev)
Package operations: 109 installs, 0 updates, 0 removals
  - Downloading doctrine/inflector (2.1.0)
  - Downloading doctrine/lexer (3.0.1)
  - Downloading dragonmantank/cron-expression (v3.6.0)
  - Downloading symfony/deprecation-contracts (v3.7.1)
  - Downloading psr/container (2.0.2)
  - Downloading fakerphp/faker (v1.24.1)
  - Downloading symfony/polyfill-mbstring (v1.38.2)
  - Downloading symfony/http-foundation (v8.1.5)
  - Downloading fruitcake/php-cors (v1.4.0)
  - Downloading symfony/polyfill-php82 (v1.38.1)
  - Downloading symfony/polyfill-php80 (v1.37.0)
  - Downloading psr/http-message (2.0)
  - Downloading psr/http-factory (1.1.0)
  - Downloading psr/http-client (1.0.3)
  - Downloading guzzlehttp/psr7 (3.0.0)
  - Downloading guzzlehttp/promises (3.0.1)
  - Downloading guzzlehttp/guzzle (8.0.2)
  - Downloading guzzlehttp/uri-template (v2.0.0)
  - Downloading symfony/polyfill-intl-normalizer (v1.38.0)
  - Downloading symfony/polyfill-intl-grapheme (v1.41.0)
  - Downloading symfony/polyfill-ctype (v1.37.0)
  - Downloading symfony/string (v8.1.2)
  - Downloading symfony/service-contracts (v3.7.1)
  - Downloading symfony/polyfill-php85 (v1.41.0)
  - Downloading symfony/console (v8.1.5)
  - Downloading nunomaduro/termwind (v2.4.0)
  - Downloading voku/portable-ascii (2.1.1)
  - Downloading phpoption/phpoption (1.9.5)
  - Downloading graham-campbell/result-type (v1.1.4)
  - Downloading vlucas/phpdotenv (v5.6.4)
  - Downloading symfony/css-selector (v8.1.5)
  - Downloading tijsverkoyen/css-to-inline-styles (v2.4.0)
  - Downloading symfony/var-dumper (v8.1.5)
  - Downloading symfony/polyfill-uuid (v1.37.0)
  - Downloading symfony/uid (v8.1.5)
  - Downloading symfony/routing (v8.1.5)
  - Downloading symfony/process (v8.1.5)
  - Downloading symfony/polyfill-php86 (v1.41.0)
  - Downloading symfony/polyfill-php84 (v1.38.1)
  - Downloading symfony/polyfill-intl-idn (v1.38.1)
  - Downloading symfony/mime (v8.1.5)
  - Downloading psr/event-dispatcher (1.0.0)
  - Downloading symfony/event-dispatcher-contracts (v3.7.1)
  - Downloading symfony/event-dispatcher (v8.1.5)
  - Downloading psr/log (3.0.2)
  - Downloading egulias/email-validator (4.0.4)
  - Downloading symfony/mailer (v8.1.5)
  - Downloading symfony/error-handler (v8.1.5)
  - Downloading symfony/http-kernel (v8.1.5)
  - Downloading symfony/finder (v8.1.5)
  - Downloading ramsey/collection (2.1.1)
  - Downloading brick/math (0.18.0)
  - Downloading ramsey/uuid (4.9.3)
  - Downloading psr/simple-cache (3.0.0)
  - Downloading symfony/translation-contracts (v3.7.1)
  - Downloading symfony/translation (v8.1.5)
  - Downloading psr/clock (1.0.0)
  - Downloading symfony/clock (v8.1.0)
  - Downloading carbonphp/carbon-doctrine-types (3.2.0)
  - Downloading nesbot/carbon (3.13.2)
  - Downloading monolog/monolog (3.10.0)
  - Downloading league/uri-interfaces (7.8.1)
  - Downloading league/uri (7.8.1)
  - Downloading league/mime-type-detection (1.17.0)
  - Downloading league/flysystem-local (3.35.3)
  - Downloading league/flysystem (3.35.3)
  - Downloading nette/utils (v4.1.5)
  - Downloading nette/schema (v1.3.6)
  - Downloading dflydev/dot-access-data (v3.0.3)
  - Downloading league/config (v1.2.0)
  - Downloading league/commonmark (2.10.0)
  - Downloading laravel/serializable-closure (v2.0.15)
  - Downloading laravel/prompts (v0.3.23)
  - Downloading laravel/framework (v13.26.1)
  - Downloading laravel/pail (v1.2.7)
  - Downloading laravel/agent-detector (v2.0.2)
  - Downloading laravel/pao (v1.1.4)
  - Downloading laravel/pint (v1.30.5)
  - Downloading nikic/php-parser (v5.8.0)
  - Downloading psy/psysh (v0.12.24)
  - Downloading laravel/tinker (v3.0.2)
  - Downloading hamcrest/hamcrest-php (v3.0.0)
  - Downloading mockery/mockery (1.6.15)
  - Downloading filp/whoops (2.18.4)
  - Downloading nunomaduro/collision (v8.9.5)
  - Downloading staabm/side-effects-detector (1.0.5)
  - Downloading sebastian/version (6.0.0)
  - Downloading sebastian/type (6.0.4)
  - Downloading sebastian/recursion-context (7.0.1)
  - Downloading sebastian/object-reflector (5.0.0)
  - Downloading sebastian/object-enumerator (7.0.0)
  - Downloading sebastian/global-state (8.0.3)
  - Downloading sebastian/exporter (7.0.3)
  - Downloading sebastian/environment (8.1.2)
  - Downloading sebastian/diff (7.0.0)
  - Downloading sebastian/comparator (7.1.8)
  - Downloading sebastian/cli-parser (4.2.1)
  - Downloading phpunit/php-timer (8.0.0)
  - Downloading phpunit/php-text-template (5.0.0)
  - Downloading phpunit/php-invoker (6.0.0)
  - Downloading phpunit/php-file-iterator (6.0.1)
  - Downloading theseer/tokenizer (2.0.1)
  - Downloading sebastian/lines-of-code (4.0.1)
  - Downloading sebastian/complexity (5.0.0)
  - Downloading phpunit/php-code-coverage (12.5.7)
  - Downloading phar-io/version (3.2.1)
  - Downloading phar-io/manifest (2.0.4)
  - Downloading myclabs/deep-copy (1.14.0)
  - Downloading phpunit/phpunit (12.5.33)
  - Installing doctrine/inflector (2.1.0): Extracting archive
  - Installing doctrine/lexer (3.0.1): Extracting archive
  - Installing dragonmantank/cron-expression (v3.6.0): Extracting archive
  - Installing symfony/deprecation-contracts (v3.7.1): Extracting archive
  - Installing psr/container (2.0.2): Extracting archive
  - Installing fakerphp/faker (v1.24.1): Extracting archive
  - Installing symfony/polyfill-mbstring (v1.38.2): Extracting archive
  - Installing symfony/http-foundation (v8.1.5): Extracting archive
  - Installing fruitcake/php-cors (v1.4.0): Extracting archive
  - Installing symfony/polyfill-php82 (v1.38.1): Extracting archive
  - Installing symfony/polyfill-php80 (v1.37.0): Extracting archive
  - Installing psr/http-message (2.0): Extracting archive
  - Installing psr/http-factory (1.1.0): Extracting archive
  - Installing psr/http-client (1.0.3): Extracting archive
  - Installing guzzlehttp/psr7 (3.0.0): Extracting archive
  - Installing guzzlehttp/promises (3.0.1): Extracting archive
  - Installing guzzlehttp/guzzle (8.0.2): Extracting archive
  - Installing guzzlehttp/uri-template (v2.0.0): Extracting archive
  - Installing symfony/polyfill-intl-normalizer (v1.38.0): Extracting archive
  - Installing symfony/polyfill-intl-grapheme (v1.41.0): Extracting archive
  - Installing symfony/polyfill-ctype (v1.37.0): Extracting archive
  - Installing symfony/string (v8.1.2): Extracting archive
  - Installing symfony/service-contracts (v3.7.1): Extracting archive
  - Installing symfony/polyfill-php85 (v1.41.0): Extracting archive
  - Installing symfony/console (v8.1.5): Extracting archive
  - Installing nunomaduro/termwind (v2.4.0): Extracting archive
  - Installing voku/portable-ascii (2.1.1): Extracting archive
  - Installing phpoption/phpoption (1.9.5): Extracting archive
  - Installing graham-campbell/result-type (v1.1.4): Extracting archive
  - Installing vlucas/phpdotenv (v5.6.4): Extracting archive
  - Installing symfony/css-selector (v8.1.5): Extracting archive
  - Installing tijsverkoyen/css-to-inline-styles (v2.4.0): Extracting archive
  - Installing symfony/var-dumper (v8.1.5): Extracting archive
  - Installing symfony/polyfill-uuid (v1.37.0): Extracting archive
  - Installing symfony/uid (v8.1.5): Extracting archive
  - Installing symfony/routing (v8.1.5): Extracting archive
  - Installing symfony/process (v8.1.5): Extracting archive
  - Installing symfony/polyfill-php86 (v1.41.0): Extracting archive
  - Installing symfony/polyfill-php84 (v1.38.1): Extracting archive
  - Installing symfony/polyfill-intl-idn (v1.38.1): Extracting archive
  - Installing symfony/mime (v8.1.5): Extracting archive
  - Installing psr/event-dispatcher (1.0.0): Extracting archive
  - Installing symfony/event-dispatcher-contracts (v3.7.1): Extracting archive
  - Installing symfony/event-dispatcher (v8.1.5): Extracting archive
  - Installing psr/log (3.0.2): Extracting archive
  - Installing egulias/email-validator (4.0.4): Extracting archive
  - Installing symfony/mailer (v8.1.5): Extracting archive
  - Installing symfony/error-handler (v8.1.5): Extracting archive
  - Installing symfony/http-kernel (v8.1.5): Extracting archive
  - Installing symfony/finder (v8.1.5): Extracting archive
  - Installing ramsey/collection (2.1.1): Extracting archive
  - Installing brick/math (0.18.0): Extracting archive
  - Installing ramsey/uuid (4.9.3): Extracting archive
  - Installing psr/simple-cache (3.0.0): Extracting archive
  - Installing symfony/translation-contracts (v3.7.1): Extracting archive
  - Installing symfony/translation (v8.1.5): Extracting archive
  - Installing psr/clock (1.0.0): Extracting archive
  - Installing symfony/clock (v8.1.0): Extracting archive
  - Installing carbonphp/carbon-doctrine-types (3.2.0): Extracting archive
  - Installing nesbot/carbon (3.13.2): Extracting archive
  - Installing monolog/monolog (3.10.0): Extracting archive
  - Installing league/uri-interfaces (7.8.1): Extracting archive
  - Installing league/uri (7.8.1): Extracting archive
  - Installing league/mime-type-detection (1.17.0): Extracting archive
  - Installing league/flysystem-local (3.35.3): Extracting archive
  - Installing league/flysystem (3.35.3): Extracting archive
  - Installing nette/utils (v4.1.5): Extracting archive
  - Installing nette/schema (v1.3.6): Extracting archive
  - Installing dflydev/dot-access-data (v3.0.3): Extracting archive
  - Installing league/config (v1.2.0): Extracting archive
  - Installing league/commonmark (2.10.0): Extracting archive
  - Installing laravel/serializable-closure (v2.0.15): Extracting archive
  - Installing laravel/prompts (v0.3.23): Extracting archive
  - Installing laravel/framework (v13.26.1): Extracting archive
  - Installing laravel/pail (v1.2.7): Extracting archive
  - Installing laravel/agent-detector (v2.0.2): Extracting archive
  - Installing laravel/pao (v1.1.4): Extracting archive
  - Installing laravel/pint (v1.30.5): Extracting archive
  - Installing nikic/php-parser (v5.8.0): Extracting archive
  - Installing psy/psysh (v0.12.24): Extracting archive
  - Installing laravel/tinker (v3.0.2): Extracting archive
  - Installing hamcrest/hamcrest-php (v3.0.0): Extracting archive
  - Installing mockery/mockery (1.6.15): Extracting archive
  - Installing filp/whoops (2.18.4): Extracting archive
  - Installing nunomaduro/collision (v8.9.5): Extracting archive
  - Installing staabm/side-effects-detector (1.0.5): Extracting archive
  - Installing sebastian/version (6.0.0): Extracting archive
  - Installing sebastian/type (6.0.4): Extracting archive
  - Installing sebastian/recursion-context (7.0.1): Extracting archive
  - Installing sebastian/object-reflector (5.0.0): Extracting archive
  - Installing sebastian/object-enumerator (7.0.0): Extracting archive
  - Installing sebastian/global-state (8.0.3): Extracting archive
  - Installing sebastian/exporter (7.0.3): Extracting archive
  - Installing sebastian/environment (8.1.2): Extracting archive
  - Installing sebastian/diff (7.0.0): Extracting archive
  - Installing sebastian/comparator (7.1.8): Extracting archive
  - Installing sebastian/cli-parser (4.2.1): Extracting archive
  - Installing phpunit/php-timer (8.0.0): Extracting archive
  - Installing phpunit/php-text-template (5.0.0): Extracting archive
  - Installing phpunit/php-invoker (6.0.0): Extracting archive
  - Installing phpunit/php-file-iterator (6.0.1): Extracting archive
  - Installing theseer/tokenizer (2.0.1): Extracting archive
  - Installing sebastian/lines-of-code (4.0.1): Extracting archive
  - Installing sebastian/complexity (5.0.0): Extracting archive
  - Installing phpunit/php-code-coverage (12.5.7): Extracting archive
  - Installing phar-io/version (3.2.1): Extracting archive
  - Installing phar-io/manifest (2.0.4): Extracting archive
  - Installing myclabs/deep-copy (1.14.0): Extracting archive
  - Installing phpunit/phpunit (12.5.33): Extracting archive
45 package suggestions were added by new dependencies, use `composer suggest` to see details.
Generating optimized autoload files
> Illuminate\Foundation\ComposerScripts::postAutoloadDump
> @php artisan package:discover --ansi

  [37;44m INFO [39;49m Discovering packages.  

  laravel/pail [90m.[39m[90m.[39m[90m.[39m[90m.[39m[90m.[39m[90m.[39m[90m.[39m[90m.[39m[90m.[39m[90m.[39m[90m.[39m[90m.[39m[90m.[39m[90m.[39m[90m.[39m[90m.[39m[90m.[39m[90m.[39m[90m.[39m[90m.[39m[90m.[39m[90m.[39m[90m.[39m[90m.[39m[90m.[39m[90m.[39m[90m.[39m[90m.[39m[90m.[39m[90m.[39m[90m.[39m[90m.[39m[90m.[39m[90m.[39m[90m.[39m[90m.[39m[90m.[39m[90m.[39m[90m.[39m[90m.[39m[90m.[39m[90m.[39m[90m.[39m[90m.[39m[90m.[39m[90m.[39m[90m.[39m[90m.[39m[90m.[39m[90m.[39m[90m.[39m[90m.[39m[90m.[39m[90m.[39m[90m.[39m[90m.[39m[90m.[39m[90m.[39m [32;1mDONE[39;22m
  laravel/pao [90m.[39m[90m.[39m[90m.[39m[90m.[39m[90m.[39m[90m.[39m[90m.[39m[90m.[39m[90m.[39m[90m.[39m[90m.[39m[90m.[39m[90m.[39m[90m.[39m[90m.[39m[90m.[39m[90m.[39m[90m.[39m[90m.[39m[90m.[39m[90m.[39m[90m.[39m[90m.[39m[90m.[39m[90m.[39m[90m.[39m[90m.[39m[90m.[39m[90m.[39m[90m.[39m[90m.[39m[90m.[39m[90m.[39m[90m.[39m[90m.[39m[90m.[39m[90m.[39m[90m.[39m[90m.[39m[90m.[39m[90m.[39m[90m.[39m[90m.[39m[90m.[39m[90m.[39m[90m.[39m[90m.[39m[90m.[39m[90m.[39m[90m.[39m[90m.[39m[90m.[39m[90m.[39m[90m.[39m[90m.[39m[90m.[39m[90m.[39m[90m.[39m[90m.[39m [32;1mDONE[39;22m
  laravel/tinker [90m.[39m[90m.[39m[90m.[39m[90m.[39m[90m.[39m[90m.[39m[90m.[39m[90m.[39m[90m.[39m[90m.[39m[90m.[39m[90m.[39m[90m.[39m[90m.[39m[90m.[39m[90m.[39m[90m.[39m[90m.[39m[90m.[39m[90m.[39m[90m.[39m[90m.[39m[90m.[39m[90m.[39m[90m.[39m[90m.[39m[90m.[39m[90m.[39m[90m.[39m[90m.[39m[90m.[39m[90m.[39m[90m.[39m[90m.[39m[90m.[39m[90m.[39m[90m.[39m[90m.[39m[90m.[39m[90m.[39m[90m.[39m[90m.[39m[90m.[39m[90m.[39m[90m.[39m[90m.[39m[90m.[39m[90m.[39m[90m.[39m[90m.[39m[90m.[39m[90m.[39m[90m.[39m[90m.[39m[90m.[39m[90m.[39m [32;1mDONE[39;22m
  nesbot/carbon [90m.[39m[90m.[39m[90m.[39m[90m.[39m[90m.[39m[90m.[39m[90m.[39m[90m.[39m[90m.[39m[90m.[39m[90m.[39m[90m.[39m[90m.[39m[90m.[39m[90m.[39m[90m.[39m[90m.[39m[90m.[39m[90m.[39m[90m.[39m[90m.[39m[90m.[39m[90m.[39m[90m.[39m[90m.[39m[90m.[39m[90m.[39m[90m.[39m[90m.[39m[90m.[39m[90m.[39m[90m.[39m[90m.[39m[90m.[39m[90m.[39m[90m.[39m[90m.[39m[90m.[39m[90m.[39m[90m.[39m[90m.[39m[90m.[39m[90m.[39m[90m.[39m[90m.[39m[90m.[39m[90m.[39m[90m.[39m[90m.[39m[90m.[39m[90m.[39m[90m.[39m[90m.[39m[90m.[39m[90m.[39m[90m.[39m[90m.[39m [32;1mDONE[39;22m
  nunomaduro/collision [90m.[39m[90m.[39m[90m.[39m[90m.[39m[90m.[39m[90m.[39m[90m.[39m[90m.[39m[90m.[39m[90m.[39m[90m.[39m[90m.[39m[90m.[39m[90m.[39m[90m.[39m[90m.[39m[90m.[39m[90m.[39m[90m.[39m[90m.[39m[90m.[39m[90m.[39m[90m.[39m[90m.[39m[90m.[39m[90m.[39m[90m.[39m[90m.[39m[90m.[39m[90m.[39m[90m.[39m[90m.[39m[90m.[39m[90m.[39m[90m.[39m[90m.[39m[90m.[39m[90m.[39m[90m.[39m[90m.[39m[90m.[39m[90m.[39m[90m.[39m[90m.[39m[90m.[39m[90m.[39m[90m.[39m[90m.[39m[90m.[39m[90m.[39m [32;1mDONE[39;22m
  nunomaduro/termwind [90m.[39m[90m.[39m[90m.[39m[90m.[39m[90m.[39m[90m.[39m[90m.[39m[90m.[39m[90m.[39m[90m.[39m[90m.[39m[90m.[39m[90m.[39m[90m.[39m[90m.[39m[90m.[39m[90m.[39m[90m.[39m[90m.[39m[90m.[39m[90m.[39m[90m.[39m[90m.[39m[90m.[39m[90m.[39m[90m.[39m[90m.[39m[90m.[39m[90m.[39m[90m.[39m[90m.[39m[90m.[39m[90m.[39m[90m.[39m[90m.[39m[90m.[39m[90m.[39m[90m.[39m[90m.[39m[90m.[39m[90m.[39m[90m.[39m[90m.[39m[90m.[39m[90m.[39m[90m.[39m[90m.[39m[90m.[39m[90m.[39m[90m.[39m[90m.[39m [32;1mDONE[39;22m

79 packages you are using are looking for funding.
Use the `composer fund` command to find out more!
> @php artisan vendor:publish --tag=laravel-assets --ansi --force

  [37;44m INFO [39;49m No publishable resources for tag [1m[laravel-assets][22m.  


   INFO  Application key set successfully.  

No syntax errors detected in app/Http/Controllers/HR/FinalSettlementController.php
No syntax errors detected in app/Models/EndOfServicePolicy.php
No syntax errors detected in app/Models/FinalSettlement.php
No syntax errors detected in app/Services/HR/SaudiEndOfServiceService.php
No syntax errors detected in routes/wave10.php
No syntax errors detected in database/migrations/2026_08_23_000041_build_hr_end_of_service_phase5.php

   INFO  Preparing database.  

  Creating migration table ...................................... 10.47ms DONE

   INFO  Running migrations.  

  2026_08_14_000001_create_unifco_core_tables ................... 38.21ms DONE
  2026_08_14_000002_add_controls_and_transactions ............... 37.10ms DONE
  2026_08_14_000003_add_operational_integration .................. 5.74ms DONE
  2026_08_14_000005_create_platform_services_tables .............. 5.59ms DONE
  2026_08_14_000006_create_runtime_security_queue_tables ......... 7.78ms DONE
  2026_08_15_000008_add_finance_core ............................. 8.14ms DONE
  2026_08_15_000009_add_procurement_inventory_operations ........ 29.03ms DONE
  2026_08_15_000010_add_hr_operations ........................... 17.80ms DONE
  2026_08_15_000011_add_crm_projects_operations ................. 14.10ms DONE
  2026_08_15_000012_add_manufacturing_expansion ................. 21.18ms DONE
  2026_08_15_000013_add_maintenance_eam_expansion ............... 41.14ms DONE
  2026_08_18_000014_add_public_site_requests ..................... 3.04ms DONE
  2026_08_18_000015_link_public_requests_to_business_pipelines .. 68.00ms DONE
  2026_08_18_000016_add_customer_portal_contract_360 ............ 57.07ms DONE
  2026_08_18_000017_expand_customer_portal_operations ........... 40.78ms DONE
  2026_08_19_000018_close_field_service_baseline_gaps ........... 22.74ms DONE
  2026_08_19_000019_add_customer_acceptance_and_report_distribution  7.05ms DONE
  2026_08_21_000020_add_emergency_request_details ............... 13.96ms DONE
  2026_08_21_000021_add_customer_onboarding ..................... 12.97ms DONE
  2026_08_21_000022_expand_customer_success_partner_profile ...... 7.12ms DONE
  2026_08_21_000023_create_customer_messaging .................... 3.43ms DONE
  2026_08_21_000024_provision_witco_portal_admin ................. 0.43ms DONE
  2026_08_21_000025_build_asset_master_phase_one ................ 43.24ms DONE
  2026_08_21_000026_asset_templates_and_pm_foundation ........... 77.01ms DONE
  2026_08_21_000027_add_asset_spare_parts_compatibility .......... 2.63ms DONE
  2026_08_21_000028_add_work_order_execution_and_reliability .... 30.03ms DONE
  2026_08_21_000029_add_asset_health_and_replacement_intelligence  13.06ms DONE
  2026_08_21_000030_add_asset_spare_part_reorder_tracking ........ 6.40ms DONE
  2026_08_22_000031_build_warehouse_field_inventory_foundation .. 57.21ms DONE
  2026_08_22_000032_add_work_order_part_requests ................ 21.29ms DONE
  2026_08_22_000033_add_asset_part_consumption_and_returns ...... 15.68ms DONE
  2026_08_22_000034_add_user_permission_overrides ................ 3.35ms DONE
  2026_08_22_000035_add_user_security_metadata ................... 8.55ms DONE
  2026_08_22_000036_add_user_session_version ..................... 2.17ms DONE
  2026_08_23_000037_expand_hr_employee_core .................... 124.05ms DONE
  2026_08_23_000038_build_hr_attendance_leave_phase2 ............ 56.62ms DONE
  2026_08_23_000039_build_hr_payroll_phase3 ..................... 53.65ms DONE
  2026_08_23_000040_build_hr_business_trips_phase4 ............... 6.28ms DONE
  2026_08_23_000041_build_hr_end_of_service_phase5 ............... 5.74ms DONE
  2026_08_23_000042_build_hr_recruitment_phase6 ................. 12.34ms DONE
  2026_08_23_000043_build_hr_performance_phase7 ................. 13.61ms DONE
  2026_08_23_000044_build_hr_documents_phase9 .................... 7.86ms DONE
  2026_08_23_000045_build_hr_compliance_phase10 ................. 93.72ms DONE
  2026_08_23_000046_build_hr_analytics_phase11 ................... 2.24ms DONE


   INFO  Compiled views cleared successfully.  



   INFO  Blade templates cached successfully.  


  [30;42;1m PASS [39;49;22m[39m Tests\Feature\HrEndOfServicePhase5Test[39m
  [32;1m✓[39;22m[90m [39m[90mstandard termination calculates full saudi eos and snapshot[39m[90m         [39m [90m1.15s[39m  
  [32;1m✓[39;22m[90m [39m[90mresignation tiers and article 80 are enforced[39m[90m                       [39m [90m0.54s[39m  
  [32;1m✓[39;22m[90m [39m[90mfinal settlement requires independent approval and can be marked pa[39m[90m…[39m [90m0.55s[39m  
  [32;1m✓[39;22m[90m [39m[90mfinal settlements are tenant scoped[39m[90m                                 [39m [90m1.05s[39m  
  [32;1m✓[39;22m[90m [39m[90mphase5 routes are registered[39m[90m                                        [39m [90m0.01s[39m  

  [30;42;1m PASS [39;49;22m[39m Tests\Feature\HrBusinessTripsPhase4Test[39m
  [32;1m✓[39;22m[90m [39m[90mphase4 routes are registered[39m[90m                                        [39m [90m0.02s[39m  
  [32;1m✓[39;22m[90m [39m[90mmission request calculates per diem and links business context[39m[90m      [39m [90m0.54s[39m  
  [32;1m✓[39;22m[90m [39m[90mmission 360 renders business context[39m[90m                                [39m [90m0.55s[39m  
  [32;1m✓[39;22m[90m [39m[90mrequester cannot approve own mission and full settlement is auditab[39m[90m…[39m [90m0.56s[39m  
  [32;1m✓[39;22m[90m [39m[90mmissions are tenant scoped[39m[90m                                          [39m [90m1.05s[39m  

  [30;42;1m PASS [39;49;22m[39m Tests\Feature\HrPayrollPhase3Test[39m
  [32;1m✓[39;22m[90m [39m[90mpayroll policy and run calculate saudi gosi and overtime[39m[90m            [39m [90m0.29s[39m  
  [32;1m✓[39;22m[90m [39m[90mpayroll workspace and routes render[39m[90m                                 [39m [90m0.28s[39m  

  [30;42;1m PASS [39;49;22m[39m Tests\Feature\HrAttendanceLeavePhase2Test[39m
  [32;1m✓[39;22m[90m [39m[90mattendance workspace calculates late minutes and overtime[39m[90m           [39m [90m0.28s[39m  
  [32;1m✓[39;22m[90m [39m[90mramadan schedule uses reduced daily target[39m[90m                          [39m [90m0.28s[39m  
  [32;1m✓[39;22m[90m [39m[90mleave policy balance accrual request and approval[39m[90m                   [39m [90m0.30s[39m  
  [32;1m✓[39;22m[90m [39m[90mphase2 routes are registered[39m[90m                                        [39m [90m0.01s[39m  

  [30;42;1m PASS [39;49;22m[39m Tests\Feature\HrEmployeeCorePhase1Test[39m
  [32;1m✓[39;22m[90m [39m[90mhr dashboard and employee directory render new ui[39m[90m                   [39m [90m0.29s[39m  
  [32;1m✓[39;22m[90m [39m[90memployee master can store saudi hr fields and render employee 360[39m[90m   [39m [90m0.29s[39m  
  [32;1m✓[39;22m[90m [39m[90memployee 360 accepts contract and document snapshots[39m[90m                [39m [90m0.29s[39m  
  [32;1m✓[39;22m[90m [39m[90mhr phase1 routes are registered[39m[90m                                     [39m [90m0.01s[39m  

  [30;42;1m PASS [39;49;22m[39m Tests\Feature\Wave10HrOperationsTest[39m
  [32;1m✓[39;22m[90m [39m[90mhr position attendance and leave workflow[39m[90m                           [39m [90m0.55s[39m  
  [32;1m✓[39;22m[90m [39m[90mpayroll posts balanced journal with segregation of duties[39m[90m           [39m [90m0.55s[39m  

  [90mTests:[39m    [32;1m22 passed[39;22m[90m (163 assertions)[39m
  [90mDuration:[39m [39m9.52s[39m

