Updating dependencies
Lock file operations: 109 installs, 0 updates, 0 removals
  - Locking brick/math (0.18.0)
  - Locking carbonphp/carbon-doctrine-types (3.2.0)
  - Locking dflydev/dot-access-data (v3.0.3)
  - Locking doctrine/inflector (2.1.0)
  - Locking doctrine/lexer (3.0.1)
  - Locking dragonmantank/cron-expression (v3.6.0)
  - Locking egulias/email-validator (4.0.4)
  - Locking fakerphp/faker (v1.24.1)
  - Locking filp/whoops (2.18.4)
  - Locking fruitcake/php-cors (v1.4.0)
  - Locking graham-campbell/result-type (v1.1.4)
  - Locking guzzlehttp/guzzle (8.0.2)
  - Locking guzzlehttp/promises (3.0.1)
  - Locking guzzlehttp/psr7 (3.0.0)
  - Locking guzzlehttp/uri-template (v2.0.0)
  - Locking hamcrest/hamcrest-php (v3.0.0)
  - Locking laravel/agent-detector (v2.0.2)
  - Locking laravel/framework (v13.26.1)
  - Locking laravel/pail (v1.2.7)
  - Locking laravel/pao (v1.1.4)
  - Locking laravel/pint (v1.30.5)
  - Locking laravel/prompts (v0.3.23)
  - Locking laravel/serializable-closure (v2.0.15)
  - Locking laravel/tinker (v3.0.2)
  - Locking league/commonmark (2.10.0)
  - Locking league/config (v1.2.0)
  - Locking league/flysystem (3.35.3)
  - Locking league/flysystem-local (3.35.3)
  - Locking league/mime-type-detection (1.17.0)
  - Locking league/uri (7.8.1)
  - Locking league/uri-interfaces (7.8.1)
  - Locking mockery/mockery (1.6.15)
  - Locking monolog/monolog (3.10.0)
  - Locking myclabs/deep-copy (1.14.0)
  - Locking nesbot/carbon (3.13.2)
  - Locking nette/schema (v1.3.6)
  - Locking nette/utils (v4.1.5)
  - Locking nikic/php-parser (v5.8.0)
  - Locking nunomaduro/collision (v8.9.5)
  - Locking nunomaduro/termwind (v2.4.0)
  - Locking phar-io/manifest (2.0.4)
  - Locking phar-io/version (3.2.1)
  - Locking phpoption/phpoption (1.9.5)
  - Locking phpunit/php-code-coverage (12.5.7)
  - Locking phpunit/php-file-iterator (6.0.1)
  - Locking phpunit/php-invoker (6.0.0)
  - Locking phpunit/php-text-template (5.0.0)
  - Locking phpunit/php-timer (8.0.0)
  - Locking phpunit/phpunit (12.5.33)
  - Locking psr/clock (1.0.0)
  - Locking psr/container (2.0.2)
  - Locking psr/event-dispatcher (1.0.0)
  - Locking psr/http-client (1.0.3)
  - Locking psr/http-factory (1.1.0)
  - Locking psr/http-message (2.0)
  - Locking psr/log (3.0.2)
  - Locking psr/simple-cache (3.0.0)
  - Locking psy/psysh (v0.12.24)
  - Locking ramsey/collection (2.1.1)
  - Locking ramsey/uuid (4.9.3)
  - Locking sebastian/cli-parser (4.2.1)
  - Locking sebastian/comparator (7.1.8)
  - Locking sebastian/complexity (5.0.0)
  - Locking sebastian/diff (7.0.0)
  - Locking sebastian/environment (8.1.2)
  - Locking sebastian/exporter (7.0.3)
  - Locking sebastian/global-state (8.0.3)
  - Locking sebastian/lines-of-code (4.0.1)
  - Locking sebastian/object-enumerator (7.0.0)
  - Locking sebastian/object-reflector (5.0.0)
  - Locking sebastian/recursion-context (7.0.1)
  - Locking sebastian/type (6.0.4)
  - Locking sebastian/version (6.0.0)
  - Locking staabm/side-effects-detector (1.0.5)
  - Locking symfony/clock (v8.1.0)
  - Locking symfony/console (v8.1.5)
  - Locking symfony/css-selector (v8.1.5)
  - Locking symfony/deprecation-contracts (v3.7.1)
  - Locking symfony/error-handler (v8.1.5)
  - Locking symfony/event-dispatcher (v8.1.5)
  - Locking symfony/event-dispatcher-contracts (v3.7.1)
  - Locking symfony/finder (v8.1.5)
  - Locking symfony/http-foundation (v8.1.5)
  - Locking symfony/http-kernel (v8.1.5)
  - Locking symfony/mailer (v8.1.5)
  - Locking symfony/mime (v8.1.5)
  - Locking symfony/polyfill-ctype (v1.37.0)
  - Locking symfony/polyfill-intl-grapheme (v1.41.0)
  - Locking symfony/polyfill-intl-idn (v1.38.1)
  - Locking symfony/polyfill-intl-normalizer (v1.38.0)
  - Locking symfony/polyfill-mbstring (v1.38.2)
  - Locking symfony/polyfill-php80 (v1.37.0)
  - Locking symfony/polyfill-php82 (v1.38.1)
  - Locking symfony/polyfill-php84 (v1.38.1)
  - Locking symfony/polyfill-php85 (v1.41.0)
  - Locking symfony/polyfill-php86 (v1.41.0)
  - Locking symfony/polyfill-uuid (v1.37.0)
  - Locking symfony/process (v8.1.5)
  - Locking symfony/routing (v8.1.5)
  - Locking symfony/service-contracts (v3.7.1)
  - Locking symfony/string (v8.1.2)
  - Locking symfony/translation (v8.1.5)
  - Locking symfony/translation-contracts (v3.7.1)
  - Locking symfony/uid (v8.1.5)
  - Locking symfony/var-dumper (v8.1.5)
  - Locking theseer/tokenizer (2.0.1)
  - Locking tijsverkoyen/css-to-inline-styles (v2.4.0)
  - Locking vlucas/phpdotenv (v5.6.4)
  - Locking voku/portable-ascii (2.1.1)
Writing lock file
Installing dependencies from lock file (including require-dev)
Package operations: 109 installs, 0 updates, 0 removals
  - Downloading doctrine/inflector (2.1.0)
  - Downloading doctrine/lexer (3.0.1)
  - Downloading dragonmantank/cron-expression (v3.6.0)
  - Downloading symfony/deprecation-contracts (v3.7.1)
  - Downloading psr/container (2.0.2)
  - Downloading fakerphp/faker (v1.24.1)
  - Downloading symfony/polyfill-mbstring (v1.38.2)
  - Downloading symfony/http-foundation (v8.1.5)
  - Downloading fruitcake/php-cors (v1.4.0)
  - Downloading symfony/polyfill-php82 (v1.38.1)
  - Downloading symfony/polyfill-php80 (v1.37.0)
  - Downloading psr/http-message (2.0)
  - Downloading psr/http-factory (1.1.0)
  - Downloading psr/http-client (1.0.3)
  - Downloading guzzlehttp/psr7 (3.0.0)
  - Downloading guzzlehttp/promises (3.0.1)
  - Downloading guzzlehttp/guzzle (8.0.2)
  - Downloading guzzlehttp/uri-template (v2.0.0)
  - Downloading symfony/polyfill-intl-normalizer (v1.38.0)
  - Downloading symfony/polyfill-intl-grapheme (v1.41.0)
  - Downloading symfony/polyfill-ctype (v1.37.0)
  - Downloading symfony/string (v8.1.2)
  - Downloading symfony/service-contracts (v3.7.1)
  - Downloading symfony/polyfill-php85 (v1.41.0)
  - Downloading symfony/console (v8.1.5)
  - Downloading nunomaduro/termwind (v2.4.0)
  - Downloading voku/portable-ascii (2.1.1)
  - Downloading phpoption/phpoption (1.9.5)
  - Downloading graham-campbell/result-type (v1.1.4)
  - Downloading vlucas/phpdotenv (v5.6.4)
  - Downloading symfony/css-selector (v8.1.5)
  - Downloading tijsverkoyen/css-to-inline-styles (v2.4.0)
  - Downloading symfony/var-dumper (v8.1.5)
  - Downloading symfony/polyfill-uuid (v1.37.0)
  - Downloading symfony/uid (v8.1.5)
  - Downloading symfony/routing (v8.1.5)
  - Downloading symfony/process (v8.1.5)
  - Downloading symfony/polyfill-php86 (v1.41.0)
  - Downloading symfony/polyfill-php84 (v1.38.1)
  - Downloading symfony/polyfill-intl-idn (v1.38.1)
  - Downloading symfony/mime (v8.1.5)
  - Downloading psr/event-dispatcher (1.0.0)
  - Downloading symfony/event-dispatcher-contracts (v3.7.1)
  - Downloading symfony/event-dispatcher (v8.1.5)
  - Downloading psr/log (3.0.2)
  - Downloading egulias/email-validator (4.0.4)
  - Downloading symfony/mailer (v8.1.5)
  - Downloading symfony/error-handler (v8.1.5)
  - Downloading symfony/http-kernel (v8.1.5)
  - Downloading symfony/finder (v8.1.5)
  - Downloading ramsey/collection (2.1.1)
  - Downloading brick/math (0.18.0)
  - Downloading ramsey/uuid (4.9.3)
  - Downloading psr/simple-cache (3.0.0)
  - Downloading symfony/translation-contracts (v3.7.1)
  - Downloading symfony/translation (v8.1.5)
  - Downloading psr/clock (1.0.0)
  - Downloading symfony/clock (v8.1.0)
  - Downloading carbonphp/carbon-doctrine-types (3.2.0)
  - Downloading nesbot/carbon (3.13.2)
  - Downloading monolog/monolog (3.10.0)
  - Downloading league/uri-interfaces (7.8.1)
  - Downloading league/uri (7.8.1)
  - Downloading league/mime-type-detection (1.17.0)
  - Downloading league/flysystem-local (3.35.3)
  - Downloading league/flysystem (3.35.3)
  - Downloading nette/utils (v4.1.5)
  - Downloading nette/schema (v1.3.6)
  - Downloading dflydev/dot-access-data (v3.0.3)
  - Downloading league/config (v1.2.0)
  - Downloading league/commonmark (2.10.0)
  - Downloading laravel/serializable-closure (v2.0.15)
  - Downloading laravel/prompts (v0.3.23)
  - Downloading laravel/framework (v13.26.1)
  - Downloading laravel/pail (v1.2.7)
  - Downloading laravel/agent-detector (v2.0.2)
  - Downloading laravel/pao (v1.1.4)
  - Downloading laravel/pint (v1.30.5)
  - Downloading nikic/php-parser (v5.8.0)
  - Downloading psy/psysh (v0.12.24)
  - Downloading laravel/tinker (v3.0.2)
  - Downloading hamcrest/hamcrest-php (v3.0.0)
  - Downloading mockery/mockery (1.6.15)
  - Downloading filp/whoops (2.18.4)
  - Downloading nunomaduro/collision (v8.9.5)
  - Downloading staabm/side-effects-detector (1.0.5)
  - Downloading sebastian/version (6.0.0)
  - Downloading sebastian/type (6.0.4)
  - Downloading sebastian/recursion-context (7.0.1)
  - Downloading sebastian/object-reflector (5.0.0)
  - Downloading sebastian/object-enumerator (7.0.0)
  - Downloading sebastian/global-state (8.0.3)
  - Downloading sebastian/exporter (7.0.3)
  - Downloading sebastian/environment (8.1.2)
  - Downloading sebastian/diff (7.0.0)
  - Downloading sebastian/comparator (7.1.8)
  - Downloading sebastian/cli-parser (4.2.1)
  - Downloading phpunit/php-timer (8.0.0)
  - Downloading phpunit/php-text-template (5.0.0)
  - Downloading phpunit/php-invoker (6.0.0)
  - Downloading phpunit/php-file-iterator (6.0.1)
  - Downloading theseer/tokenizer (2.0.1)
  - Downloading sebastian/lines-of-code (4.0.1)
  - Downloading sebastian/complexity (5.0.0)
  - Downloading phpunit/php-code-coverage (12.5.7)
  - Downloading phar-io/version (3.2.1)
  - Downloading phar-io/manifest (2.0.4)
  - Downloading myclabs/deep-copy (1.14.0)
  - Downloading phpunit/phpunit (12.5.33)
  - Installing doctrine/inflector (2.1.0): Extracting archive
  - Installing doctrine/lexer (3.0.1): Extracting archive
  - Installing dragonmantank/cron-expression (v3.6.0): Extracting archive
  - Installing symfony/deprecation-contracts (v3.7.1): Extracting archive
  - Installing psr/container (2.0.2): Extracting archive
  - Installing fakerphp/faker (v1.24.1): Extracting archive
  - Installing symfony/polyfill-mbstring (v1.38.2): Extracting archive
  - Installing symfony/http-foundation (v8.1.5): Extracting archive
  - Installing fruitcake/php-cors (v1.4.0): Extracting archive
  - Installing symfony/polyfill-php82 (v1.38.1): Extracting archive
  - Installing symfony/polyfill-php80 (v1.37.0): Extracting archive
  - Installing psr/http-message (2.0): Extracting archive
  - Installing psr/http-factory (1.1.0): Extracting archive
  - Installing psr/http-client (1.0.3): Extracting archive
  - Installing guzzlehttp/psr7 (3.0.0): Extracting archive
  - Installing guzzlehttp/promises (3.0.1): Extracting archive
  - Installing guzzlehttp/guzzle (8.0.2): Extracting archive
  - Installing guzzlehttp/uri-template (v2.0.0): Extracting archive
  - Installing symfony/polyfill-intl-normalizer (v1.38.0): Extracting archive
  - Installing symfony/polyfill-intl-grapheme (v1.41.0): Extracting archive
  - Installing symfony/polyfill-ctype (v1.37.0): Extracting archive
  - Installing symfony/string (v8.1.2): Extracting archive
  - Installing symfony/service-contracts (v3.7.1): Extracting archive
  - Installing symfony/polyfill-php85 (v1.41.0): Extracting archive
  - Installing symfony/console (v8.1.5): Extracting archive
  - Installing nunomaduro/termwind (v2.4.0): Extracting archive
  - Installing voku/portable-ascii (2.1.1): Extracting archive
  - Installing phpoption/phpoption (1.9.5): Extracting archive
  - Installing graham-campbell/result-type (v1.1.4): Extracting archive
  - Installing vlucas/phpdotenv (v5.6.4): Extracting archive
  - Installing symfony/css-selector (v8.1.5): Extracting archive
  - Installing tijsverkoyen/css-to-inline-styles (v2.4.0): Extracting archive
  - Installing symfony/var-dumper (v8.1.5): Extracting archive
  - Installing symfony/polyfill-uuid (v1.37.0): Extracting archive
  - Installing symfony/uid (v8.1.5): Extracting archive
  - Installing symfony/routing (v8.1.5): Extracting archive
  - Installing symfony/process (v8.1.5): Extracting archive
  - Installing symfony/polyfill-php86 (v1.41.0): Extracting archive
  - Installing symfony/polyfill-php84 (v1.38.1): Extracting archive
  - Installing symfony/polyfill-intl-idn (v1.38.1): Extracting archive
  - Installing symfony/mime (v8.1.5): Extracting archive
  - Installing psr/event-dispatcher (1.0.0): Extracting archive
  - Installing symfony/event-dispatcher-contracts (v3.7.1): Extracting archive
  - Installing symfony/event-dispatcher (v8.1.5): Extracting archive
  - Installing psr/log (3.0.2): Extracting archive
  - Installing egulias/email-validator (4.0.4): Extracting archive
  - Installing symfony/mailer (v8.1.5): Extracting archive
  - Installing symfony/error-handler (v8.1.5): Extracting archive
  - Installing symfony/http-kernel (v8.1.5): Extracting archive
  - Installing symfony/finder (v8.1.5): Extracting archive
  - Installing ramsey/collection (2.1.1): Extracting archive
  - Installing brick/math (0.18.0): Extracting archive
  - Installing ramsey/uuid (4.9.3): Extracting archive
  - Installing psr/simple-cache (3.0.0): Extracting archive
  - Installing symfony/translation-contracts (v3.7.1): Extracting archive
  - Installing symfony/translation (v8.1.5): Extracting archive
  - Installing psr/clock (1.0.0): Extracting archive
  - Installing symfony/clock (v8.1.0): Extracting archive
  - Installing carbonphp/carbon-doctrine-types (3.2.0): Extracting archive
  - Installing nesbot/carbon (3.13.2): Extracting archive
  - Installing monolog/monolog (3.10.0): Extracting archive
  - Installing league/uri-interfaces (7.8.1): Extracting archive
  - Installing league/uri (7.8.1): Extracting archive
  - Installing league/mime-type-detection (1.17.0): Extracting archive
  - Installing league/flysystem-local (3.35.3): Extracting archive
  - Installing league/flysystem (3.35.3): Extracting archive
  - Installing nette/utils (v4.1.5): Extracting archive
  - Installing nette/schema (v1.3.6): Extracting archive
  - Installing dflydev/dot-access-data (v3.0.3): Extracting archive
  - Installing league/config (v1.2.0): Extracting archive
  - Installing league/commonmark (2.10.0): Extracting archive
  - Installing laravel/serializable-closure (v2.0.15): Extracting archive
  - Installing laravel/prompts (v0.3.23): Extracting archive
  - Installing laravel/framework (v13.26.1): Extracting archive
  - Installing laravel/pail (v1.2.7): Extracting archive
  - Installing laravel/agent-detector (v2.0.2): Extracting archive
  - Installing laravel/pao (v1.1.4): Extracting archive
  - Installing laravel/pint (v1.30.5): Extracting archive
  - Installing nikic/php-parser (v5.8.0): Extracting archive
  - Installing psy/psysh (v0.12.24): Extracting archive
  - Installing laravel/tinker (v3.0.2): Extracting archive
  - Installing hamcrest/hamcrest-php (v3.0.0): Extracting archive
  - Installing mockery/mockery (1.6.15): Extracting archive
  - Installing filp/whoops (2.18.4): Extracting archive
  - Installing nunomaduro/collision (v8.9.5): Extracting archive
  - Installing staabm/side-effects-detector (1.0.5): Extracting archive
  - Installing sebastian/version (6.0.0): Extracting archive
  - Installing sebastian/type (6.0.4): Extracting archive
  - Installing sebastian/recursion-context (7.0.1): Extracting archive
  - Installing sebastian/object-reflector (5.0.0): Extracting archive
  - Installing sebastian/object-enumerator (7.0.0): Extracting archive
  - Installing sebastian/global-state (8.0.3): Extracting archive
  - Installing sebastian/exporter (7.0.3): Extracting archive
  - Installing sebastian/environment (8.1.2): Extracting archive
  - Installing sebastian/diff (7.0.0): Extracting archive
  - Installing sebastian/comparator (7.1.8): Extracting archive
  - Installing sebastian/cli-parser (4.2.1): Extracting archive
  - Installing phpunit/php-timer (8.0.0): Extracting archive
  - Installing phpunit/php-text-template (5.0.0): Extracting archive
  - Installing phpunit/php-invoker (6.0.0): Extracting archive
  - Installing phpunit/php-file-iterator (6.0.1): Extracting archive
  - Installing theseer/tokenizer (2.0.1): Extracting archive
  - Installing sebastian/lines-of-code (4.0.1): Extracting archive
  - Installing sebastian/complexity (5.0.0): Extracting archive
  - Installing phpunit/php-code-coverage (12.5.7): Extracting archive
  - Installing phar-io/version (3.2.1): Extracting archive
  - Installing phar-io/manifest (2.0.4): Extracting archive
  - Installing myclabs/deep-copy (1.14.0): Extracting archive
  - Installing phpunit/phpunit (12.5.33): Extracting archive
45 package suggestions were added by new dependencies, use `composer suggest` to see details.
Generating optimized autoload files
> Illuminate\Foundation\ComposerScripts::postAutoloadDump
> @php artisan package:discover --ansi

  [37;44m INFO [39;49m Discovering packages.  

  laravel/pail [90m.[39m[90m.[39m[90m.[39m[90m.[39m[90m.[39m[90m.[39m[90m.[39m[90m.[39m[90m.[39m[90m.[39m[90m.[39m[90m.[39m[90m.[39m[90m.[39m[90m.[39m[90m.[39m[90m.[39m[90m.[39m[90m.[39m[90m.[39m[90m.[39m[90m.[39m[90m.[39m[90m.[39m[90m.[39m[90m.[39m[90m.[39m[90m.[39m[90m.[39m[90m.[39m[90m.[39m[90m.[39m[90m.[39m[90m.[39m[90m.[39m[90m.[39m[90m.[39m[90m.[39m[90m.[39m[90m.[39m[90m.[39m[90m.[39m[90m.[39m[90m.[39m[90m.[39m[90m.[39m[90m.[39m[90m.[39m[90m.[39m[90m.[39m[90m.[39m[90m.[39m[90m.[39m[90m.[39m[90m.[39m[90m.[39m[90m.[39m[90m.[39m [32;1mDONE[39;22m
  laravel/pao [90m.[39m[90m.[39m[90m.[39m[90m.[39m[90m.[39m[90m.[39m[90m.[39m[90m.[39m[90m.[39m[90m.[39m[90m.[39m[90m.[39m[90m.[39m[90m.[39m[90m.[39m[90m.[39m[90m.[39m[90m.[39m[90m.[39m[90m.[39m[90m.[39m[90m.[39m[90m.[39m[90m.[39m[90m.[39m[90m.[39m[90m.[39m[90m.[39m[90m.[39m[90m.[39m[90m.[39m[90m.[39m[90m.[39m[90m.[39m[90m.[39m[90m.[39m[90m.[39m[90m.[39m[90m.[39m[90m.[39m[90m.[39m[90m.[39m[90m.[39m[90m.[39m[90m.[39m[90m.[39m[90m.[39m[90m.[39m[90m.[39m[90m.[39m[90m.[39m[90m.[39m[90m.[39m[90m.[39m[90m.[39m[90m.[39m[90m.[39m[90m.[39m[90m.[39m [32;1mDONE[39;22m
  laravel/tinker [90m.[39m[90m.[39m[90m.[39m[90m.[39m[90m.[39m[90m.[39m[90m.[39m[90m.[39m[90m.[39m[90m.[39m[90m.[39m[90m.[39m[90m.[39m[90m.[39m[90m.[39m[90m.[39m[90m.[39m[90m.[39m[90m.[39m[90m.[39m[90m.[39m[90m.[39m[90m.[39m[90m.[39m[90m.[39m[90m.[39m[90m.[39m[90m.[39m[90m.[39m[90m.[39m[90m.[39m[90m.[39m[90m.[39m[90m.[39m[90m.[39m[90m.[39m[90m.[39m[90m.[39m[90m.[39m[90m.[39m[90m.[39m[90m.[39m[90m.[39m[90m.[39m[90m.[39m[90m.[39m[90m.[39m[90m.[39m[90m.[39m[90m.[39m[90m.[39m[90m.[39m[90m.[39m[90m.[39m[90m.[39m[90m.[39m [32;1mDONE[39;22m
  nesbot/carbon [90m.[39m[90m.[39m[90m.[39m[90m.[39m[90m.[39m[90m.[39m[90m.[39m[90m.[39m[90m.[39m[90m.[39m[90m.[39m[90m.[39m[90m.[39m[90m.[39m[90m.[39m[90m.[39m[90m.[39m[90m.[39m[90m.[39m[90m.[39m[90m.[39m[90m.[39m[90m.[39m[90m.[39m[90m.[39m[90m.[39m[90m.[39m[90m.[39m[90m.[39m[90m.[39m[90m.[39m[90m.[39m[90m.[39m[90m.[39m[90m.[39m[90m.[39m[90m.[39m[90m.[39m[90m.[39m[90m.[39m[90m.[39m[90m.[39m[90m.[39m[90m.[39m[90m.[39m[90m.[39m[90m.[39m[90m.[39m[90m.[39m[90m.[39m[90m.[39m[90m.[39m[90m.[39m[90m.[39m[90m.[39m[90m.[39m[90m.[39m [32;1mDONE[39;22m
  nunomaduro/collision [90m.[39m[90m.[39m[90m.[39m[90m.[39m[90m.[39m[90m.[39m[90m.[39m[90m.[39m[90m.[39m[90m.[39m[90m.[39m[90m.[39m[90m.[39m[90m.[39m[90m.[39m[90m.[39m[90m.[39m[90m.[39m[90m.[39m[90m.[39m[90m.[39m[90m.[39m[90m.[39m[90m.[39m[90m.[39m[90m.[39m[90m.[39m[90m.[39m[90m.[39m[90m.[39m[90m.[39m[90m.[39m[90m.[39m[90m.[39m[90m.[39m[90m.[39m[90m.[39m[90m.[39m[90m.[39m[90m.[39m[90m.[39m[90m.[39m[90m.[39m[90m.[39m[90m.[39m[90m.[39m[90m.[39m[90m.[39m[90m.[39m[90m.[39m [32;1mDONE[39;22m
  nunomaduro/termwind [90m.[39m[90m.[39m[90m.[39m[90m.[39m[90m.[39m[90m.[39m[90m.[39m[90m.[39m[90m.[39m[90m.[39m[90m.[39m[90m.[39m[90m.[39m[90m.[39m[90m.[39m[90m.[39m[90m.[39m[90m.[39m[90m.[39m[90m.[39m[90m.[39m[90m.[39m[90m.[39m[90m.[39m[90m.[39m[90m.[39m[90m.[39m[90m.[39m[90m.[39m[90m.[39m[90m.[39m[90m.[39m[90m.[39m[90m.[39m[90m.[39m[90m.[39m[90m.[39m[90m.[39m[90m.[39m[90m.[39m[90m.[39m[90m.[39m[90m.[39m[90m.[39m[90m.[39m[90m.[39m[90m.[39m[90m.[39m[90m.[39m[90m.[39m[90m.[39m [32;1mDONE[39;22m

79 packages you are using are looking for funding.
Use the `composer fund` command to find out more!
> @php artisan vendor:publish --tag=laravel-assets --ansi --force

  [37;44m INFO [39;49m No publishable resources for tag [1m[laravel-assets][22m.  


   INFO  Application key set successfully.  

No syntax errors detected in app/Http/Controllers/HR/HrComplianceController.php
No syntax errors detected in app/Models/HrComplianceProfile.php
No syntax errors detected in app/Models/HrComplianceCase.php
No syntax errors detected in app/Models/HrComplianceScanRun.php
No syntax errors detected in routes/wave17.php
No syntax errors detected in database/migrations/2026_08_23_000045_build_hr_compliance_phase10.php

   INFO  Preparing database.  

  Creating migration table ...................................... 54.44ms DONE

   INFO  Running migrations.  

  2026_08_14_000001_create_unifco_core_tables .................. 348.91ms DONE
  2026_08_14_000002_add_controls_and_transactions .............. 506.68ms DONE
  2026_08_14_000003_add_operational_integration ................. 95.10ms DONE
  2026_08_14_000005_create_platform_services_tables ............. 72.24ms DONE
  2026_08_14_000006_create_runtime_security_queue_tables ........ 94.39ms DONE
  2026_08_15_000008_add_finance_core ............................ 36.79ms DONE
  2026_08_15_000009_add_procurement_inventory_operations ........ 73.27ms DONE
  2026_08_15_000010_add_hr_operations ........................... 49.98ms DONE
  2026_08_15_000011_add_crm_projects_operations ................. 73.13ms DONE
  2026_08_15_000012_add_manufacturing_expansion ................. 32.65ms DONE
  2026_08_15_000013_add_maintenance_eam_expansion .............. 285.38ms DONE
  2026_08_18_000014_add_public_site_requests ..................... 4.18ms DONE
  2026_08_18_000015_link_public_requests_to_business_pipelines . 261.32ms DONE
  2026_08_18_000016_add_customer_portal_contract_360 ........... 792.43ms DONE
  2026_08_18_000017_expand_customer_portal_operations ........... 91.56ms DONE
  2026_08_19_000018_close_field_service_baseline_gaps .......... 394.19ms DONE
  2026_08_19_000019_add_customer_acceptance_and_report_distribution  32.55ms DONE
  2026_08_21_000020_add_emergency_request_details ............... 23.04ms DONE
  2026_08_21_000021_add_customer_onboarding ..................... 48.25ms DONE
  2026_08_21_000022_expand_customer_success_partner_profile ...... 8.68ms DONE
  2026_08_21_000023_create_customer_messaging .................. 270.98ms DONE
  2026_08_21_000024_provision_witco_portal_admin ................. 0.41ms DONE
  2026_08_21_000025_build_asset_master_phase_one ............... 184.91ms DONE
  2026_08_21_000026_asset_templates_and_pm_foundation ................ 1s DONE
  2026_08_21_000027_add_asset_spare_parts_compatibility .......... 4.12ms DONE
  2026_08_21_000028_add_work_order_execution_and_reliability ... 125.07ms DONE
  2026_08_21_000029_add_asset_health_and_replacement_intelligence  67.19ms DONE
  2026_08_21_000030_add_asset_spare_part_reorder_tracking ....... 18.57ms DONE
  2026_08_22_000031_build_warehouse_field_inventory_foundation . 213.44ms DONE
  2026_08_22_000032_add_work_order_part_requests ............... 124.18ms DONE
  2026_08_22_000033_add_asset_part_consumption_and_returns ..... 188.21ms DONE
  2026_08_22_000034_add_user_permission_overrides ............... 35.52ms DONE
  2026_08_22_000035_add_user_security_metadata .................. 11.94ms DONE
  2026_08_22_000036_add_user_session_version ..................... 2.44ms DONE
  2026_08_23_000037_expand_hr_employee_core .................... 745.65ms DONE
  2026_08_23_000038_build_hr_attendance_leave_phase2 ........... 410.69ms DONE
  2026_08_23_000039_build_hr_payroll_phase3 .................... 124.99ms DONE
  2026_08_23_000040_build_hr_business_trips_phase4 .............. 68.93ms DONE
  2026_08_23_000041_build_hr_end_of_service_phase5 .............. 18.38ms DONE
  2026_08_23_000042_build_hr_recruitment_phase6 ................. 29.98ms DONE
  2026_08_23_000043_build_hr_performance_phase7 ................. 83.65ms DONE
  2026_08_23_000044_build_hr_documents_phase9 .................. 228.97ms DONE
  2026_08_23_000045_build_hr_compliance_phase10 ................ 239.95ms DONE


   INFO  Compiled views cleared successfully.  



   INFO  Blade templates cached successfully.  


  [39;41;1m FAIL [39;49;22m[39m Tests\Feature\HrCompliancePhase10Test[39m
  [32;1m✓[39;22m[90m [39m[90mcompliance dashboard is available to hr admin[39m[90m                       [39m [90m0.79s[39m  
  [32;1m✓[39;22m[90m [39m[90mscan creates actionable readiness cases without inventing official[39m[90m… [39m [90m0.26s[39m  
  [31;1m⨯[39;22m[90m [39m[90mqiwa and gosi evidence can be recorded then scan clears source find[39m[90m…[39m [90m0.59s[39m  
  [32;1m✓[39;22m[90m [39m[90mphase10 routes are registered[39m[90m                                       [39m [90m0.01s[39m  

  [30;42;1m PASS [39;49;22m[39m Tests\Feature\HrDocumentsPhase9Test[39m
  [32;1m✓[39;22m[90m [39m[90memployee can submit own salary certificate request[39m[90m                  [39m [90m0.73s[39m  
  [32;1m✓[39;22m[90m [39m[90mprofile update is applied only after independent approval[39m[90m           [39m [90m0.73s[39m  
  [32;1m✓[39;22m[90m [39m[90mrequester cannot approve own request[39m[90m                                [39m [90m0.71s[39m  
  [32;1m✓[39;22m[90m [39m[90mapproved letter can be issued as immutable snapshot and opened by o[39m[90m…[39m [90m0.74s[39m  
  [32;1m✓[39;22m[90m [39m[90mhr reader does not require an employee link to open requests[39m[90m        [39m [90m0.97s[39m  
  [32;1m✓[39;22m[90m [39m[90munlinked user cannot open employee document self service[39m[90m            [39m [90m0.95s[39m  
  [32;1m✓[39;22m[90m [39m[90mphase9 routes are registered[39m[90m                                        [39m [90m0.01s[39m  

  [30;42;1m PASS [39;49;22m[39m Tests\Feature\HrSelfServicePhase8Test[39m
  [32;1m✓[39;22m[90m [39m[90memployee portal is scoped to linked employee and own payroll[39m[90m        [39m [90m0.73s[39m  
  [32;1m✓[39;22m[90m [39m[90memployee can submit leave against own balance only[39m[90m                  [39m [90m0.71s[39m  
  [32;1m✓[39;22m[90m [39m[90memployee can submit mission and update only own goal[39m[90m                [39m [90m0.72s[39m  
  [32;1m✓[39;22m[90m [39m[90mmanager portal exposes direct reports but not outside team or payro[39m[90m…[39m [90m0.72s[39m  
  [32;1m✓[39;22m[90m [39m[90mmanager can decide direct report leave but cannot touch outside tea[39m[90m…[39m [90m0.72s[39m  
  [32;1m✓[39;22m[90m [39m[90munlinked user cannot open employee self service[39m[90m                     [39m [90m0.94s[39m  
  [32;1m✓[39;22m[90m [39m[90mphase8 routes are registered[39m[90m                                        [39m [90m0.01s[39m  

  [30;42;1m PASS [39;49;22m[39m Tests\Feature\HrPerformancePhase7Test[39m
  [32;1m✓[39;22m[90m [39m[90mgoals reviews and independent approval work[39m[90m                         [39m [90m0.50s[39m  
  [32;1m✓[39;22m[90m [39m[90mprobation skill and development records are employee scoped[39m[90m         [39m [90m0.50s[39m  
  [32;1m✓[39;22m[90m [39m[90mcareer action requires independent approval and effective date befo[39m[90m…[39m [90m0.49s[39m  
  [32;1m✓[39;22m[90m [39m[90mperformance records are tenant scoped[39m[90m                               [39m [90m0.95s[39m  
  [32;1m✓[39;22m[90m [39m[90mphase7 routes are registered[39m[90m                                        [39m [90m0.01s[39m  

  [30;42;1m PASS [39;49;22m[39m Tests\Feature\HrRecruitmentPhase6Test[39m
  [32;1m✓[39;22m[90m [39m[90mrequisition requires independent approval then opens vacancy[39m[90m        [39m [90m0.50s[39m  
  [32;1m✓[39;22m[90m [39m[90mcandidate interview offer hire creates employee contract and onboar[39m[90m…[39m [90m0.50s[39m  
  [32;1m✓[39;22m[90m [39m[90mrecruitment is tenant scoped[39m[90m                                        [39m [90m0.94s[39m  
  [32;1m✓[39;22m[90m [39m[90mphase6 routes are registered[39m[90m                                        [39m [90m0.01s[39m  

  [30;42;1m PASS [39;49;22m[39m Tests\Feature\HrEndOfServicePhase5Test[39m
  [32;1m✓[39;22m[90m [39m[90mstandard termination calculates full saudi eos and snapshot[39m[90m         [39m [90m0.49s[39m  
  [32;1m✓[39;22m[90m [39m[90mresignation tiers and article 80 are enforced[39m[90m                       [39m [90m0.49s[39m  
  [32;1m✓[39;22m[90m [39m[90mfinal settlement requires independent approval and can be marked pa[39m[90m…[39m [90m0.50s[39m  
  [32;1m✓[39;22m[90m [39m[90mfinal settlements are tenant scoped[39m[90m                                 [39m [90m0.96s[39m  
  [32;1m✓[39;22m[90m [39m[90mphase5 routes are registered[39m[90m                                        [39m [90m0.01s[39m  

  [30;42;1m PASS [39;49;22m[39m Tests\Feature\HrBusinessTripsPhase4Test[39m
  [32;1m✓[39;22m[90m [39m[90mphase4 routes are registered[39m[90m                                        [39m [90m0.01s[39m  
  [32;1m✓[39;22m[90m [39m[90mmission request calculates per diem and links business context[39m[90m      [39m [90m0.48s[39m  
  [32;1m✓[39;22m[90m [39m[90mmission 360 renders business context[39m[90m                                [39m [90m0.48s[39m  
  [32;1m✓[39;22m[90m [39m[90mrequester cannot approve own mission and full settlement is auditab[39m[90m…[39m [90m0.51s[39m  
  [32;1m✓[39;22m[90m [39m[90mmissions are tenant scoped[39m[90m                                          [39m [90m0.95s[39m  

  [30;42;1m PASS [39;49;22m[39m Tests\Feature\HrPayrollPhase3Test[39m
  [32;1m✓[39;22m[90m [39m[90mpayroll policy and run calculate saudi gosi and overtime[39m[90m            [39m [90m0.26s[39m  
  [32;1m✓[39;22m[90m [39m[90mpayroll workspace and routes render[39m[90m                                 [39m [90m0.25s[39m  

  [30;42;1m PASS [39;49;22m[39m Tests\Feature\HrAttendanceLeavePhase2Test[39m
  [32;1m✓[39;22m[90m [39m[90mattendance workspace calculates late minutes and overtime[39m[90m           [39m [90m0.26s[39m  
  [32;1m✓[39;22m[90m [39m[90mramadan schedule uses reduced daily target[39m[90m                          [39m [90m0.24s[39m  
  [32;1m✓[39;22m[90m [39m[90mleave policy balance accrual request and approval[39m[90m                   [39m [90m0.26s[39m  
  [32;1m✓[39;22m[90m [39m[90mphase2 routes are registered[39m[90m                                        [39m [90m0.01s[39m  

  [30;42;1m PASS [39;49;22m[39m Tests\Feature\HrEmployeeCorePhase1Test[39m
  [32;1m✓[39;22m[90m [39m[90mhr dashboard and employee directory render new ui[39m[90m                   [39m [90m0.26s[39m  
  [32;1m✓[39;22m[90m [39m[90memployee master can store saudi hr fields and render employee 360[39m[90m   [39m [90m0.26s[39m  
  [32;1m✓[39;22m[90m [39m[90memployee 360 accepts contract and document snapshots[39m[90m                [39m [90m0.26s[39m  
  [32;1m✓[39;22m[90m [39m[90mhr phase1 routes are registered[39m[90m                                     [39m [90m0.01s[39m  

  [30;42;1m PASS [39;49;22m[39m Tests\Feature\Wave10HrOperationsTest[39m
  [32;1m✓[39;22m[90m [39m[90mhr position attendance and leave workflow[39m[90m                           [39m [90m0.49s[39m  
  [32;1m✓[39;22m[90m [39m[90mpayroll posts balanced journal with segregation of duties[39m[90m           [39m [90m0.49s[39m  

  [30;42;1m PASS [39;49;22m[39m Tests\Feature\SidebarNavigationTest[39m
  [32;1m✓[39;22m[90m [39m[90madmin sidebar renders grouped platform navigation[39m[90m                   [39m [90m0.25s[39m  
  [32;1m✓[39;22m[90m [39m[90msidebar enhancer is available outside dashboard[39m[90m                     [39m [90m0.24s[39m  
  [32;1m✓[39;22m[90m [39m[90musers workspace is real administration screen[39m[90m                       [39m [90m0.47s[39m  
  [32;1m✓[39;22m[90m [39m[90mnon admin cannot open users workspace[39m[90m                               [39m [90m0.47s[39m  
  [32;1m✓[39;22m[90m [39m[90moperational wave routes are registered[39m[90m                              [39m [90m0.01s[39m  
  [32;1m✓[39;22m[90m [39m[90msidebar keeps mobile menu and active navigation hooks[39m[90m               [39m [90m0.25s[39m  
  [31m────────────────────────────────────────────────────────────────────────────[39m  
  [41;1m FAILED [49;22m [1mTests\Feature\HrCompliancePhase10Test[22m [90m>[39m qiwa and gosi evidence ca…   
[39;1m  Expected response status code [201, 301, 302, 303, 307, 308] but received 500.
Failed asserting that false is true.

The following exception occurred during the last request:

PDOException: SQLSTATE[23000]: Integrity constraint violation: 19 UNIQUE constraint failed: hr_compliance_scan_runs.tenant_id, hr_compliance_scan_runs.scan_no in /home/runner/work/unifco_platform/unifco_platform/vendor/laravel/framework/src/Illuminate/Database/Connection.php:601
Stack trace:
#0 /home/runner/work/unifco_platform/unifco_platform/vendor/laravel/framework/src/Illuminate/Database/Connection.php(601): PDOStatement->execute()
#1 /home/runner/work/unifco_platform/unifco_platform/vendor/laravel/framework/src/Illuminate/Database/Connection.php(846): Illuminate\Database\Connection->{closure:Illuminate\Database\Connection::statement():590}()
#2 /home/runner/work/unifco_platform/unifco_platform/vendor/laravel/framework/src/Illuminate/Database/Connection.php(813): Illuminate\Database\Connection->runQueryCallback()
#3 /home/runner/work/unifco_platform/unifco_platform/vendor/laravel/framework/src/Illuminate/Database/Connection.php(590): Illuminate\Database\Connection->run()
#4 /home/runner/work/unifco_platform/unifco_platform/vendor/laravel/framework/src/Illuminate/Database/Connection.php(554): Illuminate\Database\Connection->statement()
#5 /home/runner/work/unifco_platform/unifco_platform/vendor/laravel/framework/src/Illuminate/Database/Query/Processors/Processor.php(32): Illuminate\Database\Connection->insert()
#6 /home/runner/work/unifco_platform/unifco_platform/vendor/laravel/framework/src/Illuminate/Database/Query/Builder.php(4257): Illuminate\Database\Query\Processors\Processor->processInsertGetId()
#7 /home/runner/work/unifco_platform/unifco_platform/vendor/laravel/framework/src/Illuminate/Database/Eloquent/Builder.php(2281): Illuminate\Database\Query\Builder->insertGetId()
#8 /home/runner/work/unifco_platform/unifco_platform/vendor/laravel/framework/src/Illuminate/Database/Eloquent/Model.php(1687): Illuminate\Database\Eloquent\Builder->__call()
#9 /home/runner/work/unifco_platform/unifco_platform/vendor/laravel/framework/src/Illuminate/Database/Eloquent/Model.php(1603): Illuminate\Database\Eloquent\Model->insertAndSetId()
#10 /home/runner/work/unifco_platform/unifco_platform/vendor/laravel/framework/src/Illuminate/Database/Eloquent/Model.php(1407): Illuminate\Database\Eloquent\Model->performInsert()
#11 /home/runner/work/unifco_platform/unifco_platform/vendor/laravel/framework/src/Illuminate/Database/Eloquent/Builder.php(1235): Illuminate\Database\Eloquent\Model->save()
#12 /home/runner/work/unifco_platform/unifco_platform/vendor/laravel/framework/src/Illuminate/Support/helpers.php(393): Illuminate\Database\Eloquent\Builder->{closure:Illuminate\Database\Eloquent\Builder::create():1234}()
#13 /home/runner/work/unifco_platform/unifco_platform/vendor/laravel/framework/src/Illuminate/Database/Eloquent/Builder.php(1234): tap()
#14 /home/runner/work/unifco_platform/unifco_platform/vendor/laravel/framework/src/Illuminate/Support/Traits/ForwardsCalls.php(23): Illuminate\Database\Eloquent\Builder->create()
#15 /home/runner/work/unifco_platform/unifco_platform/vendor/laravel/framework/src/Illuminate/Database/Eloquent/Model.php(2844): Illuminate\Database\Eloquent\Model->forwardCallTo()
#16 /home/runner/work/unifco_platform/unifco_platform/vendor/laravel/framework/src/Illuminate/Database/Eloquent/Model.php(2860): Illuminate\Database\Eloquent\Model->__call()
#17 /home/runner/work/unifco_platform/unifco_platform/app/Http/Controllers/HR/HrComplianceController.php(86): Illuminate\Database\Eloquent\Model::__callStatic()
#18 /home/runner/work/unifco_platform/unifco_platform/vendor/laravel/framework/src/Illuminate/Routing/ControllerDispatcher.php(46): App\Http\Controllers\HR\HrComplianceController->scan()
#19 /home/runner/work/unifco_platform/unifco_platform/vendor/laravel/framework/src/Illuminate/Routing/Route.php(276): Illuminate\Routing\ControllerDispatcher->dispatch()
#20 /home/runner/work/unifco_platform/unifco_platform/vendor/laravel/framework/src/Illuminate/Routing/Route.php(216): Illuminate\Routing\Route->runController()
#21 /home/runner/work/unifco_platform/unifco_platform/vendor/laravel/framework/src/Illuminate/Routing/Router.php(822): Illuminate\Routing\Route->run()
#22 /home/runner/work/unifco_platform/unifco_platform/vendor/laravel/framework/src/Illuminate/Pipeline/Pipeline.php(180): Illuminate\Routing\Router->{closure:Illuminate\Routing\Router::runRouteWithinStack():821}()
#23 /home/runner/work/unifco_platform/unifco_platform/app/Http/Middleware/RequirePermission.php(19): Illuminate\Pipeline\Pipeline->{closure:Illuminate\Pipeline\Pipeline::prepareDestination():178}()
#24 /home/runner/work/unifco_platform/unifco_platform/vendor/laravel/framework/src/Illuminate/Pipeline/Pipeline.php(219): App\Http\Middleware\RequirePermission->handle()
#25 /home/runner/work/unifco_platform/unifco_platform/app/Http/Middleware/RequirePermission.php(19): Illuminate\Pipeline\Pipeline->{closure:{closure:Illuminate\Pipeline\Pipeline::carry():194}:195}()
#26 /home/runner/work/unifco_platform/unifco_platform/vendor/laravel/framework/src/Illuminate/Pipeline/Pipeline.php(219): App\Http\Middleware\RequirePermission->handle()
#27 /home/runner/work/unifco_platform/unifco_platform/app/Http/Middleware/EnsureUserSessionValid.php(29): Illuminate\Pipeline\Pipeline->{closure:{closure:Illuminate\Pipeline\Pipeline::carry():194}:195}()
#28 /home/runner/work/unifco_platform/unifco_platform/vendor/laravel/framework/src/Illuminate/Pipeline/Pipeline.php(219): App\Http\Middleware\EnsureUserSessionValid->handle()
#29 /home/runner/work/unifco_platform/unifco_platform/vendor/laravel/framework/src/Illuminate/Routing/Middleware/SubstituteBindings.php(52): Illuminate\Pipeline\Pipeline->{closure:{closure:Illuminate\Pipeline\Pipeline::carry():194}:195}()
#30 /home/runner/work/unifco_platform/unifco_platform/vendor/laravel/framework/src/Illuminate/Pipeline/Pipeline.php(219): Illuminate\Routing\Middleware\SubstituteBindings->handle()
#31 /home/runner/work/unifco_platform/unifco_platform/vendor/laravel/framework/src/Illuminate/Auth/Middleware/Authenticate.php(63): Illuminate\Pipeline\Pipeline->{closure:{closure:Illuminate\Pipeline\Pipeline::carry():194}:195}()
#32 /home/runner/work/unifco_platform/unifco_platform/vendor/laravel/framework/src/Illuminate/Pipeline/Pipeline.php(219): Illuminate\Auth\Middleware\Authenticate->handle()
#33 /home/runner/work/unifco_platform/unifco_platform/vendor/laravel/framework/src/Illuminate/Foundation/Http/Middleware/PreventRequestForgery.php(104): Illuminate\Pipeline\Pipeline->{closure:{closure:Illuminate\Pipeline\Pipeline::carry():194}:195}()
#34 /home/runner/work/unifco_platform/unifco_platform/vendor/laravel/framework/src/Illuminate/Pipeline/Pipeline.php(219): Illuminate\Foundation\Http\Middleware\PreventRequestForgery->handle()
#35 /home/runner/work/unifco_platform/unifco_platform/vendor/laravel/framework/src/Illuminate/View/Middleware/ShareErrorsFromSession.php(48): Illuminate\Pipeline\Pipeline->{closure:{closure:Illuminate\Pipeline\Pipeline::carry():194}:195}()
#36 /home/runner/work/unifco_platform/unifco_platform/vendor/laravel/framework/src/Illuminate/Pipeline/Pipeline.php(219): Illuminate\View\Middleware\ShareErrorsFromSession->handle()
#37 /home/runner/work/unifco_platform/unifco_platform/vendor/laravel/framework/src/Illuminate/Session/Middleware/StartSession.php(120): Illuminate\Pipeline\Pipeline->{closure:{closure:Illuminate\Pipeline\Pipeline::carry():194}:195}()
#38 /home/runner/work/unifco_platform/unifco_platform/vendor/laravel/framework/src/Illuminate/Session/Middleware/StartSession.php(63): Illuminate\Session\Middleware\StartSession->handleStatefulRequest()
#39 /home/runner/work/unifco_platform/unifco_platform/vendor/laravel/framework/src/Illuminate/Pipeline/Pipeline.php(219): Illuminate\Session\Middleware\StartSession->handle()
#40 /home/runner/work/unifco_platform/unifco_platform/vendor/laravel/framework/src/Illuminate/Cookie/Middleware/AddQueuedCookiesToResponse.php(36): Illuminate\Pipeline\Pipeline->{closure:{closure:Illuminate\Pipeline\Pipeline::carry():194}:195}()
#41 /home/runner/work/unifco_platform/unifco_platform/vendor/laravel/framework/src/Illuminate/Pipeline/Pipeline.php(219): Illuminate\Cookie\Middleware\AddQueuedCookiesToResponse->handle()
#42 /home/runner/work/unifco_platform/unifco_platform/vendor/laravel/framework/src/Illuminate/Cookie/Middleware/EncryptCookies.php(74): Illuminate\Pipeline\Pipeline->{closure:{closure:Illuminate\Pipeline\Pipeline::carry():194}:195}()
#43 /home/runner/work/unifco_platform/unifco_platform/vendor/laravel/framework/src/Illuminate/Pipeline/Pipeline.php(219): Illuminate\Cookie\Middleware\EncryptCookies->handle()
#44 /home/runner/work/unifco_platform/unifco_platform/vendor/laravel/framework/src/Illuminate/Pipeline/Pipeline.php(137): Illuminate\Pipeline\Pipeline->{closure:{closure:Illuminate\Pipeline\Pipeline::carry():194}:195}()
#45 /home/runner/work/unifco_platform/unifco_platform/vendor/laravel/framework/src/Illuminate/Routing/Router.php(821): Illuminate\Pipeline\Pipeline->then()
#46 /home/runner/work/unifco_platform/unifco_platform/vendor/laravel/framework/src/Illuminate/Routing/Router.php(800): Illuminate\Routing\Router->runRouteWithinStack()
#47 /home/runner/work/unifco_platform/unifco_platform/vendor/laravel/framework/src/Illuminate/Routing/Router.php(764): Illuminate\Routing\Router->runRoute()
#48 /home/runner/work/unifco_platform/unifco_platform/vendor/laravel/framework/src/Illuminate/Routing/Router.php(753): Illuminate\Routing\Router->dispatchToRoute()
#49 /home/runner/work/unifco_platform/unifco_platform/vendor/laravel/framework/src/Illuminate/Foundation/Http/Kernel.php(200): Illuminate\Routing\Router->dispatch()
#50 /home/runner/work/unifco_platform/unifco_platform/vendor/laravel/framework/src/Illuminate/Pipeline/Pipeline.php(180): Illuminate\Foundation\Http\Kernel->{closure:Illuminate\Foundation\Http\Kernel::dispatchToRouter():197}()
#51 /home/runner/work/unifco_platform/unifco_platform/vendor/laravel/framework/src/Illuminate/Foundation/Http/Middleware/TransformsRequest.php(21): Illuminate\Pipeline\Pipeline->{closure:Illuminate\Pipeline\Pipeline::prepareDestination():178}()
#52 /home/runner/work/unifco_platform/unifco_platform/vendor/laravel/framework/src/Illuminate/Foundation/Http/Middleware/ConvertEmptyStringsToNull.php(31): Illuminate\Foundation\Http\Middleware\TransformsRequest->handle()
#53 /home/runner/work/unifco_platform/unifco_platform/vendor/laravel/framework/src/Illuminate/Pipeline/Pipeline.php(219): Illuminate\Foundation\Http\Middleware\ConvertEmptyStringsToNull->handle()
#54 /home/runner/work/unifco_platform/unifco_platform/vendor/laravel/framework/src/Illuminate/Foundation/Http/Middleware/TransformsRequest.php(21): Illuminate\Pipeline\Pipeline->{closure:{closure:Illuminate\Pipeline\Pipeline::carry():194}:195}()
#55 /home/runner/work/unifco_platform/unifco_platform/vendor/laravel/framework/src/Illuminate/Foundation/Http/Middleware/TrimStrings.php(51): Illuminate\Foundation\Http\Middleware\TransformsRequest->handle()
#56 /home/runner/work/unifco_platform/unifco_platform/vendor/laravel/framework/src/Illuminate/Pipeline/Pipeline.php(219): Illuminate\Foundation\Http\Middleware\TrimStrings->handle()
#57 /home/runner/work/unifco_platform/unifco_platform/vendor/laravel/framework/src/Illuminate/Http/Middleware/ValidatePostSize.php(27): Illuminate\Pipeline\Pipeline->{closure:{closure:Illuminate\Pipeline\Pipeline::carry():194}:195}()
#58 /home/runner/work/unifco_platform/unifco_platform/vendor/laravel/framework/src/Illuminate/Pipeline/Pipeline.php(219): Illuminate\Http\Middleware\ValidatePostSize->handle()
#59 /home/runner/work/unifco_platform/unifco_platform/vendor/laravel/framework/src/Illuminate/Foundation/Http/Middleware/PreventRequestsDuringMaintenance.php(110): Illuminate\Pipeline\Pipeline->{closure:{closure:Illuminate\Pipeline\Pipeline::carry():194}:195}()
#60 /home/runner/work/unifco_platform/unifco_platform/vendor/laravel/framework/src/Illuminate/Pipeline/Pipeline.php(219): Illuminate\Foundation\Http\Middleware\PreventRequestsDuringMaintenance->handle()
#61 /home/runner/work/unifco_platform/unifco_platform/vendor/laravel/framework/src/Illuminate/Http/Middleware/HandleCors.php(61): Illuminate\Pipeline\Pipeline->{closure:{closure:Illuminate\Pipeline\Pipeline::carry():194}:195}()
#62 /home/runner/work/unifco_platform/unifco_platform/vendor/laravel/framework/src/Illuminate/Pipeline/Pipeline.php(219): Illuminate\Http\Middleware\HandleCors->handle()
#63 /home/runner/work/unifco_platform/unifco_platform/vendor/laravel/framework/src/Illuminate/Http/Middleware/TrustProxies.php(58): Illuminate\Pipeline\Pipeline->{closure:{closure:Illuminate\Pipeline\Pipeline::carry():194}:195}()
#64 /home/runner/work/unifco_platform/unifco_platform/vendor/laravel/framework/src/Illuminate/Pipeline/Pipeline.php(219): Illuminate\Http\Middleware\TrustProxies->handle()
#65 /home/runner/work/unifco_platform/unifco_platform/vendor/laravel/framework/src/Illuminate/Foundation/Http/Middleware/InvokeDeferredCallbacks.php(22): Illuminate\Pipeline\Pipeline->{closure:{closure:Illuminate\Pipeline\Pipeline::carry():194}:195}()
#66 /home/runner/work/unifco_platform/unifco_platform/vendor/laravel/framework/src/Illuminate/Pipeline/Pipeline.php(219): Illuminate\Foundation\Http\Middleware\InvokeDeferredCallbacks->handle()
#67 /home/runner/work/unifco_platform/unifco_platform/vendor/laravel/framework/src/Illuminate/Http/Middleware/ValidatePathEncoding.php(28): Illuminate\Pipeline\Pipeline->{closure:{closure:Illuminate\Pipeline\Pipeline::carry():194}:195}()
#68 /home/runner/work/unifco_platform/unifco_platform/vendor/laravel/framework/src/Illuminate/Pipeline/Pipeline.php(219): Illuminate\Http\Middleware\ValidatePathEncoding->handle()
#69 /home/runner/work/unifco_platform/unifco_platform/vendor/laravel/framework/src/Illuminate/Pipeline/Pipeline.php(137): Illuminate\Pipeline\Pipeline->{closure:{closure:Illuminate\Pipeline\Pipeline::carry():194}:195}()
#70 /home/runner/work/unifco_platform/unifco_platform/vendor/laravel/framework/src/Illuminate/Foundation/Http/Kernel.php(175): Illuminate\Pipeline\Pipeline->then()
#71 /home/runner/work/unifco_platform/unifco_platform/vendor/laravel/framework/src/Illuminate/Foundation/Http/Kernel.php(144): Illuminate\Foundation\Http\Kernel->sendRequestThroughRouter()
#72 /home/runner/work/unifco_platform/unifco_platform/vendor/laravel/framework/src/Illuminate/Foundation/Testing/Concerns/MakesHttpRequests.php(638): Illuminate\Foundation\Http\Kernel->handle()
#73 /home/runner/work/unifco_platform/unifco_platform/vendor/laravel/framework/src/Illuminate/Foundation/Testing/Concerns/MakesHttpRequests.php(397): Illuminate\Foundation\Testing\TestCase->call()
#74 /home/runner/work/unifco_platform/unifco_platform/tests/Feature/HrCompliancePhase10Test.php(49): Illuminate\Foundation\Testing\TestCase->post()
#75 /home/runner/work/unifco_platform/unifco_platform/vendor/phpunit/phpunit/src/Framework/TestCase.php(1318): Tests\Feature\HrCompliancePhase10Test->test_qiwa_and_gosi_evidence_can_be_recorded_then_scan_clears_source_findings()
#76 /home/runner/work/unifco_platform/unifco_platform/vendor/phpunit/phpunit/src/Framework/TestCase.php(1355): PHPUnit\Framework\TestCase->invokeTestMethod()
#77 /home/runner/work/unifco_platform/unifco_platform/vendor/phpunit/phpunit/src/Framework/TestCase.php(521): PHPUnit\Framework\TestCase->runTest()
#78 /home/runner/work/unifco_platform/unifco_platform/vendor/phpunit/phpunit/src/Framework/TestRunner/TestRunner.php(99): PHPUnit\Framework\TestCase->runBare()
#79 /home/runner/work/unifco_platform/unifco_platform/vendor/phpunit/phpunit/src/Framework/TestCase.php(361): PHPUnit\Framework\TestRunner->run()
#80 /home/runner/work/unifco_platform/unifco_platform/vendor/phpunit/phpunit/src/Framework/TestSuite.php(374): PHPUnit\Framework\TestCase->run()
#81 /home/runner/work/unifco_platform/unifco_platform/vendor/phpunit/phpunit/src/Framework/TestSuite.php(374): PHPUnit\Framework\TestSuite->run()
#82 /home/runner/work/unifco_platform/unifco_platform/vendor/phpunit/phpunit/src/TextUI/TestRunner.php(64): PHPUnit\Framework\TestSuite->run()
#83 /home/runner/work/unifco_platform/unifco_platform/vendor/phpunit/phpunit/src/TextUI/Application.php(229): PHPUnit\TextUI\TestRunner->run()
#84 /home/runner/work/unifco_platform/unifco_platform/vendor/phpunit/phpunit/phpunit(104): PHPUnit\TextUI\Application->run()
#85 {main}

Next Illuminate\Database\UniqueConstraintViolationException: SQLSTATE[23000]: Integrity constraint violation: 19 UNIQUE constraint failed: hr_compliance_scan_runs.tenant_id, hr_compliance_scan_runs.scan_no (Connection: sqlite, Database: :memory:, SQL: insert into "hr_compliance_scan_runs" ("organization_id", "scan_no", "summary", "run_by", "completed_at", "tenant_id", "updated_at", "created_at") values (1, HRC-20260823-134226, {"active_employees":2,"saudi_employees":1,"active_contracts":1,"qiwa_documented_pct":100,"new_or_existing_findings":5,"new_cases":0,"open_cases":5}, 1, 2026-08-23 13:42:26, 1, 2026-08-23 13:42:26, 2026-08-23 13:42:26)) in /home/runner/work/unifco_platform/unifco_platform/vendor/laravel/framework/src/Illuminate/Database/Connection.php:857
Stack trace:
#0 /home/runner/work/unifco_platform/unifco_platform/vendor/laravel/framework/src/Illuminate/Database/Connection.php(813): Illuminate\Database\Connection->runQueryCallback()
#1 /home/runner/work/unifco_platform/unifco_platform/vendor/laravel/framework/src/Illuminate/Database/Connection.php(590): Illuminate\Database\Connection->run()
#2 /home/runner/work/unifco_platform/unifco_platform/vendor/laravel/framework/src/Illuminate/Database/Connection.php(554): Illuminate\Database\Connection->statement()
#3 /home/runner/work/unifco_platform/unifco_platform/vendor/laravel/framework/src/Illuminate/Database/Query/Processors/Processor.php(32): Illuminate\Database\Connection->insert()
#4 /home/runner/work/unifco_platform/unifco_platform/vendor/laravel/framework/src/Illuminate/Database/Query/Builder.php(4257): Illuminate\Database\Query\Processors\Processor->processInsertGetId()
#5 /home/runner/work/unifco_platform/unifco_platform/vendor/laravel/framework/src/Illuminate/Database/Eloquent/Builder.php(2281): Illuminate\Database\Query\Builder->insertGetId()
#6 /home/runner/work/unifco_platform/unifco_platform/vendor/laravel/framework/src/Illuminate/Database/Eloquent/Model.php(1687): Illuminate\Database\Eloquent\Builder->__call()
#7 /home/runner/work/unifco_platform/unifco_platform/vendor/laravel/framework/src/Illuminate/Database/Eloquent/Model.php(1603): Illuminate\Database\Eloquent\Model->insertAndSetId()
#8 /home/runner/work/unifco_platform/unifco_platform/vendor/laravel/framework/src/Illuminate/Database/Eloquent/Model.php(1407): Illuminate\Database\Eloquent\Model->performInsert()
#9 /home/runner/work/unifco_platform/unifco_platform/vendor/laravel/framework/src/Illuminate/Database/Eloquent/Builder.php(1235): Illuminate\Database\Eloquent\Model->save()
#10 /home/runner/work/unifco_platform/unifco_platform/vendor/laravel/framework/src/Illuminate/Support/helpers.php(393): Illuminate\Database\Eloquent\Builder->{closure:Illuminate\Database\Eloquent\Builder::create():1234}()
#11 /home/runner/work/unifco_platform/unifco_platform/vendor/laravel/framework/src/Illuminate/Database/Eloquent/Builder.php(1234): tap()
#12 /home/runner/work/unifco_platform/unifco_platform/vendor/laravel/framework/src/Illuminate/Support/Traits/ForwardsCalls.php(23): Illuminate\Database\Eloquent\Builder->create()
#13 /home/runner/work/unifco_platform/unifco_platform/vendor/laravel/framework/src/Illuminate/Database/Eloquent/Model.php(2844): Illuminate\Database\Eloquent\Model->forwardCallTo()
#14 /home/runner/work/unifco_platform/unifco_platform/vendor/laravel/framework/src/Illuminate/Database/Eloquent/Model.php(2860): Illuminate\Database\Eloquent\Model->__call()
#15 /home/runner/work/unifco_platform/unifco_platform/app/Http/Controllers/HR/HrComplianceController.php(86): Illuminate\Database\Eloquent\Model::__callStatic()
#16 /home/runner/work/unifco_platform/unifco_platform/vendor/laravel/framework/src/Illuminate/Routing/ControllerDispatcher.php(46): App\Http\Controllers\HR\HrComplianceController->scan()
#17 /home/runner/work/unifco_platform/unifco_platform/vendor/laravel/framework/src/Illuminate/Routing/Route.php(276): Illuminate\Routing\ControllerDispatcher->dispatch()
#18 /home/runner/work/unifco_platform/unifco_platform/vendor/laravel/framework/src/Illuminate/Routing/Route.php(216): Illuminate\Routing\Route->runController()
#19 /home/runner/work/unifco_platform/unifco_platform/vendor/laravel/framework/src/Illuminate/Routing/Router.php(822): Illuminate\Routing\Route->run()
#20 /home/runner/work/unifco_platform/unifco_platform/vendor/laravel/framework/src/Illuminate/Pipeline/Pipeline.php(180): Illuminate\Routing\Router->{closure:Illuminate\Routing\Router::runRouteWithinStack():821}()
#21 /home/runner/work/unifco_platform/unifco_platform/app/Http/Middleware/RequirePermission.php(19): Illuminate\Pipeline\Pipeline->{closure:Illuminate\Pipeline\Pipeline::prepareDestination():178}()
#22 /home/runner/work/unifco_platform/unifco_platform/vendor/laravel/framework/src/Illuminate/Pipeline/Pipeline.php(219): App\Http\Middleware\RequirePermission->handle()
#23 /home/runner/work/unifco_platform/unifco_platform/app/Http/Middleware/RequirePermission.php(19): Illuminate\Pipeline\Pipeline->{closure:{closure:Illuminate\Pipeline\Pipeline::carry():194}:195}()
#24 /home/runner/work/unifco_platform/unifco_platform/vendor/laravel/framework/src/Illuminate/Pipeline/Pipeline.php(219): App\Http\Middleware\RequirePermission->handle()
#25 /home/runner/work/unifco_platform/unifco_platform/app/Http/Middleware/EnsureUserSessionValid.php(29): Illuminate\Pipeline\Pipeline->{closure:{closure:Illuminate\Pipeline\Pipeline::carry():194}:195}()
#26 /home/runner/work/unifco_platform/unifco_platform/vendor/laravel/framework/src/Illuminate/Pipeline/Pipeline.php(219): App\Http\Middleware\EnsureUserSessionValid->handle()
#27 /home/runner/work/unifco_platform/unifco_platform/vendor/laravel/framework/src/Illuminate/Routing/Middleware/SubstituteBindings.php(52): Illuminate\Pipeline\Pipeline->{closure:{closure:Illuminate\Pipeline\Pipeline::carry():194}:195}()
#28 /home/runner/work/unifco_platform/unifco_platform/vendor/laravel/framework/src/Illuminate/Pipeline/Pipeline.php(219): Illuminate\Routing\Middleware\SubstituteBindings->handle()
#29 /home/runner/work/unifco_platform/unifco_platform/vendor/laravel/framework/src/Illuminate/Auth/Middleware/Authenticate.php(63): Illuminate\Pipeline\Pipeline->{closure:{closure:Illuminate\Pipeline\Pipeline::carry():194}:195}()
#30 /home/runner/work/unifco_platform/unifco_platform/vendor/laravel/framework/src/Illuminate/Pipeline/Pipeline.php(219): Illuminate\Auth\Middleware\Authenticate->handle()
#31 /home/runner/work/unifco_platform/unifco_platform/vendor/laravel/framework/src/Illuminate/Foundation/Http/Middleware/PreventRequestForgery.php(104): Illuminate\Pipeline\Pipeline->{closure:{closure:Illuminate\Pipeline\Pipeline::carry():194}:195}()
#32 /home/runner/work/unifco_platform/unifco_platform/vendor/laravel/framework/src/Illuminate/Pipeline/Pipeline.php(219): Illuminate\Foundation\Http\Middleware\PreventRequestForgery->handle()
#33 /home/runner/work/unifco_platform/unifco_platform/vendor/laravel/framework/src/Illuminate/View/Middleware/ShareErrorsFromSession.php(48): Illuminate\Pipeline\Pipeline->{closure:{closure:Illuminate\Pipeline\Pipeline::carry():194}:195}()
#34 /home/runner/work/unifco_platform/unifco_platform/vendor/laravel/framework/src/Illuminate/Pipeline/Pipeline.php(219): Illuminate\View\Middleware\ShareErrorsFromSession->handle()
#35 /home/runner/work/unifco_platform/unifco_platform/vendor/laravel/framework/src/Illuminate/Session/Middleware/StartSession.php(120): Illuminate\Pipeline\Pipeline->{closure:{closure:Illuminate\Pipeline\Pipeline::carry():194}:195}()
#36 /home/runner/work/unifco_platform/unifco_platform/vendor/laravel/framework/src/Illuminate/Session/Middleware/StartSession.php(63): Illuminate\Session\Middleware\StartSession->handleStatefulRequest()
#37 /home/runner/work/unifco_platform/unifco_platform/vendor/laravel/framework/src/Illuminate/Pipeline/Pipeline.php(219): Illuminate\Session\Middleware\StartSession->handle()
#38 /home/runner/work/unifco_platform/unifco_platform/vendor/laravel/framework/src/Illuminate/Cookie/Middleware/AddQueuedCookiesToResponse.php(36): Illuminate\Pipeline\Pipeline->{closure:{closure:Illuminate\Pipeline\Pipeline::carry():194}:195}()
#39 /home/runner/work/unifco_platform/unifco_platform/vendor/laravel/framework/src/Illuminate/Pipeline/Pipeline.php(219): Illuminate\Cookie\Middleware\AddQueuedCookiesToResponse->handle()
#40 /home/runner/work/unifco_platform/unifco_platform/vendor/laravel/framework/src/Illuminate/Cookie/Middleware/EncryptCookies.php(74): Illuminate\Pipeline\Pipeline->{closure:{closure:Illuminate\Pipeline\Pipeline::carry():194}:195}()
#41 /home/runner/work/unifco_platform/unifco_platform/vendor/laravel/framework/src/Illuminate/Pipeline/Pipeline.php(219): Illuminate\Cookie\Middleware\EncryptCookies->handle()
#42 /home/runner/work/unifco_platform/unifco_platform/vendor/laravel/framework/src/Illuminate/Pipeline/Pipeline.php(137): Illuminate\Pipeline\Pipeline->{closure:{closure:Illuminate\Pipeline\Pipeline::carry():194}:195}()
#43 /home/runner/work/unifco_platform/unifco_platform/vendor/laravel/framework/src/Illuminate/Routing/Router.php(821): Illuminate\Pipeline\Pipeline->then()
#44 /home/runner/work/unifco_platform/unifco_platform/vendor/laravel/framework/src/Illuminate/Routing/Router.php(800): Illuminate\Routing\Router->runRouteWithinStack()
#45 /home/runner/work/unifco_platform/unifco_platform/vendor/laravel/framework/src/Illuminate/Routing/Router.php(764): Illuminate\Routing\Router->runRoute()
#46 /home/runner/work/unifco_platform/unifco_platform/vendor/laravel/framework/src/Illuminate/Routing/Router.php(753): Illuminate\Routing\Router->dispatchToRoute()
#47 /home/runner/work/unifco_platform/unifco_platform/vendor/laravel/framework/src/Illuminate/Foundation/Http/Kernel.php(200): Illuminate\Routing\Router->dispatch()
#48 /home/runner/work/unifco_platform/unifco_platform/vendor/laravel/framework/src/Illuminate/Pipeline/Pipeline.php(180): Illuminate\Foundation\Http\Kernel->{closure:Illuminate\Foundation\Http\Kernel::dispatchToRouter():197}()
#49 /home/runner/work/unifco_platform/unifco_platform/vendor/laravel/framework/src/Illuminate/Foundation/Http/Middleware/TransformsRequest.php(21): Illuminate\Pipeline\Pipeline->{closure:Illuminate\Pipeline\Pipeline::prepareDestination():178}()
#50 /home/runner/work/unifco_platform/unifco_platform/vendor/laravel/framework/src/Illuminate/Foundation/Http/Middleware/ConvertEmptyStringsToNull.php(31): Illuminate\Foundation\Http\Middleware\TransformsRequest->handle()
#51 /home/runner/work/unifco_platform/unifco_platform/vendor/laravel/framework/src/Illuminate/Pipeline/Pipeline.php(219): Illuminate\Foundation\Http\Middleware\ConvertEmptyStringsToNull->handle()
#52 /home/runner/work/unifco_platform/unifco_platform/vendor/laravel/framework/src/Illuminate/Foundation/Http/Middleware/TransformsRequest.php(21): Illuminate\Pipeline\Pipeline->{closure:{closure:Illuminate\Pipeline\Pipeline::carry():194}:195}()
#53 /home/runner/work/unifco_platform/unifco_platform/vendor/laravel/framework/src/Illuminate/Foundation/Http/Middleware/TrimStrings.php(51): Illuminate\Foundation\Http\Middleware\TransformsRequest->handle()
#54 /home/runner/work/unifco_platform/unifco_platform/vendor/laravel/framework/src/Illuminate/Pipeline/Pipeline.php(219): Illuminate\Foundation\Http\Middleware\TrimStrings->handle()
#55 /home/runner/work/unifco_platform/unifco_platform/vendor/laravel/framework/src/Illuminate/Http/Middleware/ValidatePostSize.php(27): Illuminate\Pipeline\Pipeline->{closure:{closure:Illuminate\Pipeline\Pipeline::carry():194}:195}()
#56 /home/runner/work/unifco_platform/unifco_platform/vendor/laravel/framework/src/Illuminate/Pipeline/Pipeline.php(219): Illuminate\Http\Middleware\ValidatePostSize->handle()
#57 /home/runner/work/unifco_platform/unifco_platform/vendor/laravel/framework/src/Illuminate/Foundation/Http/Middleware/PreventRequestsDuringMaintenance.php(110): Illuminate\Pipeline\Pipeline->{closure:{closure:Illuminate\Pipeline\Pipeline::carry():194}:195}()
#58 /home/runner/work/unifco_platform/unifco_platform/vendor/laravel/framework/src/Illuminate/Pipeline/Pipeline.php(219): Illuminate\Foundation\Http\Middleware\PreventRequestsDuringMaintenance->handle()
#59 /home/runner/work/unifco_platform/unifco_platform/vendor/laravel/framework/src/Illuminate/Http/Middleware/HandleCors.php(61): Illuminate\Pipeline\Pipeline->{closure:{closure:Illuminate\Pipeline\Pipeline::carry():194}:195}()
#60 /home/runner/work/unifco_platform/unifco_platform/vendor/laravel/framework/src/Illuminate/Pipeline/Pipeline.php(219): Illuminate\Http\Middleware\HandleCors->handle()
#61 /home/runner/work/unifco_platform/unifco_platform/vendor/laravel/framework/src/Illuminate/Http/Middleware/TrustProxies.php(58): Illuminate\Pipeline\Pipeline->{closure:{closure:Illuminate\Pipeline\Pipeline::carry():194}:195}()
#62 /home/runner/work/unifco_platform/unifco_platform/vendor/laravel/framework/src/Illuminate/Pipeline/Pipeline.php(219): Illuminate\Http\Middleware\TrustProxies->handle()
#63 /home/runner/work/unifco_platform/unifco_platform/vendor/laravel/framework/src/Illuminate/Foundation/Http/Middleware/InvokeDeferredCallbacks.php(22): Illuminate\Pipeline\Pipeline->{closure:{closure:Illuminate\Pipeline\Pipeline::carry():194}:195}()
#64 /home/runner/work/unifco_platform/unifco_platform/vendor/laravel/framework/src/Illuminate/Pipeline/Pipeline.php(219): Illuminate\Foundation\Http\Middleware\InvokeDeferredCallbacks->handle()
#65 /home/runner/work/unifco_platform/unifco_platform/vendor/laravel/framework/src/Illuminate/Http/Middleware/ValidatePathEncoding.php(28): Illuminate\Pipeline\Pipeline->{closure:{closure:Illuminate\Pipeline\Pipeline::carry():194}:195}()
#66 /home/runner/work/unifco_platform/unifco_platform/vendor/laravel/framework/src/Illuminate/Pipeline/Pipeline.php(219): Illuminate\Http\Middleware\ValidatePathEncoding->handle()
#67 /home/runner/work/unifco_platform/unifco_platform/vendor/laravel/framework/src/Illuminate/Pipeline/Pipeline.php(137): Illuminate\Pipeline\Pipeline->{closure:{closure:Illuminate\Pipeline\Pipeline::carry():194}:195}()
#68 /home/runner/work/unifco_platform/unifco_platform/vendor/laravel/framework/src/Illuminate/Foundation/Http/Kernel.php(175): Illuminate\Pipeline\Pipeline->then()
#69 /home/runner/work/unifco_platform/unifco_platform/vendor/laravel/framework/src/Illuminate/Foundation/Http/Kernel.php(144): Illuminate\Foundation\Http\Kernel->sendRequestThroughRouter()
#70 /home/runner/work/unifco_platform/unifco_platform/vendor/laravel/framework/src/Illuminate/Foundation/Testing/Concerns/MakesHttpRequests.php(638): Illuminate\Foundation\Http\Kernel->handle()
#71 /home/runner/work/unifco_platform/unifco_platform/vendor/laravel/framework/src/Illuminate/Foundation/Testing/Concerns/MakesHttpRequests.php(397): Illuminate\Foundation\Testing\TestCase->call()
#72 /home/runner/work/unifco_platform/unifco_platform/tests/Feature/HrCompliancePhase10Test.php(49): Illuminate\Foundation\Testing\TestCase->post()
#73 /home/runner/work/unifco_platform/unifco_platform/vendor/phpunit/phpunit/src/Framework/TestCase.php(1318): Tests\Feature\HrCompliancePhase10Test->test_qiwa_and_gosi_evidence_can_be_recorded_then_scan_clears_source_findings()
#74 /home/runner/work/unifco_platform/unifco_platform/vendor/phpunit/phpunit/src/Framework/TestCase.php(1355): PHPUnit\Framework\TestCase->invokeTestMethod()
#75 /home/runner/work/unifco_platform/unifco_platform/vendor/phpunit/phpunit/src/Framework/TestCase.php(521): PHPUnit\Framework\TestCase->runTest()
#76 /home/runner/work/unifco_platform/unifco_platform/vendor/phpunit/phpunit/src/Framework/TestRunner/TestRunner.php(99): PHPUnit\Framework\TestCase->runBare()
#77 /home/runner/work/unifco_platform/unifco_platform/vendor/phpunit/phpunit/src/Framework/TestCase.php(361): PHPUnit\Framework\TestRunner->run()
#78 /home/runner/work/unifco_platform/unifco_platform/vendor/phpunit/phpunit/src/Framework/TestSuite.php(374): PHPUnit\Framework\TestCase->run()
#79 /home/runner/work/unifco_platform/unifco_platform/vendor/phpunit/phpunit/src/Framework/TestSuite.php(374): PHPUnit\Framework\TestSuite->run()
#80 /home/runner/work/unifco_platform/unifco_platform/vendor/phpunit/phpunit/src/TextUI/TestRunner.php(64): PHPUnit\Framework\TestSuite->run()
#81 /home/runner/work/unifco_platform/unifco_platform/vendor/phpunit/phpunit/src/TextUI/Application.php(229): PHPUnit\TextUI\TestRunner->run()
#82 /home/runner/work/unifco_platform/unifco_platform/vendor/phpunit/phpunit/phpunit(104): PHPUnit\TextUI\Application->run()
#83 {main}

----------------------------------------------------------------------------------

SQLSTATE[23000]: Integrity constraint violation: 19 UNIQUE constraint failed: hr_compliance_scan_runs.tenant_id, hr_compliance_scan_runs.scan_no (Connection: sqlite, Database: :memory:, SQL: insert into "hr_compliance_scan_runs" ("organization_id", "scan_no", "summary", "run_by", "completed_at", "tenant_id", "updated_at", "created_at") values (1, HRC-20260823-134226, {"active_employees":2,"saudi_employees":1,"active_contracts":1,"qiwa_documented_pct":100,"new_or_existing_findings":5,"new_cases":0,"open_cases":5}, 1, 2026-08-23 13:42:26, 1, 2026-08-23 13:42:26, 2026-08-23 13:42:26))[39;22m

  at [32mtests/Feature/HrCompliancePhase10Test.php[39m:[32m49[39m
     45▕         $this->actingAs($c['admin'])->post('/hr/compliance/scan')->assertRedirect();
     46▕         $this->actingAs($c['admin'])->post('/hr/compliance/contracts/'.$c['contract']->id.'/qiwa',['qiwa_status'=>'DOCUMENTED','qiwa_contract_ref'=>'QIWA-REF-1','qiwa_documented_on'=>today()->toDateString()])->assertRedirect();
     47▕         $this->actingAs($c['admin'])->post('/hr/compliance/employees/'.$c['saudi']->id.'/gosi',['gosi_status'=>'REGISTERED','gosi_no'=>'GOSI-001','gosi_registered_on'=>today()->toDateString()])->assertRedirect();
     48▕         $this->actingAs($c['admin'])->post('/hr/compliance/profile',['economic_activity'=>'Facilities Management','qiwa_contract_target_pct'=>90,'nitaqat_reported_band'=>'HIGH_GREEN','wps_status'=>'COMPLIANT','last_wps_period'=>today()->startOfMonth()->toDateString(),'mudad_reference'=>'MUDAD-1','last_gosi_reconciliation_on'=>today()->toDateString(),'last_qiwa_reconciliation_on'=>today()->toDateString(),'last_nitaqat_review_on'=>today()->toDateString()])->assertRedirect();
  ➜  49▕         $this->actingAs($c['admin'])->post('/hr/compliance/scan')->assertRedirect();
     50▕         $this->assertSame('DOCUMENTED',$c['contract']->fresh()->qiwa_status);
     51▕         $this->assertSame('REGISTERED',$c['saudi']->fresh()->gosi_status);
     52▕         $this->assertDatabaseHas('hr_compliance_cases',['source_key'=>'qiwa:'.$c['contract']->id,'status'=>'RESOLVED']);
     53▕     }


  [90mTests:[39m    [31;1m1 failed[39;22m[90m,[39m[39m [39m[32;1m54 passed[39;22m[90m (357 assertions)[39m
  [90mDuration:[39m [39m25.19s[39m

