  - Installing vlucas/phpdotenv (v5.7.0): Extracting archive
  - Installing symfony/css-selector (v7.4.17): Extracting archive
  - Installing tijsverkoyen/css-to-inline-styles (v2.4.0): Extracting archive
  - Installing symfony/var-dumper (v7.4.17): Extracting archive
  - Installing symfony/polyfill-uuid (v1.37.0): Extracting archive
  - Installing symfony/uid (v7.4.17): Extracting archive
  - Installing symfony/routing (v7.4.17): Extracting archive
  - Installing symfony/process (v7.4.17): Extracting archive
  - Installing symfony/polyfill-php86 (v1.41.0): Extracting archive
  - Installing symfony/polyfill-php85 (v1.41.0): Extracting archive
  - Installing symfony/polyfill-php84 (v1.38.1): Extracting archive
  - Installing symfony/polyfill-intl-idn (v1.42.0): Extracting archive
  - Installing symfony/mime (v7.4.17): Extracting archive
  - Installing psr/event-dispatcher (1.0.0): Extracting archive
  - Installing symfony/event-dispatcher-contracts (v3.7.1): Extracting archive
  - Installing symfony/event-dispatcher (v7.4.17): Extracting archive
  - Installing psr/log (3.0.2): Extracting archive
  - Installing egulias/email-validator (4.0.4): Extracting archive
  - Installing symfony/mailer (v7.4.17): Extracting archive
  - Installing symfony/error-handler (v7.4.17): Extracting archive
  - Installing symfony/http-kernel (v7.4.17): Extracting archive
  - Installing symfony/finder (v7.4.17): Extracting archive
  - Installing ramsey/collection (2.1.1): Extracting archive
  - Installing brick/math (0.18.0): Extracting archive
  - Installing ramsey/uuid (4.9.3): Extracting archive
  - Installing psr/simple-cache (3.0.0): Extracting archive
  - Installing symfony/translation-contracts (v3.7.1): Extracting archive
  - Installing symfony/translation (v7.4.17): Extracting archive
  - Installing symfony/polyfill-php83 (v1.41.0): Extracting archive
  - Installing psr/clock (1.0.0): Extracting archive
  - Installing symfony/clock (v7.4.8): Extracting archive
  - Installing carbonphp/carbon-doctrine-types (3.2.0): Extracting archive
  - Installing nesbot/carbon (3.13.2): Extracting archive
  - Installing monolog/monolog (3.10.0): Extracting archive
  - Installing league/uri-interfaces (7.8.1): Extracting archive
  - Installing league/uri (7.8.1): Extracting archive
  - Installing league/mime-type-detection (1.17.0): Extracting archive
  - Installing league/flysystem-local (3.35.3): Extracting archive
  - Installing league/flysystem (3.35.3): Extracting archive
  - Installing nette/utils (v4.1.5): Extracting archive
  - Installing nette/schema (v1.3.6): Extracting archive
  - Installing dflydev/dot-access-data (v3.0.3): Extracting archive
  - Installing league/config (v1.2.0): Extracting archive
  - Installing league/commonmark (2.10.0): Extracting archive
  - Installing laravel/serializable-closure (v2.0.16): Extracting archive
  - Installing laravel/prompts (v0.3.24): Extracting archive
  - Installing laravel/framework (v13.29.0): Extracting archive
  - Installing laravel/pail (v1.2.7): Extracting archive
  - Installing laravel/agent-detector (v2.0.2): Extracting archive
  - Installing laravel/pao (v1.1.4): Extracting archive
  - Installing laravel/pint (v1.30.5): Extracting archive
  - Installing nikic/php-parser (v5.8.0): Extracting archive
  - Installing psy/psysh (v0.12.24): Extracting archive
  - Installing laravel/tinker (v3.0.2): Extracting archive
  - Installing hamcrest/hamcrest-php (v3.0.0): Extracting archive
  - Installing mockery/mockery (1.6.15): Extracting archive
  - Installing filp/whoops (2.18.4): Extracting archive
  - Installing nunomaduro/collision (v8.9.5): Extracting archive
  - Installing staabm/side-effects-detector (1.0.5): Extracting archive
  - Installing sebastian/version (6.0.0): Extracting archive
  - Installing sebastian/type (6.0.4): Extracting archive
  - Installing sebastian/recursion-context (7.0.1): Extracting archive
  - Installing sebastian/object-reflector (5.0.0): Extracting archive
  - Installing sebastian/object-enumerator (7.0.0): Extracting archive
  - Installing sebastian/global-state (8.0.3): Extracting archive
  - Installing sebastian/exporter (7.0.3): Extracting archive
  - Installing sebastian/environment (8.1.2): Extracting archive
  - Installing sebastian/diff (7.0.1): Extracting archive
  - Installing sebastian/comparator (7.1.8): Extracting archive
  - Installing sebastian/cli-parser (4.2.1): Extracting archive
  - Installing phpunit/php-timer (8.0.0): Extracting archive
  - Installing phpunit/php-text-template (5.0.0): Extracting archive
  - Installing phpunit/php-invoker (6.0.0): Extracting archive
  - Installing phpunit/php-file-iterator (6.0.2): Extracting archive
  - Installing theseer/tokenizer (2.0.1): Extracting archive
  - Installing sebastian/lines-of-code (4.0.1): Extracting archive
  - Installing sebastian/complexity (5.0.0): Extracting archive
  - Installing phpunit/php-code-coverage (12.5.7): Extracting archive
  - Installing phar-io/version (3.2.1): Extracting archive
  - Installing phar-io/manifest (2.0.4): Extracting archive
  - Installing myclabs/deep-copy (1.14.0): Extracting archive
  - Installing phpunit/phpunit (12.5.34): Extracting archive
Generating optimized autoload files
> Illuminate\Foundation\ComposerScripts::postAutoloadDump
> @php artisan package:discover --ansi

  [37;44m INFO [39;49m Discovering packages.  

  laravel/pail [90m.[39m[90m.[39m[90m.[39m[90m.[39m[90m.[39m[90m.[39m[90m.[39m[90m.[39m[90m.[39m[90m.[39m[90m.[39m[90m.[39m[90m.[39m[90m.[39m[90m.[39m[90m.[39m[90m.[39m[90m.[39m[90m.[39m[90m.[39m[90m.[39m[90m.[39m[90m.[39m[90m.[39m[90m.[39m[90m.[39m[90m.[39m[90m.[39m[90m.[39m[90m.[39m[90m.[39m[90m.[39m[90m.[39m[90m.[39m[90m.[39m[90m.[39m[90m.[39m[90m.[39m[90m.[39m[90m.[39m[90m.[39m[90m.[39m[90m.[39m[90m.[39m[90m.[39m[90m.[39m[90m.[39m[90m.[39m[90m.[39m[90m.[39m[90m.[39m[90m.[39m[90m.[39m[90m.[39m[90m.[39m[90m.[39m[90m.[39m[90m.[39m [32;1mDONE[39;22m
  laravel/pao [90m.[39m[90m.[39m[90m.[39m[90m.[39m[90m.[39m[90m.[39m[90m.[39m[90m.[39m[90m.[39m[90m.[39m[90m.[39m[90m.[39m[90m.[39m[90m.[39m[90m.[39m[90m.[39m[90m.[39m[90m.[39m[90m.[39m[90m.[39m[90m.[39m[90m.[39m[90m.[39m[90m.[39m[90m.[39m[90m.[39m[90m.[39m[90m.[39m[90m.[39m[90m.[39m[90m.[39m[90m.[39m[90m.[39m[90m.[39m[90m.[39m[90m.[39m[90m.[39m[90m.[39m[90m.[39m[90m.[39m[90m.[39m[90m.[39m[90m.[39m[90m.[39m[90m.[39m[90m.[39m[90m.[39m[90m.[39m[90m.[39m[90m.[39m[90m.[39m[90m.[39m[90m.[39m[90m.[39m[90m.[39m[90m.[39m[90m.[39m[90m.[39m[90m.[39m [32;1mDONE[39;22m
  laravel/tinker [90m.[39m[90m.[39m[90m.[39m[90m.[39m[90m.[39m[90m.[39m[90m.[39m[90m.[39m[90m.[39m[90m.[39m[90m.[39m[90m.[39m[90m.[39m[90m.[39m[90m.[39m[90m.[39m[90m.[39m[90m.[39m[90m.[39m[90m.[39m[90m.[39m[90m.[39m[90m.[39m[90m.[39m[90m.[39m[90m.[39m[90m.[39m[90m.[39m[90m.[39m[90m.[39m[90m.[39m[90m.[39m[90m.[39m[90m.[39m[90m.[39m[90m.[39m[90m.[39m[90m.[39m[90m.[39m[90m.[39m[90m.[39m[90m.[39m[90m.[39m[90m.[39m[90m.[39m[90m.[39m[90m.[39m[90m.[39m[90m.[39m[90m.[39m[90m.[39m[90m.[39m[90m.[39m[90m.[39m[90m.[39m[90m.[39m [32;1mDONE[39;22m
  nesbot/carbon [90m.[39m[90m.[39m[90m.[39m[90m.[39m[90m.[39m[90m.[39m[90m.[39m[90m.[39m[90m.[39m[90m.[39m[90m.[39m[90m.[39m[90m.[39m[90m.[39m[90m.[39m[90m.[39m[90m.[39m[90m.[39m[90m.[39m[90m.[39m[90m.[39m[90m.[39m[90m.[39m[90m.[39m[90m.[39m[90m.[39m[90m.[39m[90m.[39m[90m.[39m[90m.[39m[90m.[39m[90m.[39m[90m.[39m[90m.[39m[90m.[39m[90m.[39m[90m.[39m[90m.[39m[90m.[39m[90m.[39m[90m.[39m[90m.[39m[90m.[39m[90m.[39m[90m.[39m[90m.[39m[90m.[39m[90m.[39m[90m.[39m[90m.[39m[90m.[39m[90m.[39m[90m.[39m[90m.[39m[90m.[39m[90m.[39m[90m.[39m [32;1mDONE[39;22m
  nunomaduro/collision [90m.[39m[90m.[39m[90m.[39m[90m.[39m[90m.[39m[90m.[39m[90m.[39m[90m.[39m[90m.[39m[90m.[39m[90m.[39m[90m.[39m[90m.[39m[90m.[39m[90m.[39m[90m.[39m[90m.[39m[90m.[39m[90m.[39m[90m.[39m[90m.[39m[90m.[39m[90m.[39m[90m.[39m[90m.[39m[90m.[39m[90m.[39m[90m.[39m[90m.[39m[90m.[39m[90m.[39m[90m.[39m[90m.[39m[90m.[39m[90m.[39m[90m.[39m[90m.[39m[90m.[39m[90m.[39m[90m.[39m[90m.[39m[90m.[39m[90m.[39m[90m.[39m[90m.[39m[90m.[39m[90m.[39m[90m.[39m[90m.[39m[90m.[39m [32;1mDONE[39;22m
  nunomaduro/termwind [90m.[39m[90m.[39m[90m.[39m[90m.[39m[90m.[39m[90m.[39m[90m.[39m[90m.[39m[90m.[39m[90m.[39m[90m.[39m[90m.[39m[90m.[39m[90m.[39m[90m.[39m[90m.[39m[90m.[39m[90m.[39m[90m.[39m[90m.[39m[90m.[39m[90m.[39m[90m.[39m[90m.[39m[90m.[39m[90m.[39m[90m.[39m[90m.[39m[90m.[39m[90m.[39m[90m.[39m[90m.[39m[90m.[39m[90m.[39m[90m.[39m[90m.[39m[90m.[39m[90m.[39m[90m.[39m[90m.[39m[90m.[39m[90m.[39m[90m.[39m[90m.[39m[90m.[39m[90m.[39m[90m.[39m[90m.[39m[90m.[39m[90m.[39m[90m.[39m [32;1mDONE[39;22m

80 packages you are using are looking for funding.
Use the `composer fund` command to find out more!

   INFO  Application key set successfully.  

No syntax errors detected in app/Http/Controllers/HR/EmployeeController.php
No syntax errors detected in app/Http/Controllers/HR/HrDashboardController.php
No syntax errors detected in app/Models/Employee.php
No syntax errors detected in app/Models/EmploymentContract.php
No syntax errors detected in app/Models/EmployeeDocument.php
No syntax errors detected in routes/wave10.php
No syntax errors detected in database/migrations/2026_08_23_000037_expand_hr_employee_core.php

   INFO  Preparing database.  

  Creating migration table ..................................... 897.20ms DONE

   INFO  Running migrations.  

  2026_08_14_000001_create_unifco_core_tables ........................ 1s DONE
  2026_08_14_000002_add_controls_and_transactions .............. 317.29ms DONE
  2026_08_14_000003_add_operational_integration ................ 352.13ms DONE
  2026_08_14_000005_create_platform_services_tables ............. 94.07ms DONE
  2026_08_14_000006_create_runtime_security_queue_tables ........ 65.78ms DONE
  2026_08_15_000008_add_finance_core ........................... 271.18ms DONE
  2026_08_15_000009_add_procurement_inventory_operations ....... 443.48ms DONE
  2026_08_15_000010_add_hr_operations .......................... 302.59ms DONE
  2026_08_15_000011_add_crm_projects_operations ................ 183.99ms DONE
  2026_08_15_000012_add_manufacturing_expansion ................ 195.18ms DONE
  2026_08_15_000013_add_maintenance_eam_expansion .............. 475.78ms DONE
  2026_08_18_000014_add_public_site_requests .................... 16.29ms DONE
  2026_08_18_000015_link_public_requests_to_business_pipelines . 349.60ms DONE
  2026_08_18_000016_add_customer_portal_contract_360 ........... 360.22ms DONE
  2026_08_18_000017_expand_customer_portal_operations .......... 454.96ms DONE
  2026_08_19_000018_close_field_service_baseline_gaps .......... 413.44ms DONE
  2026_08_19_000019_add_customer_acceptance_and_report_distribution  94.82ms DONE
  2026_08_21_000020_add_emergency_request_details .............. 131.71ms DONE
  2026_08_21_000021_add_customer_onboarding .................... 178.19ms DONE
  2026_08_21_000022_expand_customer_success_partner_profile .... 108.00ms DONE
  2026_08_21_000023_create_customer_messaging ................... 53.88ms DONE
  2026_08_21_000024_provision_witco_portal_admin ................. 1.38ms DONE
  2026_08_21_000025_build_asset_master_phase_one ............... 647.68ms DONE
  2026_08_21_000026_asset_templates_and_pm_foundation .......... 301.10ms DONE
  2026_08_21_000027_add_asset_spare_parts_compatibility ......... 41.30ms DONE
  2026_08_21_000028_add_work_order_execution_and_reliability ... 360.96ms DONE
  2026_08_21_000029_add_asset_health_and_replacement_intelligence  197.43ms DONE
  2026_08_21_000030_add_asset_spare_part_reorder_tracking ....... 47.57ms DONE
  2026_08_22_000031_build_warehouse_field_inventory_foundation . 536.34ms DONE
  2026_08_22_000032_add_work_order_part_requests ............... 362.15ms DONE
  2026_08_22_000033_add_asset_part_consumption_and_returns ..... 310.32ms DONE
  2026_08_22_000034_add_user_permission_overrides ............... 60.11ms DONE
  2026_08_22_000035_add_user_security_metadata ................. 232.88ms DONE
  2026_08_22_000036_add_user_session_version .................... 54.36ms DONE
  2026_08_23_000037_expand_hr_employee_core .................... 816.04ms DONE
  2026_08_23_000038_build_hr_attendance_leave_phase2 ........... 374.79ms DONE
  2026_08_23_000039_build_hr_payroll_phase3 .................... 297.39ms DONE
  2026_08_23_000040_build_hr_business_trips_phase4 ............. 591.05ms DONE
  2026_08_23_000041_build_hr_end_of_service_phase5 ............. 232.15ms DONE
  2026_08_23_000042_build_hr_recruitment_phase6 ................ 444.70ms DONE
  2026_08_23_000043_build_hr_performance_phase7 ................ 482.51ms DONE
  2026_08_23_000044_build_hr_documents_phase9 .................. 234.86ms DONE
  2026_08_23_000045_build_hr_compliance_phase10 ................ 389.08ms DONE
  2026_08_23_000046_build_hr_analytics_phase11 .................. 88.98ms DONE
  2026_08_23_000047_create_branding_settings .................... 18.74ms DONE
  2026_08_24_000048_upgrade_public_request_experience .......... 117.23ms DONE
  2026_08_25_000049_rebuild_public_request_single_page ......... 198.40ms DONE
  2026_08_26_000050_link_public_requests_to_asset_registry ...... 51.34ms DONE
  2026_08_26_000051_build_service_request_workflow_foundation .. 483.94ms DONE
  2026_08_27_000052_add_customer_portal_rbac_scopes ............. 33.13ms DONE
  2026_08_27_000053_add_customer_portal_action_requests ......... 26.10ms DONE
  2026_08_27_000054_add_customer_action_attachments ............. 38.85ms DONE
  2026_08_27_000055_add_assignment_sla_to_customer_actions ...... 47.37ms DONE
  2026_08_27_000056_add_customer_acquisition_lifecycle ......... 399.17ms DONE
  2026_08_27_000057_add_acquisition_governance_fields .......... 358.81ms DONE
  2026_08_27_000058_build_professional_asset_master ............ 870.32ms DONE
  2026_08_27_000059_normalize_user_status_semantics ............ 102.81ms DONE
  2026_08_27_000060_build_asset_lifecycle_commissioning ........ 448.12ms DONE
  2026_08_27_000061_normalize_asset_documents_for_professional_master  101.79ms DONE
  2026_08_28_000020_add_asset_warranty_insurance_phase_d ....... 912.03ms DONE
  2026_08_28_000070_build_asset_custody_transfers .............. 205.79ms DONE
  2026_08_28_000080_complete_agreed_asset_phases_b_d ........... 434.65ms DONE
  2026_08_28_000090_close_agreed_asset_a_d_gaps ................ 919.94ms DONE
  2026_08_28_000100_close_asset_acceptance_contract .................. 1s DONE
  2026_08_28_000110_allow_staged_customer_pm_strategy ........... 20.64ms DONE
  2026_08_28_000120_normalize_asset_warranty_expiry_date ........ 66.60ms DONE
  2026_08_29_000060_professionalize_employee_identity_and_contact  292.93ms DONE
  2026_08_29_000062_add_contract_start_date_to_employees ........ 42.46ms DONE
  2026_08_30_075500_add_employee_contact_and_assignment_fields . 207.60ms DONE
  2026_09_02_000001_create_homepage_sections_table .............. 23.14ms DONE
  2026_09_02_000002_create_homepage_projects_table .............. 17.21ms DONE
  2026_09_02_000003_create_homepage_clients_table ............... 17.72ms DONE
  2026_09_03_120000_seed_default_asset_category_templates ........ 2.37ms DONE
  2026_09_04_120100_set_current_hero_to_full_banner_mode ......... 0.99ms DONE
  2026_09_04_153000_restore_homepage_service_images .............. 1.03ms DONE
  2026_09_04_190000_set_generators_service_image ................. 0.33ms DONE
  2026_09_09_120000_seed_current_customer_asset_uat_dataset ...... 0.83ms DONE
  2026_09_09_140900_update_uat_customer_code_to_100 .............. 2.53ms DONE
  2026_09_09_144500_add_video_attachment_path_to_public_service_requests  38.71ms DONE
  2026_09_10_142500_seed_test_asset_spare_parts .................. 2.39ms DONE
  2026_09_11_093000_add_test_spare_part_images .................. 28.14ms DONE
  2026_09_13_000001_extend_customer_profile_fields ............. 294.99ms DONE
  2026_09_13_100000_build_system_administrator_access_architecture ... 1s DONE
  2026_09_13_120000_close_system_administrator_workspace ........ 61.91ms DONE
  2026_09_13_180000_finalize_system_administrator_governance .... 42.60ms DONE
  2026_09_13_190000_create_operations_manager_role ............. 108.61ms DONE
  2026_09_14_000001_add_unified_request_workflow_runtime ....... 143.29ms DONE
  2026_09_16_000100_add_public_request_conversion_tracking ...... 85.86ms DONE
  2026_09_16_204700_create_operational_domain_routing_tables ... 308.70ms DONE
  2026_09_18_000001_ensure_customer_portal_access_scopes ......... 2.89ms DONE
  2026_09_20_120000_create_project_user_assignments ............. 93.31ms DONE
  2026_09_20_123000_add_project_routing_to_service_requests .... 159.60ms DONE
  2026_09_20_130000_seed_master_business_roles ................. 577.23ms DONE
  2026_09_20_140000_add_stage_owner_to_approval_requests ........ 53.03ms DONE
  2026_09_20_143000_add_amount_range_to_approval_authorities .... 42.94ms DONE
  2026_09_20_150000_align_master_role_workflow_permissions ...... 51.39ms DONE
  2026_09_20_151000_align_finance_procurement_approval_permissions  12.24ms DONE
  2026_09_20_152000_normalize_customer_accounts_to_unified_role .. 1.88ms DONE
  2026_09_20_153000_add_user_target_to_approval_authorities ..... 48.43ms DONE
  2026_09_20_160000_add_project_scope_to_procurement ........... 115.74ms DONE
  2026_09_20_161000_add_project_scope_to_financial_documents .... 62.65ms DONE
  2026_09_27_000001_link_financial_documents_to_request_lifecycle  185.20ms DONE


   INFO  Compiled views cleared successfully.  



   INFO  Blade templates cached successfully.  


  [30;42;1m PASS [39;49;22m[39m Tests\Feature\HrEmployeeCorePhase1Test[39m
  [32;1m✓[39;22m[90m [39m[90mhr dashboard and employee directory render hr control center[39m[90m       [39m [90m23.30s[39m  
  [32;1m✓[39;22m[90m [39m[90memployee directory can search private identifiers without exposing[39m[90m… [39m [90m0.37s[39m  
  [32;1m✓[39;22m[90m [39m[90mnew employee route renders structured registration form[39m[90m             [39m [90m0.22s[39m  
  [32;1m✓[39;22m[90m [39m[90memployee master generates sequence and stores structured profile an[39m[90m…[39m [90m0.33s[39m  
  [32;1m✓[39;22m[90m [39m[90memployee 360 accepts contract and document snapshots[39m[90m                [39m [90m0.30s[39m  
  [32;1m✓[39;22m[90m [39m[90mhr phase1 routes are registered[39m[90m                                     [39m [90m0.01s[39m  

  [30;42;1m PASS [39;49;22m[39m Tests\Feature\Wave10HrOperationsTest[39m
  [32;1m✓[39;22m[90m [39m[90mhr position attendance and leave workflow[39m[90m                           [39m [90m0.43s[39m  
  [32;1m✓[39;22m[90m [39m[90mpayroll posts balanced journal with segregation of duties[39m[90m           [39m [90m0.47s[39m  

  [90mTests:[39m    [32;1m8 passed[39;22m[90m (84 assertions)[39m
  [90mDuration:[39m [39m25.52s[39m

