Installing dependencies from lock file (including require-dev)
Verifying lock file contents can be installed on current platform.
Package operations: 110 installs, 0 updates, 0 removals
  - Downloading doctrine/inflector (2.1.0)
  - Downloading doctrine/lexer (3.0.1)
  - Downloading dragonmantank/cron-expression (v3.6.0)
  - Downloading symfony/deprecation-contracts (v3.7.1)
  - Downloading psr/container (2.0.2)
  - Downloading fakerphp/faker (v1.24.1)
  - Downloading symfony/polyfill-mbstring (v1.38.2)
  - Downloading symfony/http-foundation (v7.4.17)
  - Downloading fruitcake/php-cors (v1.4.0)
  - Downloading symfony/polyfill-php82 (v1.38.1)
  - Downloading symfony/polyfill-php80 (v1.37.0)
  - Downloading psr/http-message (2.0)
  - Downloading psr/http-factory (1.1.0)
  - Downloading psr/http-client (1.0.3)
  - Downloading guzzlehttp/psr7 (3.1.0)
  - Downloading guzzlehttp/promises (3.0.2)
  - Downloading guzzlehttp/guzzle (8.1.0)
  - Downloading guzzlehttp/uri-template (v2.0.1)
  - Downloading symfony/polyfill-intl-normalizer (v1.42.0)
  - Downloading symfony/polyfill-intl-grapheme (v1.41.0)
  - Downloading symfony/polyfill-ctype (v1.37.0)
  - Downloading symfony/string (v7.4.15)
  - Downloading symfony/service-contracts (v3.7.1)
  - Downloading symfony/console (v7.4.17)
  - Downloading nunomaduro/termwind (v2.4.0)
  - Downloading voku/portable-ascii (2.1.1)
  - Downloading phpoption/phpoption (1.10.0)
  - Downloading graham-campbell/result-type (v1.2.0)
  - Downloading vlucas/phpdotenv (v5.7.0)
  - Downloading symfony/css-selector (v7.4.17)
  - Downloading tijsverkoyen/css-to-inline-styles (v2.4.0)
  - Downloading symfony/var-dumper (v7.4.17)
  - Downloading symfony/polyfill-uuid (v1.37.0)
  - Downloading symfony/uid (v7.4.17)
  - Downloading symfony/routing (v7.4.17)
  - Downloading symfony/process (v7.4.17)
  - Downloading symfony/polyfill-php86 (v1.41.0)
  - Downloading symfony/polyfill-php85 (v1.41.0)
  - Downloading symfony/polyfill-php84 (v1.38.1)
  - Downloading symfony/polyfill-intl-idn (v1.42.0)
  - Downloading symfony/mime (v7.4.17)
  - Downloading psr/event-dispatcher (1.0.0)
  - Downloading symfony/event-dispatcher-contracts (v3.7.1)
  - Downloading symfony/event-dispatcher (v7.4.17)
  - Downloading psr/log (3.0.2)
  - Downloading egulias/email-validator (4.0.4)
  - Downloading symfony/mailer (v7.4.17)
  - Downloading symfony/error-handler (v7.4.17)
  - Downloading symfony/http-kernel (v7.4.17)
  - Downloading symfony/finder (v7.4.17)
  - Downloading ramsey/collection (2.1.1)
  - Downloading brick/math (0.18.0)
  - Downloading ramsey/uuid (4.9.3)
  - Downloading psr/simple-cache (3.0.0)
  - Downloading symfony/translation-contracts (v3.7.1)
  - Downloading symfony/translation (v7.4.17)
  - Downloading symfony/polyfill-php83 (v1.41.0)
  - Downloading psr/clock (1.0.0)
  - Downloading symfony/clock (v7.4.8)
  - Downloading carbonphp/carbon-doctrine-types (3.2.0)
  - Downloading nesbot/carbon (3.13.2)
  - Downloading monolog/monolog (3.10.0)
  - Downloading league/uri-interfaces (7.8.1)
  - Downloading league/uri (7.8.1)
  - Downloading league/mime-type-detection (1.17.0)
  - Downloading league/flysystem-local (3.35.3)
  - Downloading league/flysystem (3.35.3)
  - Downloading nette/utils (v4.1.5)
  - Downloading nette/schema (v1.3.6)
  - Downloading dflydev/dot-access-data (v3.0.3)
  - Downloading league/config (v1.2.0)
  - Downloading league/commonmark (2.10.0)
  - Downloading laravel/serializable-closure (v2.0.16)
  - Downloading laravel/prompts (v0.3.24)
  - Downloading laravel/framework (v13.29.0)
  - Downloading laravel/pail (v1.2.7)
  - Downloading laravel/agent-detector (v2.0.2)
  - Downloading laravel/pao (v1.1.4)
  - Downloading laravel/pint (v1.30.5)
  - Downloading nikic/php-parser (v5.8.0)
  - Downloading psy/psysh (v0.12.24)
  - Downloading laravel/tinker (v3.0.2)
  - Downloading hamcrest/hamcrest-php (v3.0.0)
  - Downloading mockery/mockery (1.6.15)
  - Downloading filp/whoops (2.18.4)
  - Downloading nunomaduro/collision (v8.9.5)
  - Downloading staabm/side-effects-detector (1.0.5)
  - Downloading sebastian/version (6.0.0)
  - Downloading sebastian/type (6.0.4)
  - Downloading sebastian/recursion-context (7.0.1)
  - Downloading sebastian/object-reflector (5.0.0)
  - Downloading sebastian/object-enumerator (7.0.0)
  - Downloading sebastian/global-state (8.0.3)
  - Downloading sebastian/exporter (7.0.3)
  - Downloading sebastian/environment (8.1.2)
  - Downloading sebastian/diff (7.0.1)
  - Downloading sebastian/comparator (7.1.8)
  - Downloading sebastian/cli-parser (4.2.1)
  - Downloading phpunit/php-timer (8.0.0)
  - Downloading phpunit/php-text-template (5.0.0)
  - Downloading phpunit/php-invoker (6.0.0)
  - Downloading phpunit/php-file-iterator (6.0.2)
  - Downloading theseer/tokenizer (2.0.1)
  - Downloading sebastian/lines-of-code (4.0.1)
  - Downloading sebastian/complexity (5.0.0)
  - Downloading phpunit/php-code-coverage (12.5.7)
  - Downloading phar-io/version (3.2.1)
  - Downloading phar-io/manifest (2.0.4)
  - Downloading myclabs/deep-copy (1.14.0)
  - Downloading phpunit/phpunit (12.5.34)
  - Installing doctrine/inflector (2.1.0): Extracting archive
  - Installing doctrine/lexer (3.0.1): Extracting archive
  - Installing dragonmantank/cron-expression (v3.6.0): Extracting archive
  - Installing symfony/deprecation-contracts (v3.7.1): Extracting archive
  - Installing psr/container (2.0.2): Extracting archive
  - Installing fakerphp/faker (v1.24.1): Extracting archive
  - Installing symfony/polyfill-mbstring (v1.38.2): Extracting archive
  - Installing symfony/http-foundation (v7.4.17): Extracting archive
  - Installing fruitcake/php-cors (v1.4.0): Extracting archive
  - Installing symfony/polyfill-php82 (v1.38.1): Extracting archive
  - Installing symfony/polyfill-php80 (v1.37.0): Extracting archive
  - Installing psr/http-message (2.0): Extracting archive
  - Installing psr/http-factory (1.1.0): Extracting archive
  - Installing psr/http-client (1.0.3): Extracting archive
  - Installing guzzlehttp/psr7 (3.1.0): Extracting archive
  - Installing guzzlehttp/promises (3.0.2): Extracting archive
  - Installing guzzlehttp/guzzle (8.1.0): Extracting archive
  - Installing guzzlehttp/uri-template (v2.0.1): Extracting archive
  - Installing symfony/polyfill-intl-normalizer (v1.42.0): Extracting archive
  - Installing symfony/polyfill-intl-grapheme (v1.41.0): Extracting archive
  - Installing symfony/polyfill-ctype (v1.37.0): Extracting archive
  - Installing symfony/string (v7.4.15): Extracting archive
  - Installing symfony/service-contracts (v3.7.1): Extracting archive
  - Installing symfony/console (v7.4.17): Extracting archive
  - Installing nunomaduro/termwind (v2.4.0): Extracting archive
  - Installing voku/portable-ascii (2.1.1): Extracting archive
  - Installing phpoption/phpoption (1.10.0): Extracting archive
  - Installing graham-campbell/result-type (v1.2.0): Extracting archive
  - Installing vlucas/phpdotenv (v5.7.0): Extracting archive
  - Installing symfony/css-selector (v7.4.17): Extracting archive
  - Installing tijsverkoyen/css-to-inline-styles (v2.4.0): Extracting archive
  - Installing symfony/var-dumper (v7.4.17): Extracting archive
  - Installing symfony/polyfill-uuid (v1.37.0): Extracting archive
  - Installing symfony/uid (v7.4.17): Extracting archive
  - Installing symfony/routing (v7.4.17): Extracting archive
  - Installing symfony/process (v7.4.17): Extracting archive
  - Installing symfony/polyfill-php86 (v1.41.0): Extracting archive
  - Installing symfony/polyfill-php85 (v1.41.0): Extracting archive
  - Installing symfony/polyfill-php84 (v1.38.1): Extracting archive
  - Installing symfony/polyfill-intl-idn (v1.42.0): Extracting archive
  - Installing symfony/mime (v7.4.17): Extracting archive
  - Installing psr/event-dispatcher (1.0.0): Extracting archive
  - Installing symfony/event-dispatcher-contracts (v3.7.1): Extracting archive
  - Installing symfony/event-dispatcher (v7.4.17): Extracting archive
  - Installing psr/log (3.0.2): Extracting archive
  - Installing egulias/email-validator (4.0.4): Extracting archive
  - Installing symfony/mailer (v7.4.17): Extracting archive
  - Installing symfony/error-handler (v7.4.17): Extracting archive
  - Installing symfony/http-kernel (v7.4.17): Extracting archive
  - Installing symfony/finder (v7.4.17): Extracting archive
  - Installing ramsey/collection (2.1.1): Extracting archive
  - Installing brick/math (0.18.0): Extracting archive
  - Installing ramsey/uuid (4.9.3): Extracting archive
  - Installing psr/simple-cache (3.0.0): Extracting archive
  - Installing symfony/translation-contracts (v3.7.1): Extracting archive
  - Installing symfony/translation (v7.4.17): Extracting archive
  - Installing symfony/polyfill-php83 (v1.41.0): Extracting archive
  - Installing psr/clock (1.0.0): Extracting archive
  - Installing symfony/clock (v7.4.8): Extracting archive
  - Installing carbonphp/carbon-doctrine-types (3.2.0): Extracting archive
  - Installing nesbot/carbon (3.13.2): Extracting archive
  - Installing monolog/monolog (3.10.0): Extracting archive
  - Installing league/uri-interfaces (7.8.1): Extracting archive
  - Installing league/uri (7.8.1): Extracting archive
  - Installing league/mime-type-detection (1.17.0): Extracting archive
  - Installing league/flysystem-local (3.35.3): Extracting archive
  - Installing league/flysystem (3.35.3): Extracting archive
  - Installing nette/utils (v4.1.5): Extracting archive
  - Installing nette/schema (v1.3.6): Extracting archive
  - Installing dflydev/dot-access-data (v3.0.3): Extracting archive
  - Installing league/config (v1.2.0): Extracting archive
  - Installing league/commonmark (2.10.0): Extracting archive
  - Installing laravel/serializable-closure (v2.0.16): Extracting archive
  - Installing laravel/prompts (v0.3.24): Extracting archive
  - Installing laravel/framework (v13.29.0): Extracting archive
  - Installing laravel/pail (v1.2.7): Extracting archive
  - Installing laravel/agent-detector (v2.0.2): Extracting archive
  - Installing laravel/pao (v1.1.4): Extracting archive
  - Installing laravel/pint (v1.30.5): Extracting archive
  - Installing nikic/php-parser (v5.8.0): Extracting archive
  - Installing psy/psysh (v0.12.24): Extracting archive
  - Installing laravel/tinker (v3.0.2): Extracting archive
  - Installing hamcrest/hamcrest-php (v3.0.0): Extracting archive
  - Installing mockery/mockery (1.6.15): Extracting archive
  - Installing filp/whoops (2.18.4): Extracting archive
  - Installing nunomaduro/collision (v8.9.5): Extracting archive
  - Installing staabm/side-effects-detector (1.0.5): Extracting archive
  - Installing sebastian/version (6.0.0): Extracting archive
  - Installing sebastian/type (6.0.4): Extracting archive
  - Installing sebastian/recursion-context (7.0.1): Extracting archive
  - Installing sebastian/object-reflector (5.0.0): Extracting archive
  - Installing sebastian/object-enumerator (7.0.0): Extracting archive
  - Installing sebastian/global-state (8.0.3): Extracting archive
  - Installing sebastian/exporter (7.0.3): Extracting archive
  - Installing sebastian/environment (8.1.2): Extracting archive
  - Installing sebastian/diff (7.0.1): Extracting archive
  - Installing sebastian/comparator (7.1.8): Extracting archive
  - Installing sebastian/cli-parser (4.2.1): Extracting archive
  - Installing phpunit/php-timer (8.0.0): Extracting archive
  - Installing phpunit/php-text-template (5.0.0): Extracting archive
  - Installing phpunit/php-invoker (6.0.0): Extracting archive
  - Installing phpunit/php-file-iterator (6.0.2): Extracting archive
  - Installing theseer/tokenizer (2.0.1): Extracting archive
  - Installing sebastian/lines-of-code (4.0.1): Extracting archive
  - Installing sebastian/complexity (5.0.0): Extracting archive
  - Installing phpunit/php-code-coverage (12.5.7): Extracting archive
  - Installing phar-io/version (3.2.1): Extracting archive
  - Installing phar-io/manifest (2.0.4): Extracting archive
  - Installing myclabs/deep-copy (1.14.0): Extracting archive
  - Installing phpunit/phpunit (12.5.34): Extracting archive
Generating optimized autoload files
> Illuminate\Foundation\ComposerScripts::postAutoloadDump
> @php artisan package:discover --ansi

  [37;44m INFO [39;49m Discovering packages.  

  laravel/pail [90m.[39m[90m.[39m[90m.[39m[90m.[39m[90m.[39m[90m.[39m[90m.[39m[90m.[39m[90m.[39m[90m.[39m[90m.[39m[90m.[39m[90m.[39m[90m.[39m[90m.[39m[90m.[39m[90m.[39m[90m.[39m[90m.[39m[90m.[39m[90m.[39m[90m.[39m[90m.[39m[90m.[39m[90m.[39m[90m.[39m[90m.[39m[90m.[39m[90m.[39m[90m.[39m[90m.[39m[90m.[39m[90m.[39m[90m.[39m[90m.[39m[90m.[39m[90m.[39m[90m.[39m[90m.[39m[90m.[39m[90m.[39m[90m.[39m[90m.[39m[90m.[39m[90m.[39m[90m.[39m[90m.[39m[90m.[39m[90m.[39m[90m.[39m[90m.[39m[90m.[39m[90m.[39m[90m.[39m[90m.[39m[90m.[39m[90m.[39m[90m.[39m [32;1mDONE[39;22m
  laravel/pao [90m.[39m[90m.[39m[90m.[39m[90m.[39m[90m.[39m[90m.[39m[90m.[39m[90m.[39m[90m.[39m[90m.[39m[90m.[39m[90m.[39m[90m.[39m[90m.[39m[90m.[39m[90m.[39m[90m.[39m[90m.[39m[90m.[39m[90m.[39m[90m.[39m[90m.[39m[90m.[39m[90m.[39m[90m.[39m[90m.[39m[90m.[39m[90m.[39m[90m.[39m[90m.[39m[90m.[39m[90m.[39m[90m.[39m[90m.[39m[90m.[39m[90m.[39m[90m.[39m[90m.[39m[90m.[39m[90m.[39m[90m.[39m[90m.[39m[90m.[39m[90m.[39m[90m.[39m[90m.[39m[90m.[39m[90m.[39m[90m.[39m[90m.[39m[90m.[39m[90m.[39m[90m.[39m[90m.[39m[90m.[39m[90m.[39m[90m.[39m[90m.[39m[90m.[39m [32;1mDONE[39;22m
  laravel/tinker [90m.[39m[90m.[39m[90m.[39m[90m.[39m[90m.[39m[90m.[39m[90m.[39m[90m.[39m[90m.[39m[90m.[39m[90m.[39m[90m.[39m[90m.[39m[90m.[39m[90m.[39m[90m.[39m[90m.[39m[90m.[39m[90m.[39m[90m.[39m[90m.[39m[90m.[39m[90m.[39m[90m.[39m[90m.[39m[90m.[39m[90m.[39m[90m.[39m[90m.[39m[90m.[39m[90m.[39m[90m.[39m[90m.[39m[90m.[39m[90m.[39m[90m.[39m[90m.[39m[90m.[39m[90m.[39m[90m.[39m[90m.[39m[90m.[39m[90m.[39m[90m.[39m[90m.[39m[90m.[39m[90m.[39m[90m.[39m[90m.[39m[90m.[39m[90m.[39m[90m.[39m[90m.[39m[90m.[39m[90m.[39m[90m.[39m [32;1mDONE[39;22m
  nesbot/carbon [90m.[39m[90m.[39m[90m.[39m[90m.[39m[90m.[39m[90m.[39m[90m.[39m[90m.[39m[90m.[39m[90m.[39m[90m.[39m[90m.[39m[90m.[39m[90m.[39m[90m.[39m[90m.[39m[90m.[39m[90m.[39m[90m.[39m[90m.[39m[90m.[39m[90m.[39m[90m.[39m[90m.[39m[90m.[39m[90m.[39m[90m.[39m[90m.[39m[90m.[39m[90m.[39m[90m.[39m[90m.[39m[90m.[39m[90m.[39m[90m.[39m[90m.[39m[90m.[39m[90m.[39m[90m.[39m[90m.[39m[90m.[39m[90m.[39m[90m.[39m[90m.[39m[90m.[39m[90m.[39m[90m.[39m[90m.[39m[90m.[39m[90m.[39m[90m.[39m[90m.[39m[90m.[39m[90m.[39m[90m.[39m[90m.[39m[90m.[39m [32;1mDONE[39;22m
  nunomaduro/collision [90m.[39m[90m.[39m[90m.[39m[90m.[39m[90m.[39m[90m.[39m[90m.[39m[90m.[39m[90m.[39m[90m.[39m[90m.[39m[90m.[39m[90m.[39m[90m.[39m[90m.[39m[90m.[39m[90m.[39m[90m.[39m[90m.[39m[90m.[39m[90m.[39m[90m.[39m[90m.[39m[90m.[39m[90m.[39m[90m.[39m[90m.[39m[90m.[39m[90m.[39m[90m.[39m[90m.[39m[90m.[39m[90m.[39m[90m.[39m[90m.[39m[90m.[39m[90m.[39m[90m.[39m[90m.[39m[90m.[39m[90m.[39m[90m.[39m[90m.[39m[90m.[39m[90m.[39m[90m.[39m[90m.[39m[90m.[39m[90m.[39m[90m.[39m [32;1mDONE[39;22m
  nunomaduro/termwind [90m.[39m[90m.[39m[90m.[39m[90m.[39m[90m.[39m[90m.[39m[90m.[39m[90m.[39m[90m.[39m[90m.[39m[90m.[39m[90m.[39m[90m.[39m[90m.[39m[90m.[39m[90m.[39m[90m.[39m[90m.[39m[90m.[39m[90m.[39m[90m.[39m[90m.[39m[90m.[39m[90m.[39m[90m.[39m[90m.[39m[90m.[39m[90m.[39m[90m.[39m[90m.[39m[90m.[39m[90m.[39m[90m.[39m[90m.[39m[90m.[39m[90m.[39m[90m.[39m[90m.[39m[90m.[39m[90m.[39m[90m.[39m[90m.[39m[90m.[39m[90m.[39m[90m.[39m[90m.[39m[90m.[39m[90m.[39m[90m.[39m[90m.[39m[90m.[39m [32;1mDONE[39;22m

80 packages you are using are looking for funding.
Use the `composer fund` command to find out more!

   INFO  Application key set successfully.  

No syntax errors detected in app/Http/Controllers/HR/PerformanceController.php
No syntax errors detected in app/Models/PerformanceCycle.php
No syntax errors detected in app/Models/EmployeeGoal.php
No syntax errors detected in app/Models/PerformanceReview.php
No syntax errors detected in app/Models/ProbationReview.php
No syntax errors detected in app/Models/EmployeeDevelopmentItem.php
No syntax errors detected in app/Models/EmployeeSkill.php
No syntax errors detected in app/Models/CareerAction.php
No syntax errors detected in routes/wave14.php
No syntax errors detected in database/migrations/2026_08_23_000043_build_hr_performance_phase7.php

   INFO  Preparing database.  

  Creating migration table ...................................... 20.08ms DONE

   INFO  Running migrations.  

  2026_08_14_000001_create_unifco_core_tables .................. 772.79ms DONE
  2026_08_14_000002_add_controls_and_transactions .............. 479.99ms DONE
  2026_08_14_000003_add_operational_integration ................ 383.21ms DONE
  2026_08_14_000005_create_platform_services_tables ............ 149.23ms DONE
  2026_08_14_000006_create_runtime_security_queue_tables ........ 95.87ms DONE
  2026_08_15_000008_add_finance_core ........................... 410.62ms DONE
  2026_08_15_000009_add_procurement_inventory_operations ....... 696.40ms DONE
  2026_08_15_000010_add_hr_operations .......................... 460.86ms DONE
  2026_08_15_000011_add_crm_projects_operations ................ 253.31ms DONE
  2026_08_15_000012_add_manufacturing_expansion ................ 273.65ms DONE
  2026_08_15_000013_add_maintenance_eam_expansion .............. 570.44ms DONE
  2026_08_18_000014_add_public_site_requests .................... 23.16ms DONE
  2026_08_18_000015_link_public_requests_to_business_pipelines . 507.06ms DONE
  2026_08_18_000016_add_customer_portal_contract_360 ........... 533.54ms DONE
  2026_08_18_000017_expand_customer_portal_operations .......... 665.60ms DONE
  2026_08_19_000018_close_field_service_baseline_gaps .......... 755.43ms DONE
  2026_08_19_000019_add_customer_acceptance_and_report_distribution  161.11ms DONE
  2026_08_21_000020_add_emergency_request_details .............. 191.11ms DONE
  2026_08_21_000021_add_customer_onboarding .................... 310.34ms DONE
  2026_08_21_000022_expand_customer_success_partner_profile .... 153.10ms DONE
  2026_08_21_000023_create_customer_messaging ................... 83.78ms DONE
  2026_08_21_000024_provision_witco_portal_admin ................. 2.12ms DONE
  2026_08_21_000025_build_asset_master_phase_one ............... 920.74ms DONE
  2026_08_21_000026_asset_templates_and_pm_foundation .......... 461.53ms DONE
  2026_08_21_000027_add_asset_spare_parts_compatibility ......... 64.82ms DONE
  2026_08_21_000028_add_work_order_execution_and_reliability ... 607.67ms DONE
  2026_08_21_000029_add_asset_health_and_replacement_intelligence  328.00ms DONE
  2026_08_21_000030_add_asset_spare_part_reorder_tracking ....... 47.73ms DONE
  2026_08_22_000031_build_warehouse_field_inventory_foundation . 771.95ms DONE
  2026_08_22_000032_add_work_order_part_requests ............... 534.33ms DONE
  2026_08_22_000033_add_asset_part_consumption_and_returns ..... 521.37ms DONE
  2026_08_22_000034_add_user_permission_overrides .............. 100.56ms DONE
  2026_08_22_000035_add_user_security_metadata ................. 383.33ms DONE
  2026_08_22_000036_add_user_session_version .................... 87.28ms DONE
  2026_08_23_000037_expand_hr_employee_core .......................... 1s DONE
  2026_08_23_000038_build_hr_attendance_leave_phase2 ........... 597.51ms DONE
  2026_08_23_000039_build_hr_payroll_phase3 .................... 533.23ms DONE
  2026_08_23_000040_build_hr_business_trips_phase4 ............. 446.85ms DONE
  2026_08_23_000041_build_hr_end_of_service_phase5 ............. 367.54ms DONE
  2026_08_23_000042_build_hr_recruitment_phase6 ................ 680.94ms DONE
  2026_08_23_000043_build_hr_performance_phase7 ................ 831.33ms DONE
  2026_08_23_000044_build_hr_documents_phase9 .................. 402.69ms DONE
  2026_08_23_000045_build_hr_compliance_phase10 ................ 551.72ms DONE
  2026_08_23_000046_build_hr_analytics_phase11 ................. 124.29ms DONE
  2026_08_23_000047_create_branding_settings .................... 32.44ms DONE
  2026_08_24_000048_upgrade_public_request_experience .......... 173.56ms DONE
  2026_08_25_000049_rebuild_public_request_single_page ......... 292.11ms DONE
  2026_08_26_000050_link_public_requests_to_asset_registry ...... 76.80ms DONE
  2026_08_26_000051_build_service_request_workflow_foundation .. 592.21ms DONE
  2026_08_27_000052_add_customer_portal_rbac_scopes ............. 41.00ms DONE
  2026_08_27_000053_add_customer_portal_action_requests ......... 33.84ms DONE
  2026_08_27_000054_add_customer_action_attachments ............. 49.48ms DONE
  2026_08_27_000055_add_assignment_sla_to_customer_actions ...... 80.34ms DONE
  2026_08_27_000056_add_customer_acquisition_lifecycle ......... 602.17ms DONE
  2026_08_27_000057_add_acquisition_governance_fields .......... 543.53ms DONE
  2026_08_27_000058_build_professional_asset_master .................. 1s DONE
  2026_08_27_000059_normalize_user_status_semantics ............ 173.58ms DONE
  2026_08_27_000060_build_asset_lifecycle_commissioning ........ 716.05ms DONE
  2026_08_27_000061_normalize_asset_documents_for_professional_master  137.26ms DONE
  2026_08_28_000020_add_asset_warranty_insurance_phase_d ....... 350.03ms DONE
  2026_08_28_000070_build_asset_custody_transfers .............. 316.51ms DONE
  2026_08_28_000080_complete_agreed_asset_phases_b_d ........... 660.46ms DONE
  2026_08_28_000090_close_agreed_asset_a_d_gaps ...................... 1s DONE
  2026_08_28_000100_close_asset_acceptance_contract .................. 1s DONE
  2026_08_28_000110_allow_staged_customer_pm_strategy ........... 24.84ms DONE
  2026_08_28_000120_normalize_asset_warranty_expiry_date ....... 109.29ms DONE
  2026_08_29_000060_professionalize_employee_identity_and_contact  514.61ms DONE
  2026_08_29_000062_add_contract_start_date_to_employees ........ 76.49ms DONE
  2026_08_30_075500_add_employee_contact_and_assignment_fields . 382.64ms DONE
  2026_09_02_000001_create_homepage_sections_table .............. 37.17ms DONE
  2026_09_02_000002_create_homepage_projects_table .............. 31.52ms DONE
  2026_09_02_000003_create_homepage_clients_table ............... 27.90ms DONE


   INFO  Compiled views cleared successfully.  



   INFO  Blade templates cached successfully.  


  [30;42;1m PASS [39;49;22m[39m Tests\Feature\HrPerformancePhase7Test[39m
  [32;1m✓[39;22m[90m [39m[90mgoals reviews and independent approval work[39m[90m                        [39m [90m32.04s[39m  
  [32;1m✓[39;22m[90m [39m[90mprobation skill and development records are employee scoped[39m[90m         [39m [90m0.53s[39m  
  [32;1m✓[39;22m[90m [39m[90mcareer action requires independent approval and effective date befo[39m[90m…[39m [90m0.52s[39m  
  [32;1m✓[39;22m[90m [39m[90mperformance records are tenant scoped[39m[90m                               [39m [90m0.97s[39m  
  [32;1m✓[39;22m[90m [39m[90mphase7 routes are registered[39m[90m                                        [39m [90m0.02s[39m  

  [30;42;1m PASS [39;49;22m[39m Tests\Feature\HrRecruitmentPhase6Test[39m
  [32;1m✓[39;22m[90m [39m[90mrequisition requires independent approval then opens vacancy[39m[90m        [39m [90m0.54s[39m  
  [32;1m✓[39;22m[90m [39m[90mcandidate interview offer hire creates employee contract and onboar[39m[90m…[39m [90m0.57s[39m  
  [32;1m✓[39;22m[90m [39m[90mrecruitment is tenant scoped[39m[90m                                        [39m [90m0.96s[39m  
  [32;1m✓[39;22m[90m [39m[90mphase6 routes are registered[39m[90m                                        [39m [90m0.02s[39m  

  [30;42;1m PASS [39;49;22m[39m Tests\Feature\HrEndOfServicePhase5Test[39m
  [32;1m✓[39;22m[90m [39m[90mstandard termination calculates full saudi eos and snapshot[39m[90m         [39m [90m0.51s[39m  
  [32;1m✓[39;22m[90m [39m[90mresignation tiers and article 80 are enforced[39m[90m                       [39m [90m0.51s[39m  
  [32;1m✓[39;22m[90m [39m[90mfinal settlement requires independent approval and can be marked pa[39m[90m…[39m [90m0.52s[39m  
  [32;1m✓[39;22m[90m [39m[90mfinal settlements are tenant scoped[39m[90m                                 [39m [90m0.96s[39m  
  [32;1m✓[39;22m[90m [39m[90mphase5 routes are registered[39m[90m                                        [39m [90m0.02s[39m  

  [30;42;1m PASS [39;49;22m[39m Tests\Feature\HrBusinessTripsPhase4Test[39m
  [32;1m✓[39;22m[90m [39m[90mphase4 routes are registered[39m[90m                                        [39m [90m0.02s[39m  
  [32;1m✓[39;22m[90m [39m[90mmission request calculates per diem and links business context[39m[90m      [39m [90m0.50s[39m  
  [32;1m✓[39;22m[90m [39m[90mmission 360 renders business context[39m[90m                                [39m [90m0.51s[39m  
  [32;1m✓[39;22m[90m [39m[90mrequester cannot approve own mission and full settlement is auditab[39m[90m…[39m [90m0.56s[39m  
  [32;1m✓[39;22m[90m [39m[90mmissions are tenant scoped[39m[90m                                          [39m [90m0.96s[39m  

  [30;42;1m PASS [39;49;22m[39m Tests\Feature\HrPayrollPhase3Test[39m
  [32;1m✓[39;22m[90m [39m[90mpayroll policy and run calculate saudi gosi and overtime[39m[90m            [39m [90m0.30s[39m  
  [32;1m✓[39;22m[90m [39m[90mpayroll workspace and routes render[39m[90m                                 [39m [90m0.26s[39m  

  [30;42;1m PASS [39;49;22m[39m Tests\Feature\HrAttendanceLeavePhase2Test[39m
  [32;1m✓[39;22m[90m [39m[90mattendance workspace calculates late minutes and overtime[39m[90m           [39m [90m0.28s[39m  
  [32;1m✓[39;22m[90m [39m[90mramadan schedule uses reduced daily target[39m[90m                          [39m [90m0.27s[39m  
  [32;1m✓[39;22m[90m [39m[90mleave policy balance accrual request and approval[39m[90m                   [39m [90m0.31s[39m  
  [32;1m✓[39;22m[90m [39m[90mphase2 routes are registered[39m[90m                                        [39m [90m0.02s[39m  

  [30;42;1m PASS [39;49;22m[39m Tests\Feature\HrEmployeeCorePhase1Test[39m
  [32;1m✓[39;22m[90m [39m[90mhr dashboard and employee directory render hr control center[39m[90m        [39m [90m0.30s[39m  
  [32;1m✓[39;22m[90m [39m[90memployee directory can search private identifiers without exposing[39m[90m… [39m [90m0.29s[39m  
  [32;1m✓[39;22m[90m [39m[90mnew employee route renders structured registration form[39m[90m             [39m [90m0.26s[39m  
  [32;1m✓[39;22m[90m [39m[90memployee master generates sequence and stores structured profile an[39m[90m…[39m [90m0.31s[39m  
  [32;1m✓[39;22m[90m [39m[90memployee 360 accepts contract and document snapshots[39m[90m                [39m [90m0.28s[39m  
  [32;1m✓[39;22m[90m [39m[90mhr phase1 routes are registered[39m[90m                                     [39m [90m0.02s[39m  

  [30;42;1m PASS [39;49;22m[39m Tests\Feature\Wave10HrOperationsTest[39m
  [32;1m✓[39;22m[90m [39m[90mhr position attendance and leave workflow[39m[90m                           [39m [90m0.53s[39m  
  [32;1m✓[39;22m[90m [39m[90mpayroll posts balanced journal with segregation of duties[39m[90m           [39m [90m0.54s[39m  

  [30;42;1m PASS [39;49;22m[39m Tests\Feature\SidebarNavigationTest[39m
  [32;1m✓[39;22m[90m [39m[90madmin sidebar renders grouped platform navigation[39m[90m                   [39m [90m0.31s[39m  
  [32;1m✓[39;22m[90m [39m[90msidebar enhancer is available outside dashboard[39m[90m                     [39m [90m0.26s[39m  
  [32;1m✓[39;22m[90m [39m[90musers workspace is real administration screen[39m[90m                       [39m [90m0.49s[39m  
  [32;1m✓[39;22m[90m [39m[90mnon admin cannot open users workspace[39m[90m                               [39m [90m0.49s[39m  
  [32;1m✓[39;22m[90m [39m[90moperational wave routes are registered[39m[90m                              [39m [90m0.02s[39m  
  [32;1m✓[39;22m[90m [39m[90msidebar keeps mobile menu and active navigation hooks[39m[90m               [39m [90m0.29s[39m  

  [90mTests:[39m    [32;1m39 passed[39;22m[90m (314 assertions)[39m
  [90mDuration:[39m [39m47.14s[39m

