  [31m────────────────────────────────────────────────────────────────────────────[39m  
  [41;1m FAILED [49;22m [1mTests\Feature\HrSelfServicePhase8Test[22m… [41;1m BindingResolutionException [49;22m  
[39;1m  Target class [PublicHomeRenderCompatibilityPresentation] does not exist.[39;22m

  at [32mvendor/laravel/framework/src/Illuminate/Container/Container.php[39m:[32m1149[39m
    1145▕ 
    1146▕         try {
    1147▕             $reflector = new ReflectionClass($concrete);
    1148▕         } catch (ReflectionException $e) {
  ➜ 1149▕             throw new BindingResolutionException("Target class [$concrete] does not exist.", 0, $e);
    1150▕         }
    1151▕ 
    1152▕         // If the type is not instantiable, the developer is attempting to resolve
    1153▕         // an abstract type such as an Interface or Abstract Class and there is

      [2m+9 vendor frames [22m
  [33m10  [39m[39;1mtests/Feature/HrSelfServicePhase8Test.php[39;22m:[39;1m74[39;22m

  [31m────────────────────────────────────────────────────────────────────────────[39m  
  [41;1m FAILED [49;22m [1mTests\Feature\HrSelfServicePhase8Test[22m… [41;1m BindingResolutionException [49;22m  
[39;1m  Target class [PublicHomeRenderCompatibilityPresentation] does not exist.[39;22m

  at [32mvendor/laravel/framework/src/Illuminate/Container/Container.php[39m:[32m1149[39m
    1145▕ 
    1146▕         try {
    1147▕             $reflector = new ReflectionClass($concrete);
    1148▕         } catch (ReflectionException $e) {
  ➜ 1149▕             throw new BindingResolutionException("Target class [$concrete] does not exist.", 0, $e);
    1150▕         }
    1151▕ 
    1152▕         // If the type is not instantiable, the developer is attempting to resolve
    1153▕         // an abstract type such as an Interface or Abstract Class and there is

      [2m+9 vendor frames [22m
  [33m10  [39m[39;1mtests/Feature/HrSelfServicePhase8Test.php[39;22m:[39;1m84[39;22m

  [31m────────────────────────────────────────────────────────────────────────────[39m  
  [41;1m FAILED [49;22m [1mTests\Feature\HrPerformancePhase7Test[22m… [41;1m BindingResolutionException [49;22m  
[39;1m  Target class [PublicHomeRenderCompatibilityPresentation] does not exist.[39;22m

  at [32mvendor/laravel/framework/src/Illuminate/Container/Container.php[39m:[32m1149[39m
    1145▕ 
    1146▕         try {
    1147▕             $reflector = new ReflectionClass($concrete);
    1148▕         } catch (ReflectionException $e) {
  ➜ 1149▕             throw new BindingResolutionException("Target class [$concrete] does not exist.", 0, $e);
    1150▕         }
    1151▕ 
    1152▕         // If the type is not instantiable, the developer is attempting to resolve
    1153▕         // an abstract type such as an Interface or Abstract Class and there is

      [2m+9 vendor frames [22m
  [33m10  [39m[39;1mtests/Feature/HrPerformancePhase7Test.php[39;22m:[39;1m27[39;22m

  [31m────────────────────────────────────────────────────────────────────────────[39m  
  [41;1m FAILED [49;22m [1mTests\Feature\HrPerformancePhase7Test[22m… [41;1m BindingResolutionException [49;22m  
[39;1m  Target class [PublicHomeRenderCompatibilityPresentation] does not exist.[39;22m

  at [32mvendor/laravel/framework/src/Illuminate/Container/Container.php[39m:[32m1149[39m
    1145▕ 
    1146▕         try {
    1147▕             $reflector = new ReflectionClass($concrete);
    1148▕         } catch (ReflectionException $e) {
  ➜ 1149▕             throw new BindingResolutionException("Target class [$concrete] does not exist.", 0, $e);
    1150▕         }
    1151▕ 
    1152▕         // If the type is not instantiable, the developer is attempting to resolve
    1153▕         // an abstract type such as an Interface or Abstract Class and there is

      [2m+9 vendor frames [22m
  [33m10  [39m[39;1mtests/Feature/HrPerformancePhase7Test.php[39;22m:[39;1m44[39;22m

  [31m────────────────────────────────────────────────────────────────────────────[39m  
  [41;1m FAILED [49;22m [1mTests\Feature\HrPerformancePhase7Test[22m… [41;1m BindingResolutionException [49;22m  
[39;1m  Target class [PublicHomeRenderCompatibilityPresentation] does not exist.[39;22m

  at [32mvendor/laravel/framework/src/Illuminate/Container/Container.php[39m:[32m1149[39m
    1145▕ 
    1146▕         try {
    1147▕             $reflector = new ReflectionClass($concrete);
    1148▕         } catch (ReflectionException $e) {
  ➜ 1149▕             throw new BindingResolutionException("Target class [$concrete] does not exist.", 0, $e);
    1150▕         }
    1151▕ 
    1152▕         // If the type is not instantiable, the developer is attempting to resolve
    1153▕         // an abstract type such as an Interface or Abstract Class and there is

      [2m+9 vendor frames [22m
  [33m10  [39m[39;1mtests/Feature/HrPerformancePhase7Test.php[39;22m:[39;1m56[39;22m

  [31m────────────────────────────────────────────────────────────────────────────[39m  
  [41;1m FAILED [49;22m [1mTests\Feature\HrPerformancePhase7Test[22m… [41;1m BindingResolutionException [49;22m  
[39;1m  Target class [PublicHomeRenderCompatibilityPresentation] does not exist.[39;22m

  at [32mvendor/laravel/framework/src/Illuminate/Container/Container.php[39m:[32m1149[39m
    1145▕ 
    1146▕         try {
    1147▕             $reflector = new ReflectionClass($concrete);
    1148▕         } catch (ReflectionException $e) {
  ➜ 1149▕             throw new BindingResolutionException("Target class [$concrete] does not exist.", 0, $e);
    1150▕         }
    1151▕ 
    1152▕         // If the type is not instantiable, the developer is attempting to resolve
    1153▕         // an abstract type such as an Interface or Abstract Class and there is

      [2m+9 vendor frames [22m
  [33m10  [39m[39;1mtests/Feature/HrPerformancePhase7Test.php[39;22m:[39;1m70[39;22m

  [31m────────────────────────────────────────────────────────────────────────────[39m  
  [41;1m FAILED [49;22m [1mTests\Feature\HrRecruitmentPhase6Test[22m… [41;1m BindingResolutionException [49;22m  
[39;1m  Target class [PublicHomeRenderCompatibilityPresentation] does not exist.[39;22m

  at [32mvendor/laravel/framework/src/Illuminate/Container/Container.php[39m:[32m1149[39m
    1145▕ 
    1146▕         try {
    1147▕             $reflector = new ReflectionClass($concrete);
    1148▕         } catch (ReflectionException $e) {
  ➜ 1149▕             throw new BindingResolutionException("Target class [$concrete] does not exist.", 0, $e);
    1150▕         }
    1151▕ 
    1152▕         // If the type is not instantiable, the developer is attempting to resolve
    1153▕         // an abstract type such as an Interface or Abstract Class and there is

      [2m+9 vendor frames [22m
  [33m10  [39m[39;1mtests/Feature/HrRecruitmentPhase6Test.php[39;22m:[39;1m26[39;22m

  [31m────────────────────────────────────────────────────────────────────────────[39m  
  [41;1m FAILED [49;22m [1mTests\Feature\HrRecruitmentPhase6Test[22m… [41;1m BindingResolutionException [49;22m  
[39;1m  Target class [PublicHomeRenderCompatibilityPresentation] does not exist.[39;22m

  at [32mvendor/laravel/framework/src/Illuminate/Container/Container.php[39m:[32m1149[39m
    1145▕ 
    1146▕         try {
    1147▕             $reflector = new ReflectionClass($concrete);
    1148▕         } catch (ReflectionException $e) {
  ➜ 1149▕             throw new BindingResolutionException("Target class [$concrete] does not exist.", 0, $e);
    1150▕         }
    1151▕ 
    1152▕         // If the type is not instantiable, the developer is attempting to resolve
    1153▕         // an abstract type such as an Interface or Abstract Class and there is

      [2m+9 vendor frames [22m
  [33m10  [39m[39;1mtests/Feature/HrRecruitmentPhase6Test.php[39;22m:[39;1m42[39;22m

  [31m────────────────────────────────────────────────────────────────────────────[39m  
  [41;1m FAILED [49;22m [1mTests\Feature\HrRecruitmentPhase6Test[22m… [41;1m BindingResolutionException [49;22m  
[39;1m  Target class [PublicHomeRenderCompatibilityPresentation] does not exist.[39;22m

  at [32mvendor/laravel/framework/src/Illuminate/Container/Container.php[39m:[32m1149[39m
    1145▕ 
    1146▕         try {
    1147▕             $reflector = new ReflectionClass($concrete);
    1148▕         } catch (ReflectionException $e) {
  ➜ 1149▕             throw new BindingResolutionException("Target class [$concrete] does not exist.", 0, $e);
    1150▕         }
    1151▕ 
    1152▕         // If the type is not instantiable, the developer is attempting to resolve
    1153▕         // an abstract type such as an Interface or Abstract Class and there is

      [2m+9 vendor frames [22m
  [33m10  [39m[39;1mtests/Feature/HrRecruitmentPhase6Test.php[39;22m:[39;1m67[39;22m

  [31m────────────────────────────────────────────────────────────────────────────[39m  
  [41;1m FAILED [49;22m [1mTests\Feature\HrEndOfServicePhase5Tes[22m… [41;1m BindingResolutionException [49;22m  
[39;1m  Target class [PublicHomeRenderCompatibilityPresentation] does not exist.[39;22m

  at [32mvendor/laravel/framework/src/Illuminate/Container/Container.php[39m:[32m1149[39m
    1145▕ 
    1146▕         try {
    1147▕             $reflector = new ReflectionClass($concrete);
    1148▕         } catch (ReflectionException $e) {
  ➜ 1149▕             throw new BindingResolutionException("Target class [$concrete] does not exist.", 0, $e);
    1150▕         }
    1151▕ 
    1152▕         // If the type is not instantiable, the developer is attempting to resolve
    1153▕         // an abstract type such as an Interface or Abstract Class and there is

      [2m+9 vendor frames [22m
  [33m10  [39m[39;1mtests/Feature/HrEndOfServicePhase5Test.php[39;22m:[39;1m26[39;22m

  [31m────────────────────────────────────────────────────────────────────────────[39m  
  [41;1m FAILED [49;22m [1mTests\Feature\HrEndOfServicePhase5Tes[22m… [41;1m BindingResolutionException [49;22m  
[39;1m  Target class [PublicHomeRenderCompatibilityPresentation] does not exist.[39;22m

  at [32mvendor/laravel/framework/src/Illuminate/Container/Container.php[39m:[32m1149[39m
    1145▕ 
    1146▕         try {
    1147▕             $reflector = new ReflectionClass($concrete);
    1148▕         } catch (ReflectionException $e) {
  ➜ 1149▕             throw new BindingResolutionException("Target class [$concrete] does not exist.", 0, $e);
    1150▕         }
    1151▕ 
    1152▕         // If the type is not instantiable, the developer is attempting to resolve
    1153▕         // an abstract type such as an Interface or Abstract Class and there is

      [2m+9 vendor frames [22m
  [33m10  [39m[39;1mtests/Feature/HrEndOfServicePhase5Test.php[39;22m:[39;1m44[39;22m

  [31m────────────────────────────────────────────────────────────────────────────[39m  
  [41;1m FAILED [49;22m [1mTests\Feature\HrEndOfServicePhase5Tes[22m… [41;1m BindingResolutionException [49;22m  
[39;1m  Target class [PublicHomeRenderCompatibilityPresentation] does not exist.[39;22m

  at [32mvendor/laravel/framework/src/Illuminate/Container/Container.php[39m:[32m1149[39m
    1145▕ 
    1146▕         try {
    1147▕             $reflector = new ReflectionClass($concrete);
    1148▕         } catch (ReflectionException $e) {
  ➜ 1149▕             throw new BindingResolutionException("Target class [$concrete] does not exist.", 0, $e);
    1150▕         }
    1151▕ 
    1152▕         // If the type is not instantiable, the developer is attempting to resolve
    1153▕         // an abstract type such as an Interface or Abstract Class and there is

      [2m+9 vendor frames [22m
  [33m10  [39m[39;1mtests/Feature/HrEndOfServicePhase5Test.php[39;22m:[39;1m59[39;22m

  [31m────────────────────────────────────────────────────────────────────────────[39m  
  [41;1m FAILED [49;22m [1mTests\Feature\HrEndOfServicePhase5Tes[22m… [41;1m BindingResolutionException [49;22m  
[39;1m  Target class [PublicHomeRenderCompatibilityPresentation] does not exist.[39;22m

  at [32mvendor/laravel/framework/src/Illuminate/Container/Container.php[39m:[32m1149[39m
    1145▕ 
    1146▕         try {
    1147▕             $reflector = new ReflectionClass($concrete);
    1148▕         } catch (ReflectionException $e) {
  ➜ 1149▕             throw new BindingResolutionException("Target class [$concrete] does not exist.", 0, $e);
    1150▕         }
    1151▕ 
    1152▕         // If the type is not instantiable, the developer is attempting to resolve
    1153▕         // an abstract type such as an Interface or Abstract Class and there is

      [2m+9 vendor frames [22m
  [33m10  [39m[39;1mtests/Feature/HrEndOfServicePhase5Test.php[39;22m:[39;1m75[39;22m

  [31m────────────────────────────────────────────────────────────────────────────[39m  
  [41;1m FAILED [49;22m [1mTests\Feature\HrBusinessTripsPhase4Te[22m… [41;1m BindingResolutionException [49;22m  
[39;1m  Target class [PublicHomeRenderCompatibilityPresentation] does not exist.[39;22m

  at [32mvendor/laravel/framework/src/Illuminate/Container/Container.php[39m:[32m1149[39m
    1145▕ 
    1146▕         try {
    1147▕             $reflector = new ReflectionClass($concrete);
    1148▕         } catch (ReflectionException $e) {
  ➜ 1149▕             throw new BindingResolutionException("Target class [$concrete] does not exist.", 0, $e);
    1150▕         }
    1151▕ 
    1152▕         // If the type is not instantiable, the developer is attempting to resolve
    1153▕         // an abstract type such as an Interface or Abstract Class and there is

      [2m+9 vendor frames [22m
  [33m10  [39m[39;1mtests/Feature/HrBusinessTripsPhase4Test.php[39;22m:[39;1m27[39;22m
  [33m11  [39m[39;1mtests/Feature/HrBusinessTripsPhase4Test.php[39;22m:[39;1m39[39;22m

  [31m────────────────────────────────────────────────────────────────────────────[39m  
  [41;1m FAILED [49;22m [1mTests\Feature\HrBusinessTripsPhase4Te[22m… [41;1m BindingResolutionException [49;22m  
[39;1m  Target class [PublicHomeRenderCompatibilityPresentation] does not exist.[39;22m

  at [32mvendor/laravel/framework/src/Illuminate/Container/Container.php[39m:[32m1149[39m
    1145▕ 
    1146▕         try {
    1147▕             $reflector = new ReflectionClass($concrete);
    1148▕         } catch (ReflectionException $e) {
  ➜ 1149▕             throw new BindingResolutionException("Target class [$concrete] does not exist.", 0, $e);
    1150▕         }
    1151▕ 
    1152▕         // If the type is not instantiable, the developer is attempting to resolve
    1153▕         // an abstract type such as an Interface or Abstract Class and there is

      [2m+9 vendor frames [22m
  [33m10  [39m[39;1mtests/Feature/HrBusinessTripsPhase4Test.php[39;22m:[39;1m27[39;22m
  [33m11  [39m[39;1mtests/Feature/HrBusinessTripsPhase4Test.php[39;22m:[39;1m46[39;22m

  [31m────────────────────────────────────────────────────────────────────────────[39m  
  [41;1m FAILED [49;22m [1mTests\Feature\HrBusinessTripsPhase4Te[22m… [41;1m BindingResolutionException [49;22m  
[39;1m  Target class [PublicHomeRenderCompatibilityPresentation] does not exist.[39;22m

  at [32mvendor/laravel/framework/src/Illuminate/Container/Container.php[39m:[32m1149[39m
    1145▕ 
    1146▕         try {
    1147▕             $reflector = new ReflectionClass($concrete);
    1148▕         } catch (ReflectionException $e) {
  ➜ 1149▕             throw new BindingResolutionException("Target class [$concrete] does not exist.", 0, $e);
    1150▕         }
    1151▕ 
    1152▕         // If the type is not instantiable, the developer is attempting to resolve
    1153▕         // an abstract type such as an Interface or Abstract Class and there is

      [2m+9 vendor frames [22m
  [33m10  [39m[39;1mtests/Feature/HrBusinessTripsPhase4Test.php[39;22m:[39;1m27[39;22m
  [33m11  [39m[39;1mtests/Feature/HrBusinessTripsPhase4Test.php[39;22m:[39;1m52[39;22m

  [31m────────────────────────────────────────────────────────────────────────────[39m  
  [41;1m FAILED [49;22m [1mTests\Feature\HrBusinessTripsPhase4Te[22m… [41;1m BindingResolutionException [49;22m  
[39;1m  Target class [PublicHomeRenderCompatibilityPresentation] does not exist.[39;22m

  at [32mvendor/laravel/framework/src/Illuminate/Container/Container.php[39m:[32m1149[39m
    1145▕ 
    1146▕         try {
    1147▕             $reflector = new ReflectionClass($concrete);
    1148▕         } catch (ReflectionException $e) {
  ➜ 1149▕             throw new BindingResolutionException("Target class [$concrete] does not exist.", 0, $e);
    1150▕         }
    1151▕ 
    1152▕         // If the type is not instantiable, the developer is attempting to resolve
    1153▕         // an abstract type such as an Interface or Abstract Class and there is

      [2m+9 vendor frames [22m
  [33m10  [39m[39;1mtests/Feature/HrBusinessTripsPhase4Test.php[39;22m:[39;1m27[39;22m
  [33m11  [39m[39;1mtests/Feature/HrBusinessTripsPhase4Test.php[39;22m:[39;1m64[39;22m

  [31m────────────────────────────────────────────────────────────────────────────[39m  
  [41;1m FAILED [49;22m [1mTests\Feature\HrPayrollPhase3Test[22m [90m>[39m p… [41;1m BindingResolutionException [49;22m  
[39;1m  Target class [PublicHomeRenderCompatibilityPresentation] does not exist.[39;22m

  at [32mvendor/laravel/framework/src/Illuminate/Container/Container.php[39m:[32m1149[39m
    1145▕ 
    1146▕         try {
    1147▕             $reflector = new ReflectionClass($concrete);
    1148▕         } catch (ReflectionException $e) {
  ➜ 1149▕             throw new BindingResolutionException("Target class [$concrete] does not exist.", 0, $e);
    1150▕         }
    1151▕ 
    1152▕         // If the type is not instantiable, the developer is attempting to resolve
    1153▕         // an abstract type such as an Interface or Abstract Class and there is

      [2m+9 vendor frames [22m
  [33m10  [39m[39;1mtests/Feature/HrPayrollPhase3Test.php[39;22m:[39;1m26[39;22m

  [31m────────────────────────────────────────────────────────────────────────────[39m  
  [41;1m FAILED [49;22m [1mTests\Feature\HrPayrollPhase3Test[22m [90m>[39m p… [41;1m BindingResolutionException [49;22m  
[39;1m  Target class [PublicHomeRenderCompatibilityPresentation] does not exist.[39;22m

  at [32mvendor/laravel/framework/src/Illuminate/Container/Container.php[39m:[32m1149[39m
    1145▕ 
    1146▕         try {
    1147▕             $reflector = new ReflectionClass($concrete);
    1148▕         } catch (ReflectionException $e) {
  ➜ 1149▕             throw new BindingResolutionException("Target class [$concrete] does not exist.", 0, $e);
    1150▕         }
    1151▕ 
    1152▕         // If the type is not instantiable, the developer is attempting to resolve
    1153▕         // an abstract type such as an Interface or Abstract Class and there is

      [2m+9 vendor frames [22m
  [33m10  [39m[39;1mtests/Feature/HrPayrollPhase3Test.php[39;22m:[39;1m45[39;22m

  [31m────────────────────────────────────────────────────────────────────────────[39m  
  [41;1m FAILED [49;22m [1mTests\Feature\HrAttendanceLeavePhase2[22m… [41;1m BindingResolutionException [49;22m  
[39;1m  Target class [PublicHomeRenderCompatibilityPresentation] does not exist.[39;22m

  at [32mvendor/laravel/framework/src/Illuminate/Container/Container.php[39m:[32m1149[39m
    1145▕ 
    1146▕         try {
    1147▕             $reflector = new ReflectionClass($concrete);
    1148▕         } catch (ReflectionException $e) {
  ➜ 1149▕             throw new BindingResolutionException("Target class [$concrete] does not exist.", 0, $e);
    1150▕         }
    1151▕ 
    1152▕         // If the type is not instantiable, the developer is attempting to resolve
    1153▕         // an abstract type such as an Interface or Abstract Class and there is

      [2m+9 vendor frames [22m
  [33m10  [39m[39;1mtests/Feature/HrAttendanceLeavePhase2Test.php[39;22m:[39;1m29[39;22m

  [31m────────────────────────────────────────────────────────────────────────────[39m  
  [41;1m FAILED [49;22m [1mTests\Feature\HrAttendanceLeavePhase2[22m… [41;1m BindingResolutionException [49;22m  
[39;1m  Target class [PublicHomeRenderCompatibilityPresentation] does not exist.[39;22m

  at [32mvendor/laravel/framework/src/Illuminate/Container/Container.php[39m:[32m1149[39m
    1145▕ 
    1146▕         try {
    1147▕             $reflector = new ReflectionClass($concrete);
    1148▕         } catch (ReflectionException $e) {
  ➜ 1149▕             throw new BindingResolutionException("Target class [$concrete] does not exist.", 0, $e);
    1150▕         }
    1151▕ 
    1152▕         // If the type is not instantiable, the developer is attempting to resolve
    1153▕         // an abstract type such as an Interface or Abstract Class and there is

      [2m+9 vendor frames [22m
  [33m10  [39m[39;1mtests/Feature/HrAttendanceLeavePhase2Test.php[39;22m:[39;1m47[39;22m

  [31m────────────────────────────────────────────────────────────────────────────[39m  
  [41;1m FAILED [49;22m [1mTests\Feature\HrAttendanceLeavePhase2[22m… [41;1m BindingResolutionException [49;22m  
[39;1m  Target class [PublicHomeRenderCompatibilityPresentation] does not exist.[39;22m

  at [32mvendor/laravel/framework/src/Illuminate/Container/Container.php[39m:[32m1149[39m
    1145▕ 
    1146▕         try {
    1147▕             $reflector = new ReflectionClass($concrete);
    1148▕         } catch (ReflectionException $e) {
  ➜ 1149▕             throw new BindingResolutionException("Target class [$concrete] does not exist.", 0, $e);
    1150▕         }
    1151▕ 
    1152▕         // If the type is not instantiable, the developer is attempting to resolve
    1153▕         // an abstract type such as an Interface or Abstract Class and there is

      [2m+9 vendor frames [22m
  [33m10  [39m[39;1mtests/Feature/HrAttendanceLeavePhase2Test.php[39;22m:[39;1m57[39;22m

  [31m────────────────────────────────────────────────────────────────────────────[39m  
  [41;1m FAILED [49;22m [1mTests\Feature\HrEmployeeCorePhase1Tes[22m… [41;1m BindingResolutionException [49;22m  
[39;1m  Target class [PublicHomeRenderCompatibilityPresentation] does not exist.[39;22m

  at [32mvendor/laravel/framework/src/Illuminate/Container/Container.php[39m:[32m1149[39m
    1145▕ 
    1146▕         try {
    1147▕             $reflector = new ReflectionClass($concrete);
    1148▕         } catch (ReflectionException $e) {
  ➜ 1149▕             throw new BindingResolutionException("Target class [$concrete] does not exist.", 0, $e);
    1150▕         }
    1151▕ 
    1152▕         // If the type is not instantiable, the developer is attempting to resolve
    1153▕         // an abstract type such as an Interface or Abstract Class and there is

      [2m+9 vendor frames [22m
  [33m10  [39m[39;1mtests/Feature/HrEmployeeCorePhase1Test.php[39;22m:[39;1m28[39;22m

  [31m────────────────────────────────────────────────────────────────────────────[39m  
  [41;1m FAILED [49;22m [1mTests\Feature\HrEmployeeCorePhase1Tes[22m… [41;1m BindingResolutionException [49;22m  
[39;1m  Target class [PublicHomeRenderCompatibilityPresentation] does not exist.[39;22m

  at [32mvendor/laravel/framework/src/Illuminate/Container/Container.php[39m:[32m1149[39m
    1145▕ 
    1146▕         try {
    1147▕             $reflector = new ReflectionClass($concrete);
    1148▕         } catch (ReflectionException $e) {
  ➜ 1149▕             throw new BindingResolutionException("Target class [$concrete] does not exist.", 0, $e);
    1150▕         }
    1151▕ 
    1152▕         // If the type is not instantiable, the developer is attempting to resolve
    1153▕         // an abstract type such as an Interface or Abstract Class and there is

      [2m+9 vendor frames [22m
  [33m10  [39m[39;1mtests/Feature/HrEmployeeCorePhase1Test.php[39;22m:[39;1m48[39;22m

  [31m────────────────────────────────────────────────────────────────────────────[39m  
  [41;1m FAILED [49;22m [1mTests\Feature\HrEmployeeCorePhase1Tes[22m… [41;1m BindingResolutionException [49;22m  
[39;1m  Target class [PublicHomeRenderCompatibilityPresentation] does not exist.[39;22m

  at [32mvendor/laravel/framework/src/Illuminate/Container/Container.php[39m:[32m1149[39m
    1145▕ 
    1146▕         try {
    1147▕             $reflector = new ReflectionClass($concrete);
    1148▕         } catch (ReflectionException $e) {
  ➜ 1149▕             throw new BindingResolutionException("Target class [$concrete] does not exist.", 0, $e);
    1150▕         }
    1151▕ 
    1152▕         // If the type is not instantiable, the developer is attempting to resolve
    1153▕         // an abstract type such as an Interface or Abstract Class and there is

      [2m+9 vendor frames [22m
  [33m10  [39m[39;1mtests/Feature/HrEmployeeCorePhase1Test.php[39;22m:[39;1m55[39;22m

  [31m────────────────────────────────────────────────────────────────────────────[39m  
  [41;1m FAILED [49;22m [1mTests\Feature\HrEmployeeCorePhase1Tes[22m… [41;1m BindingResolutionException [49;22m  
[39;1m  Target class [PublicHomeRenderCompatibilityPresentation] does not exist.[39;22m

  at [32mvendor/laravel/framework/src/Illuminate/Container/Container.php[39m:[32m1149[39m
    1145▕ 
    1146▕         try {
    1147▕             $reflector = new ReflectionClass($concrete);
    1148▕         } catch (ReflectionException $e) {
  ➜ 1149▕             throw new BindingResolutionException("Target class [$concrete] does not exist.", 0, $e);
    1150▕         }
    1151▕ 
    1152▕         // If the type is not instantiable, the developer is attempting to resolve
    1153▕         // an abstract type such as an Interface or Abstract Class and there is

      [2m+9 vendor frames [22m
  [33m10  [39m[39;1mtests/Feature/HrEmployeeCorePhase1Test.php[39;22m:[39;1m73[39;22m

  [31m────────────────────────────────────────────────────────────────────────────[39m  
  [41;1m FAILED [49;22m [1mTests\Feature\HrEmployeeCorePhase1Tes[22m… [41;1m BindingResolutionException [49;22m  
[39;1m  Target class [PublicHomeRenderCompatibilityPresentation] does not exist.[39;22m

  at [32mvendor/laravel/framework/src/Illuminate/Container/Container.php[39m:[32m1149[39m
    1145▕ 
    1146▕         try {
    1147▕             $reflector = new ReflectionClass($concrete);
    1148▕         } catch (ReflectionException $e) {
  ➜ 1149▕             throw new BindingResolutionException("Target class [$concrete] does not exist.", 0, $e);
    1150▕         }
    1151▕ 
    1152▕         // If the type is not instantiable, the developer is attempting to resolve
    1153▕         // an abstract type such as an Interface or Abstract Class and there is

      [2m+9 vendor frames [22m
  [33m10  [39m[39;1mtests/Feature/HrEmployeeCorePhase1Test.php[39;22m:[39;1m100[39;22m

  [31m────────────────────────────────────────────────────────────────────────────[39m  
  [41;1m FAILED [49;22m [1mTests\Feature\Wave10HrOperationsTest[22m…  [41;1m BindingResolutionException [49;22m  
[39;1m  Target class [PublicHomeRenderCompatibilityPresentation] does not exist.[39;22m

  at [32mvendor/laravel/framework/src/Illuminate/Container/Container.php[39m:[32m1149[39m
    1145▕ 
    1146▕         try {
    1147▕             $reflector = new ReflectionClass($concrete);
    1148▕         } catch (ReflectionException $e) {
  ➜ 1149▕             throw new BindingResolutionException("Target class [$concrete] does not exist.", 0, $e);
    1150▕         }
    1151▕ 
    1152▕         // If the type is not instantiable, the developer is attempting to resolve
    1153▕         // an abstract type such as an Interface or Abstract Class and there is

      [2m+9 vendor frames [22m
  [33m10  [39m[39;1mtests/Feature/Wave10HrOperationsTest.php[39;22m:[39;1m17[39;22m

  [31m────────────────────────────────────────────────────────────────────────────[39m  
  [41;1m FAILED [49;22m [1mTests\Feature\Wave10HrOperationsTest[22m…  [41;1m BindingResolutionException [49;22m  
[39;1m  Target class [PublicHomeRenderCompatibilityPresentation] does not exist.[39;22m

  at [32mvendor/laravel/framework/src/Illuminate/Container/Container.php[39m:[32m1149[39m
    1145▕ 
    1146▕         try {
    1147▕             $reflector = new ReflectionClass($concrete);
    1148▕         } catch (ReflectionException $e) {
  ➜ 1149▕             throw new BindingResolutionException("Target class [$concrete] does not exist.", 0, $e);
    1150▕         }
    1151▕ 
    1152▕         // If the type is not instantiable, the developer is attempting to resolve
    1153▕         // an abstract type such as an Interface or Abstract Class and there is

      [2m+9 vendor frames [22m
  [33m10  [39m[39;1mtests/Feature/Wave10HrOperationsTest.php[39;22m:[39;1m38[39;22m

  [31m────────────────────────────────────────────────────────────────────────────[39m  
  [41;1m FAILED [49;22m [1mTests\Feature\SidebarNavigationTest[22m [90m>[39m… [41;1m BindingResolutionException [49;22m  
[39;1m  Target class [PublicHomeRenderCompatibilityPresentation] does not exist.[39;22m

  at [32mvendor/laravel/framework/src/Illuminate/Container/Container.php[39m:[32m1149[39m
    1145▕ 
    1146▕         try {
    1147▕             $reflector = new ReflectionClass($concrete);
    1148▕         } catch (ReflectionException $e) {
  ➜ 1149▕             throw new BindingResolutionException("Target class [$concrete] does not exist.", 0, $e);
    1150▕         }
    1151▕ 
    1152▕         // If the type is not instantiable, the developer is attempting to resolve
    1153▕         // an abstract type such as an Interface or Abstract Class and there is

      [2m+9 vendor frames [22m
  [33m10  [39m[39;1mtests/Feature/SidebarNavigationTest.php[39;22m:[39;1m13[39;22m

  [31m────────────────────────────────────────────────────────────────────────────[39m  
  [41;1m FAILED [49;22m [1mTests\Feature\SidebarNavigationTest[22m [90m>[39m… [41;1m BindingResolutionException [49;22m  
[39;1m  Target class [PublicHomeRenderCompatibilityPresentation] does not exist.[39;22m

  at [32mvendor/laravel/framework/src/Illuminate/Container/Container.php[39m:[32m1149[39m
    1145▕ 
    1146▕         try {
    1147▕             $reflector = new ReflectionClass($concrete);
    1148▕         } catch (ReflectionException $e) {
  ➜ 1149▕             throw new BindingResolutionException("Target class [$concrete] does not exist.", 0, $e);
    1150▕         }
    1151▕ 
    1152▕         // If the type is not instantiable, the developer is attempting to resolve
    1153▕         // an abstract type such as an Interface or Abstract Class and there is

      [2m+9 vendor frames [22m
  [33m10  [39m[39;1mtests/Feature/SidebarNavigationTest.php[39;22m:[39;1m14[39;22m

  [31m────────────────────────────────────────────────────────────────────────────[39m  
  [41;1m FAILED [49;22m [1mTests\Feature\SidebarNavigationTest[22m [90m>[39m… [41;1m BindingResolutionException [49;22m  
[39;1m  Target class [PublicHomeRenderCompatibilityPresentation] does not exist.[39;22m

  at [32mvendor/laravel/framework/src/Illuminate/Container/Container.php[39m:[32m1149[39m
    1145▕ 
    1146▕         try {
    1147▕             $reflector = new ReflectionClass($concrete);
    1148▕         } catch (ReflectionException $e) {
  ➜ 1149▕             throw new BindingResolutionException("Target class [$concrete] does not exist.", 0, $e);
    1150▕         }
    1151▕ 
    1152▕         // If the type is not instantiable, the developer is attempting to resolve
    1153▕         // an abstract type such as an Interface or Abstract Class and there is

      [2m+9 vendor frames [22m
  [33m10  [39m[39;1mtests/Feature/SidebarNavigationTest.php[39;22m:[39;1m15[39;22m

  [31m────────────────────────────────────────────────────────────────────────────[39m  
  [41;1m FAILED [49;22m [1mTests\Feature\SidebarNavigationTest[22m [90m>[39m… [41;1m BindingResolutionException [49;22m  
[39;1m  Target class [PublicHomeRenderCompatibilityPresentation] does not exist.[39;22m

  at [32mvendor/laravel/framework/src/Illuminate/Container/Container.php[39m:[32m1149[39m
    1145▕ 
    1146▕         try {
    1147▕             $reflector = new ReflectionClass($concrete);
    1148▕         } catch (ReflectionException $e) {
  ➜ 1149▕             throw new BindingResolutionException("Target class [$concrete] does not exist.", 0, $e);
    1150▕         }
    1151▕ 
    1152▕         // If the type is not instantiable, the developer is attempting to resolve
    1153▕         // an abstract type such as an Interface or Abstract Class and there is

      [2m+9 vendor frames [22m
  [33m10  [39m[39;1mtests/Feature/SidebarNavigationTest.php[39;22m:[39;1m16[39;22m

  [31m────────────────────────────────────────────────────────────────────────────[39m  
  [41;1m FAILED [49;22m [1mTests\Feature\SidebarNavigationTest[22m [90m>[39m… [41;1m BindingResolutionException [49;22m  
[39;1m  Target class [PublicHomeRenderCompatibilityPresentation] does not exist.[39;22m

  at [32mvendor/laravel/framework/src/Illuminate/Container/Container.php[39m:[32m1149[39m
    1145▕ 
    1146▕         try {
    1147▕             $reflector = new ReflectionClass($concrete);
    1148▕         } catch (ReflectionException $e) {
  ➜ 1149▕             throw new BindingResolutionException("Target class [$concrete] does not exist.", 0, $e);
    1150▕         }
    1151▕ 
    1152▕         // If the type is not instantiable, the developer is attempting to resolve
    1153▕         // an abstract type such as an Interface or Abstract Class and there is

      [2m+9 vendor frames [22m
  [33m10  [39m[39;1mtests/Feature/SidebarNavigationTest.php[39;22m:[39;1m18[39;22m


  [90mTests:[39m    [31;1m44 failed[39;22m[90m,[39m[39m [39m[32;1m9 passed[39;22m[90m (49 assertions)[39m
  [90mDuration:[39m [39m70.73s[39m

