Installing dependencies from lock file (including require-dev)
Verifying lock file contents can be installed on current platform.
Package operations: 110 installs, 0 updates, 0 removals
  - Downloading doctrine/inflector (2.1.0)
  - Downloading doctrine/lexer (3.0.1)
  - Downloading dragonmantank/cron-expression (v3.6.0)
  - Downloading symfony/deprecation-contracts (v3.7.1)
  - Downloading psr/container (2.0.2)
  - Downloading fakerphp/faker (v1.24.1)
  - Downloading symfony/polyfill-mbstring (v1.38.2)
  - Downloading symfony/http-foundation (v7.4.17)
  - Downloading fruitcake/php-cors (v1.4.0)
  - Downloading symfony/polyfill-php82 (v1.38.1)
  - Downloading symfony/polyfill-php80 (v1.37.0)
  - Downloading psr/http-message (2.0)
  - Downloading psr/http-factory (1.1.0)
  - Downloading psr/http-client (1.0.3)
  - Downloading guzzlehttp/psr7 (3.1.0)
  - Downloading guzzlehttp/promises (3.0.2)
  - Downloading guzzlehttp/guzzle (8.1.0)
  - Downloading guzzlehttp/uri-template (v2.0.1)
  - Downloading symfony/polyfill-intl-normalizer (v1.42.0)
  - Downloading symfony/polyfill-intl-grapheme (v1.41.0)
  - Downloading symfony/polyfill-ctype (v1.37.0)
  - Downloading symfony/string (v7.4.15)
  - Downloading symfony/service-contracts (v3.7.1)
  - Downloading symfony/console (v7.4.17)
  - Downloading nunomaduro/termwind (v2.4.0)
  - Downloading voku/portable-ascii (2.1.1)
  - Downloading phpoption/phpoption (1.10.0)
  - Downloading graham-campbell/result-type (v1.2.0)
  - Downloading vlucas/phpdotenv (v5.7.0)
  - Downloading symfony/css-selector (v7.4.17)
  - Downloading tijsverkoyen/css-to-inline-styles (v2.4.0)
  - Downloading symfony/var-dumper (v7.4.17)
  - Downloading symfony/polyfill-uuid (v1.37.0)
  - Downloading symfony/uid (v7.4.17)
  - Downloading symfony/routing (v7.4.17)
  - Downloading symfony/process (v7.4.17)
  - Downloading symfony/polyfill-php86 (v1.41.0)
  - Downloading symfony/polyfill-php85 (v1.41.0)
  - Downloading symfony/polyfill-php84 (v1.38.1)
  - Downloading symfony/polyfill-intl-idn (v1.42.0)
  - Downloading symfony/mime (v7.4.17)
  - Downloading psr/event-dispatcher (1.0.0)
  - Downloading symfony/event-dispatcher-contracts (v3.7.1)
  - Downloading symfony/event-dispatcher (v7.4.17)
  - Downloading psr/log (3.0.2)
  - Downloading egulias/email-validator (4.0.4)
  - Downloading symfony/mailer (v7.4.17)
  - Downloading symfony/error-handler (v7.4.17)
  - Downloading symfony/http-kernel (v7.4.17)
  - Downloading symfony/finder (v7.4.17)
  - Downloading ramsey/collection (2.1.1)
  - Downloading brick/math (0.18.0)
  - Downloading ramsey/uuid (4.9.3)
  - Downloading psr/simple-cache (3.0.0)
  - Downloading symfony/translation-contracts (v3.7.1)
  - Downloading symfony/translation (v7.4.17)
  - Downloading symfony/polyfill-php83 (v1.41.0)
  - Downloading psr/clock (1.0.0)
  - Downloading symfony/clock (v7.4.8)
  - Downloading carbonphp/carbon-doctrine-types (3.2.0)
  - Downloading nesbot/carbon (3.13.2)
  - Downloading monolog/monolog (3.10.0)
  - Downloading league/uri-interfaces (7.8.1)
  - Downloading league/uri (7.8.1)
  - Downloading league/mime-type-detection (1.17.0)
  - Downloading league/flysystem-local (3.35.3)
  - Downloading league/flysystem (3.35.3)
  - Downloading nette/utils (v4.1.5)
  - Downloading nette/schema (v1.3.6)
  - Downloading dflydev/dot-access-data (v3.0.3)
  - Downloading league/config (v1.2.0)
  - Downloading league/commonmark (2.10.0)
  - Downloading laravel/serializable-closure (v2.0.16)
  - Downloading laravel/prompts (v0.3.24)
  - Downloading laravel/framework (v13.29.0)
  - Downloading laravel/pail (v1.2.7)
  - Downloading laravel/agent-detector (v2.0.2)
  - Downloading laravel/pao (v1.1.4)
  - Downloading laravel/pint (v1.30.5)
  - Downloading nikic/php-parser (v5.8.0)
  - Downloading psy/psysh (v0.12.24)
  - Downloading laravel/tinker (v3.0.2)
  - Downloading hamcrest/hamcrest-php (v3.0.0)
  - Downloading mockery/mockery (1.6.15)
  - Downloading filp/whoops (2.18.4)
  - Downloading nunomaduro/collision (v8.9.5)
  - Downloading staabm/side-effects-detector (1.0.5)
  - Downloading sebastian/version (6.0.0)
  - Downloading sebastian/type (6.0.4)
  - Downloading sebastian/recursion-context (7.0.1)
  - Downloading sebastian/object-reflector (5.0.0)
  - Downloading sebastian/object-enumerator (7.0.0)
  - Downloading sebastian/global-state (8.0.3)
  - Downloading sebastian/exporter (7.0.3)
  - Downloading sebastian/environment (8.1.2)
  - Downloading sebastian/diff (7.0.1)
  - Downloading sebastian/comparator (7.1.8)
  - Downloading sebastian/cli-parser (4.2.1)
  - Downloading phpunit/php-timer (8.0.0)
  - Downloading phpunit/php-text-template (5.0.0)
  - Downloading phpunit/php-invoker (6.0.0)
  - Downloading phpunit/php-file-iterator (6.0.2)
  - Downloading theseer/tokenizer (2.0.1)
  - Downloading sebastian/lines-of-code (4.0.1)
  - Downloading sebastian/complexity (5.0.0)
  - Downloading phpunit/php-code-coverage (12.5.7)
  - Downloading phar-io/version (3.2.1)
  - Downloading phar-io/manifest (2.0.4)
  - Downloading myclabs/deep-copy (1.14.0)
  - Downloading phpunit/phpunit (12.5.34)
  - Installing doctrine/inflector (2.1.0): Extracting archive
  - Installing doctrine/lexer (3.0.1): Extracting archive
  - Installing dragonmantank/cron-expression (v3.6.0): Extracting archive
  - Installing symfony/deprecation-contracts (v3.7.1): Extracting archive
  - Installing psr/container (2.0.2): Extracting archive
  - Installing fakerphp/faker (v1.24.1): Extracting archive
  - Installing symfony/polyfill-mbstring (v1.38.2): Extracting archive
  - Installing symfony/http-foundation (v7.4.17): Extracting archive
  - Installing fruitcake/php-cors (v1.4.0): Extracting archive
  - Installing symfony/polyfill-php82 (v1.38.1): Extracting archive
  - Installing symfony/polyfill-php80 (v1.37.0): Extracting archive
  - Installing psr/http-message (2.0): Extracting archive
  - Installing psr/http-factory (1.1.0): Extracting archive
  - Installing psr/http-client (1.0.3): Extracting archive
  - Installing guzzlehttp/psr7 (3.1.0): Extracting archive
  - Installing guzzlehttp/promises (3.0.2): Extracting archive
  - Installing guzzlehttp/guzzle (8.1.0): Extracting archive
  - Installing guzzlehttp/uri-template (v2.0.1): Extracting archive
  - Installing symfony/polyfill-intl-normalizer (v1.42.0): Extracting archive
  - Installing symfony/polyfill-intl-grapheme (v1.41.0): Extracting archive
  - Installing symfony/polyfill-ctype (v1.37.0): Extracting archive
  - Installing symfony/string (v7.4.15): Extracting archive
  - Installing symfony/service-contracts (v3.7.1): Extracting archive
  - Installing symfony/console (v7.4.17): Extracting archive
  - Installing nunomaduro/termwind (v2.4.0): Extracting archive
  - Installing voku/portable-ascii (2.1.1): Extracting archive
  - Installing phpoption/phpoption (1.10.0): Extracting archive
  - Installing graham-campbell/result-type (v1.2.0): Extracting archive
  - Installing vlucas/phpdotenv (v5.7.0): Extracting archive
  - Installing symfony/css-selector (v7.4.17): Extracting archive
  - Installing tijsverkoyen/css-to-inline-styles (v2.4.0): Extracting archive
  - Installing symfony/var-dumper (v7.4.17): Extracting archive
  - Installing symfony/polyfill-uuid (v1.37.0): Extracting archive
  - Installing symfony/uid (v7.4.17): Extracting archive
  - Installing symfony/routing (v7.4.17): Extracting archive
  - Installing symfony/process (v7.4.17): Extracting archive
  - Installing symfony/polyfill-php86 (v1.41.0): Extracting archive
  - Installing symfony/polyfill-php85 (v1.41.0): Extracting archive
  - Installing symfony/polyfill-php84 (v1.38.1): Extracting archive
  - Installing symfony/polyfill-intl-idn (v1.42.0): Extracting archive
  - Installing symfony/mime (v7.4.17): Extracting archive
  - Installing psr/event-dispatcher (1.0.0): Extracting archive
  - Installing symfony/event-dispatcher-contracts (v3.7.1): Extracting archive
  - Installing symfony/event-dispatcher (v7.4.17): Extracting archive
  - Installing psr/log (3.0.2): Extracting archive
  - Installing egulias/email-validator (4.0.4): Extracting archive
  - Installing symfony/mailer (v7.4.17): Extracting archive
  - Installing symfony/error-handler (v7.4.17): Extracting archive
  - Installing symfony/http-kernel (v7.4.17): Extracting archive
  - Installing symfony/finder (v7.4.17): Extracting archive
  - Installing ramsey/collection (2.1.1): Extracting archive
  - Installing brick/math (0.18.0): Extracting archive
  - Installing ramsey/uuid (4.9.3): Extracting archive
  - Installing psr/simple-cache (3.0.0): Extracting archive
  - Installing symfony/translation-contracts (v3.7.1): Extracting archive
  - Installing symfony/translation (v7.4.17): Extracting archive
  - Installing symfony/polyfill-php83 (v1.41.0): Extracting archive
  - Installing psr/clock (1.0.0): Extracting archive
  - Installing symfony/clock (v7.4.8): Extracting archive
  - Installing carbonphp/carbon-doctrine-types (3.2.0): Extracting archive
  - Installing nesbot/carbon (3.13.2): Extracting archive
  - Installing monolog/monolog (3.10.0): Extracting archive
  - Installing league/uri-interfaces (7.8.1): Extracting archive
  - Installing league/uri (7.8.1): Extracting archive
  - Installing league/mime-type-detection (1.17.0): Extracting archive
  - Installing league/flysystem-local (3.35.3): Extracting archive
  - Installing league/flysystem (3.35.3): Extracting archive
  - Installing nette/utils (v4.1.5): Extracting archive
  - Installing nette/schema (v1.3.6): Extracting archive
  - Installing dflydev/dot-access-data (v3.0.3): Extracting archive
  - Installing league/config (v1.2.0): Extracting archive
  - Installing league/commonmark (2.10.0): Extracting archive
  - Installing laravel/serializable-closure (v2.0.16): Extracting archive
  - Installing laravel/prompts (v0.3.24): Extracting archive
  - Installing laravel/framework (v13.29.0): Extracting archive
  - Installing laravel/pail (v1.2.7): Extracting archive
  - Installing laravel/agent-detector (v2.0.2): Extracting archive
  - Installing laravel/pao (v1.1.4): Extracting archive
  - Installing laravel/pint (v1.30.5): Extracting archive
  - Installing nikic/php-parser (v5.8.0): Extracting archive
  - Installing psy/psysh (v0.12.24): Extracting archive
  - Installing laravel/tinker (v3.0.2): Extracting archive
  - Installing hamcrest/hamcrest-php (v3.0.0): Extracting archive
  - Installing mockery/mockery (1.6.15): Extracting archive
  - Installing filp/whoops (2.18.4): Extracting archive
  - Installing nunomaduro/collision (v8.9.5): Extracting archive
  - Installing staabm/side-effects-detector (1.0.5): Extracting archive
  - Installing sebastian/version (6.0.0): Extracting archive
  - Installing sebastian/type (6.0.4): Extracting archive
  - Installing sebastian/recursion-context (7.0.1): Extracting archive
  - Installing sebastian/object-reflector (5.0.0): Extracting archive
  - Installing sebastian/object-enumerator (7.0.0): Extracting archive
  - Installing sebastian/global-state (8.0.3): Extracting archive
  - Installing sebastian/exporter (7.0.3): Extracting archive
  - Installing sebastian/environment (8.1.2): Extracting archive
  - Installing sebastian/diff (7.0.1): Extracting archive
  - Installing sebastian/comparator (7.1.8): Extracting archive
  - Installing sebastian/cli-parser (4.2.1): Extracting archive
  - Installing phpunit/php-timer (8.0.0): Extracting archive
  - Installing phpunit/php-text-template (5.0.0): Extracting archive
  - Installing phpunit/php-invoker (6.0.0): Extracting archive
  - Installing phpunit/php-file-iterator (6.0.2): Extracting archive
  - Installing theseer/tokenizer (2.0.1): Extracting archive
  - Installing sebastian/lines-of-code (4.0.1): Extracting archive
  - Installing sebastian/complexity (5.0.0): Extracting archive
  - Installing phpunit/php-code-coverage (12.5.7): Extracting archive
  - Installing phar-io/version (3.2.1): Extracting archive
  - Installing phar-io/manifest (2.0.4): Extracting archive
  - Installing myclabs/deep-copy (1.14.0): Extracting archive
  - Installing phpunit/phpunit (12.5.34): Extracting archive
Generating optimized autoload files
> Illuminate\Foundation\ComposerScripts::postAutoloadDump
> @php artisan package:discover --ansi

  [37;44m INFO [39;49m Discovering packages.  

  laravel/pail [90m.[39m[90m.[39m[90m.[39m[90m.[39m[90m.[39m[90m.[39m[90m.[39m[90m.[39m[90m.[39m[90m.[39m[90m.[39m[90m.[39m[90m.[39m[90m.[39m[90m.[39m[90m.[39m[90m.[39m[90m.[39m[90m.[39m[90m.[39m[90m.[39m[90m.[39m[90m.[39m[90m.[39m[90m.[39m[90m.[39m[90m.[39m[90m.[39m[90m.[39m[90m.[39m[90m.[39m[90m.[39m[90m.[39m[90m.[39m[90m.[39m[90m.[39m[90m.[39m[90m.[39m[90m.[39m[90m.[39m[90m.[39m[90m.[39m[90m.[39m[90m.[39m[90m.[39m[90m.[39m[90m.[39m[90m.[39m[90m.[39m[90m.[39m[90m.[39m[90m.[39m[90m.[39m[90m.[39m[90m.[39m[90m.[39m[90m.[39m[90m.[39m [32;1mDONE[39;22m
  laravel/pao [90m.[39m[90m.[39m[90m.[39m[90m.[39m[90m.[39m[90m.[39m[90m.[39m[90m.[39m[90m.[39m[90m.[39m[90m.[39m[90m.[39m[90m.[39m[90m.[39m[90m.[39m[90m.[39m[90m.[39m[90m.[39m[90m.[39m[90m.[39m[90m.[39m[90m.[39m[90m.[39m[90m.[39m[90m.[39m[90m.[39m[90m.[39m[90m.[39m[90m.[39m[90m.[39m[90m.[39m[90m.[39m[90m.[39m[90m.[39m[90m.[39m[90m.[39m[90m.[39m[90m.[39m[90m.[39m[90m.[39m[90m.[39m[90m.[39m[90m.[39m[90m.[39m[90m.[39m[90m.[39m[90m.[39m[90m.[39m[90m.[39m[90m.[39m[90m.[39m[90m.[39m[90m.[39m[90m.[39m[90m.[39m[90m.[39m[90m.[39m[90m.[39m[90m.[39m [32;1mDONE[39;22m
  laravel/tinker [90m.[39m[90m.[39m[90m.[39m[90m.[39m[90m.[39m[90m.[39m[90m.[39m[90m.[39m[90m.[39m[90m.[39m[90m.[39m[90m.[39m[90m.[39m[90m.[39m[90m.[39m[90m.[39m[90m.[39m[90m.[39m[90m.[39m[90m.[39m[90m.[39m[90m.[39m[90m.[39m[90m.[39m[90m.[39m[90m.[39m[90m.[39m[90m.[39m[90m.[39m[90m.[39m[90m.[39m[90m.[39m[90m.[39m[90m.[39m[90m.[39m[90m.[39m[90m.[39m[90m.[39m[90m.[39m[90m.[39m[90m.[39m[90m.[39m[90m.[39m[90m.[39m[90m.[39m[90m.[39m[90m.[39m[90m.[39m[90m.[39m[90m.[39m[90m.[39m[90m.[39m[90m.[39m[90m.[39m[90m.[39m[90m.[39m [32;1mDONE[39;22m
  nesbot/carbon [90m.[39m[90m.[39m[90m.[39m[90m.[39m[90m.[39m[90m.[39m[90m.[39m[90m.[39m[90m.[39m[90m.[39m[90m.[39m[90m.[39m[90m.[39m[90m.[39m[90m.[39m[90m.[39m[90m.[39m[90m.[39m[90m.[39m[90m.[39m[90m.[39m[90m.[39m[90m.[39m[90m.[39m[90m.[39m[90m.[39m[90m.[39m[90m.[39m[90m.[39m[90m.[39m[90m.[39m[90m.[39m[90m.[39m[90m.[39m[90m.[39m[90m.[39m[90m.[39m[90m.[39m[90m.[39m[90m.[39m[90m.[39m[90m.[39m[90m.[39m[90m.[39m[90m.[39m[90m.[39m[90m.[39m[90m.[39m[90m.[39m[90m.[39m[90m.[39m[90m.[39m[90m.[39m[90m.[39m[90m.[39m[90m.[39m[90m.[39m [32;1mDONE[39;22m
  nunomaduro/collision [90m.[39m[90m.[39m[90m.[39m[90m.[39m[90m.[39m[90m.[39m[90m.[39m[90m.[39m[90m.[39m[90m.[39m[90m.[39m[90m.[39m[90m.[39m[90m.[39m[90m.[39m[90m.[39m[90m.[39m[90m.[39m[90m.[39m[90m.[39m[90m.[39m[90m.[39m[90m.[39m[90m.[39m[90m.[39m[90m.[39m[90m.[39m[90m.[39m[90m.[39m[90m.[39m[90m.[39m[90m.[39m[90m.[39m[90m.[39m[90m.[39m[90m.[39m[90m.[39m[90m.[39m[90m.[39m[90m.[39m[90m.[39m[90m.[39m[90m.[39m[90m.[39m[90m.[39m[90m.[39m[90m.[39m[90m.[39m[90m.[39m[90m.[39m [32;1mDONE[39;22m
  nunomaduro/termwind [90m.[39m[90m.[39m[90m.[39m[90m.[39m[90m.[39m[90m.[39m[90m.[39m[90m.[39m[90m.[39m[90m.[39m[90m.[39m[90m.[39m[90m.[39m[90m.[39m[90m.[39m[90m.[39m[90m.[39m[90m.[39m[90m.[39m[90m.[39m[90m.[39m[90m.[39m[90m.[39m[90m.[39m[90m.[39m[90m.[39m[90m.[39m[90m.[39m[90m.[39m[90m.[39m[90m.[39m[90m.[39m[90m.[39m[90m.[39m[90m.[39m[90m.[39m[90m.[39m[90m.[39m[90m.[39m[90m.[39m[90m.[39m[90m.[39m[90m.[39m[90m.[39m[90m.[39m[90m.[39m[90m.[39m[90m.[39m[90m.[39m[90m.[39m[90m.[39m [32;1mDONE[39;22m

80 packages you are using are looking for funding.
Use the `composer fund` command to find out more!

   INFO  Application key set successfully.  

No syntax errors detected in app/Http/Controllers/PublicSiteController.php
No syntax errors detected in app/Http/Middleware/BrandingPresentation.php
No syntax errors detected in app/Http/Middleware/PublicRequestAttachmentsPresentation.php
No syntax errors detected in app/Http/Middleware/PublicRequestHeaderMatch.php
No syntax errors detected in bootstrap/app.php
No syntax errors detected in app/Models/PublicServiceRequest.php
No syntax errors detected in app/Services/PublicRequestPipelineService.php
No syntax errors detected in database/migrations/2026_08_24_000048_upgrade_public_request_experience.php
No syntax errors detected in database/migrations/2026_08_25_000049_rebuild_public_request_single_page.php

   INFO  Preparing database.  

  Creating migration table ...................................... 10.00ms DONE

   INFO  Running migrations.  

  2026_08_14_000001_create_unifco_core_tables .................. 749.05ms DONE
  2026_08_14_000002_add_controls_and_transactions .............. 469.84ms DONE
  2026_08_14_000003_add_operational_integration ................ 301.03ms DONE
  2026_08_14_000005_create_platform_services_tables ............ 141.80ms DONE
  2026_08_14_000006_create_runtime_security_queue_tables ........ 93.27ms DONE
  2026_08_15_000008_add_finance_core ........................... 397.94ms DONE
  2026_08_15_000009_add_procurement_inventory_operations ....... 678.68ms DONE
  2026_08_15_000010_add_hr_operations .......................... 454.85ms DONE
  2026_08_15_000011_add_crm_projects_operations ................ 237.70ms DONE
  2026_08_15_000012_add_manufacturing_expansion ................ 276.39ms DONE
  2026_08_15_000013_add_maintenance_eam_expansion .............. 562.54ms DONE
  2026_08_18_000014_add_public_site_requests .................... 23.60ms DONE
  2026_08_18_000015_link_public_requests_to_business_pipelines . 480.85ms DONE
  2026_08_18_000016_add_customer_portal_contract_360 ........... 518.58ms DONE
  2026_08_18_000017_expand_customer_portal_operations .......... 655.05ms DONE
  2026_08_19_000018_close_field_service_baseline_gaps .......... 668.00ms DONE
  2026_08_19_000019_add_customer_acceptance_and_report_distribution  159.08ms DONE
  2026_08_21_000020_add_emergency_request_details .............. 213.90ms DONE
  2026_08_21_000021_add_customer_onboarding .................... 293.94ms DONE
  2026_08_21_000022_expand_customer_success_partner_profile .... 146.41ms DONE
  2026_08_21_000023_create_customer_messaging ................... 80.61ms DONE
  2026_08_21_000024_provision_witco_portal_admin ................. 2.12ms DONE
  2026_08_21_000025_build_asset_master_phase_one ............... 904.51ms DONE
  2026_08_21_000026_asset_templates_and_pm_foundation .......... 453.33ms DONE
  2026_08_21_000027_add_asset_spare_parts_compatibility ......... 64.59ms DONE
  2026_08_21_000028_add_work_order_execution_and_reliability ... 604.72ms DONE
  2026_08_21_000029_add_asset_health_and_replacement_intelligence  314.23ms DONE
  2026_08_21_000030_add_asset_spare_part_reorder_tracking ....... 48.89ms DONE
  2026_08_22_000031_build_warehouse_field_inventory_foundation . 785.13ms DONE
  2026_08_22_000032_add_work_order_part_requests ............... 516.62ms DONE
  2026_08_22_000033_add_asset_part_consumption_and_returns ..... 483.88ms DONE
  2026_08_22_000034_add_user_permission_overrides .............. 100.33ms DONE
  2026_08_22_000035_add_user_security_metadata ................. 365.20ms DONE
  2026_08_22_000036_add_user_session_version .................... 87.30ms DONE
  2026_08_23_000037_expand_hr_employee_core .......................... 1s DONE
  2026_08_23_000038_build_hr_attendance_leave_phase2 ........... 632.39ms DONE
  2026_08_23_000039_build_hr_payroll_phase3 .................... 518.59ms DONE
  2026_08_23_000040_build_hr_business_trips_phase4 ............. 430.16ms DONE
  2026_08_23_000041_build_hr_end_of_service_phase5 ............. 334.67ms DONE
  2026_08_23_000042_build_hr_recruitment_phase6 ................ 702.98ms DONE
  2026_08_23_000043_build_hr_performance_phase7 ................ 809.22ms DONE
  2026_08_23_000044_build_hr_documents_phase9 .................. 369.24ms DONE
  2026_08_23_000045_build_hr_compliance_phase10 ................ 535.19ms DONE
  2026_08_23_000046_build_hr_analytics_phase11 ................. 137.45ms DONE
  2026_08_23_000047_create_branding_settings .................... 33.47ms DONE
  2026_08_24_000048_upgrade_public_request_experience .......... 191.80ms DONE
  2026_08_25_000049_rebuild_public_request_single_page ......... 314.61ms DONE
  2026_08_26_000050_link_public_requests_to_asset_registry ...... 72.71ms DONE
  2026_08_26_000051_build_service_request_workflow_foundation .. 561.61ms DONE
  2026_08_27_000052_add_customer_portal_rbac_scopes ............. 47.13ms DONE
  2026_08_27_000053_add_customer_portal_action_requests ......... 35.78ms DONE
  2026_08_27_000054_add_customer_action_attachments ............. 54.11ms DONE
  2026_08_27_000055_add_assignment_sla_to_customer_actions ...... 67.67ms DONE
  2026_08_27_000056_add_customer_acquisition_lifecycle ......... 606.71ms DONE
  2026_08_27_000057_add_acquisition_governance_fields .......... 514.00ms DONE
  2026_08_27_000058_build_professional_asset_master .................. 1s DONE
  2026_08_27_000059_normalize_user_status_semantics ............ 165.23ms DONE
  2026_08_27_000060_build_asset_lifecycle_commissioning ........ 660.33ms DONE
  2026_08_27_000061_normalize_asset_documents_for_professional_master  137.13ms DONE
  2026_08_28_000020_add_asset_warranty_insurance_phase_d ....... 346.15ms DONE
  2026_08_28_000070_build_asset_custody_transfers .............. 365.18ms DONE
  2026_08_28_000080_complete_agreed_asset_phases_b_d ........... 699.62ms DONE
  2026_08_28_000090_close_agreed_asset_a_d_gaps ...................... 1s DONE
  2026_08_28_000100_close_asset_acceptance_contract .................. 1s DONE
  2026_08_28_000110_allow_staged_customer_pm_strategy ........... 21.42ms DONE
  2026_08_28_000120_normalize_asset_warranty_expiry_date ........ 95.61ms DONE
  2026_08_29_000060_professionalize_employee_identity_and_contact  482.09ms DONE
  2026_08_29_000062_add_contract_start_date_to_employees ........ 70.35ms DONE
  2026_08_30_075500_add_employee_contact_and_assignment_fields . 362.84ms DONE
  2026_09_02_000001_create_homepage_sections_table .............. 33.98ms DONE
  2026_09_02_000002_create_homepage_projects_table .............. 26.98ms DONE
  2026_09_02_000003_create_homepage_clients_table ............... 25.50ms DONE
  2026_09_03_120000_seed_default_asset_category_templates ........ 2.71ms DONE
  2026_09_04_120100_set_current_hero_to_full_banner_mode ......... 1.58ms DONE
  2026_09_04_153000_restore_homepage_service_images .............. 1.52ms DONE
  2026_09_04_190000_set_generators_service_image ................. 0.58ms DONE


   INFO  Compiled views cleared successfully.  



   INFO  Blade templates cached successfully.  


  [39;41;1m FAIL [39;49;22m[39m Tests\Feature\PublicRequestWizardTest[39m
  [31;1m⨯[39;22m[90m [39m[90mpublic request page is single page bilingual and reuses homepage h[39m[90m…[39m [90m30.12s[39m  
  [32;1m✓[39;22m[90m [39m[90masset qr lookup returns registry data and request links authoritati[39m[90m…[39m [90m0.10s[39m  
  [32;1m✓[39;22m[90m [39m[90mticket prefixes and serial sequence are generated as requested[39m[90m      [39m [90m0.15s[39m  
  [32;1m✓[39;22m[90m [39m[90mpipeline failure does not block ticket reference or receipt redirec[39m[90m…[39m [90m0.04s[39m  
  [32;1m✓[39;22m[90m [39m[90mticket receipt shows request details and appointment[39m[90m                [39m [90m0.07s[39m  
  [31m────────────────────────────────────────────────────────────────────────────[39m  
  [41;1m FAILED [49;22m [1mTests\Feature\PublicRequestWizardTest[22m [90m>[39m public request page is si…   
[39;1m  Expected: [39;22m[31m<!doctype html>[39m[31m<html lang="ar" dir="rtl">[39m[31m<head>[39m[31m<meta charset="utf-8">[39m[31m<meta name="viewport" content="width=device-width,initial-scale=1">[39m[31m<title>[39m[31mUNIFCO | طلب خدمة / عرض سعر[39m[31m</title>[39m[31m<link rel="preconnect" href="https://fonts.googleapis.com">[39m[31m<link rel="preconnect" href="https://fonts.gstatic.com" crossorigin>[39m[31m<link href="https://fonts.googleapis.com/css2?family=Cairo:wght@400;500;600;700;800;900&display=swap" rel="stylesheet">[39m[31m<link rel="stylesheet" href="https://unpkg.com/leaflet@1.9.4/dist/leaflet.css">[39m[31m<style>[39m[31m\n[39m[39;1m
  [39;22m[31m:root{font-family:"Cairo",Tahoma,Arial,sans-serif;--navy:#071f4d;--red:#df0b27;--ink:#142641;--muted:#7c899b;--line:#d9e2ec;--soft:#f5f8fb}*{box-sizing:border-box}html,body{max-width:100%;overflow-x:hidden}body{margin:0;background:var(--soft);color:var(--ink)}\n[39m[39;1m
  [39;22m[31m.top{height:104px;background:#fff;border-bottom:1px solid #e7edf4}.topin{width:min(1480px,94%);height:100%;margin:auto;display:grid;grid-template-columns:minmax(190px,1fr) auto minmax(590px,1.85fr);align-items:center;gap:24px;direction:ltr}.brandzone{display:flex;align-items:center;gap:18px;justify-self:start}.logo{display:block;width:138px;height:78px;object-fit:contain;object-position:left center}.lang{display:grid;place-items:center;width:64px;height:48px;border:1px solid #d6e0ea;border-radius:10px;color:var(--navy);font-size:11px;font-weight:900;text-decoration:none;background:#fff}.request-pill{justify-self:center;display:grid;place-items:center;min-width:205px;height:56px;padding:0 32px;border-radius:11px;background:var(--red);color:#fff!important;text-decoration:none;font-size:22px;font-weight:900;box-shadow:0 7px 18px rgba(223,11,39,.16)}.primary-nav{justify-self:end;display:flex;align-items:stretch;justify-content:flex-end;gap:18px;min-width:0;direction:rtl}.primary-nav a{display:flex;flex-direction:column;align-items:center;justify-content:center;gap:4px;min-width:58px;padding:7px 1px;color:#20324e;text-decoration:none;font-size:10.5px;font-weight:850;line-height:1.15;white-space:nowrap}.primary-nav .ico{display:grid;place-items:center;width:21px;height:21px}.primary-nav svg{display:block;width:21px;height:21px;fill:none;stroke:currentColor;stroke-width:1.7;stroke-linecap:round;stroke-linejoin:round}\n[39m[39;1m
  [39;22m[90m... (418 more lines)[39m[39;1m

  To contain: [39;22m[32mclass="top request-homepage-header"[39m

  at [32mtests/Feature/PublicRequestWizardTest.php[39m:[32m47[39m
     43▕     {
     44▕         $this->get('/request-service')->assertOk()
     45▕             ->assertSee('خدمة أسرع تبدأ بطلب أوضح', false)
     46▕             ->assertSee('خطوات بسيطة تساعد فريق UNIFCO على فهم الخدمة المطلوبة بشكل سريع وواضح.', false)
  ➜  47▕             ->assertSee('class="top request-homepage-header"', false)
     48▕             ->assertSee('class="wrap nav"', false)
     49▕             ->assertSee('class="brand-link"', false)
     50▕             ->assertSee('class="site-logo-frame"', false)
     51▕             ->assertSee('class="brand-copy"', false)


  [90mTests:[39m    [31;1m1 failed[39;22m[90m,[39m[39m [39m[32;1m4 passed[39;22m[90m (37 assertions)[39m
  [90mDuration:[39m [39m30.57s[39m

