  - Installing guzzlehttp/guzzle (8.1.0): Extracting archive
  - Installing guzzlehttp/uri-template (v2.0.1): Extracting archive
  - Installing symfony/polyfill-intl-normalizer (v1.42.0): Extracting archive
  - Installing symfony/polyfill-intl-grapheme (v1.41.0): Extracting archive
  - Installing symfony/polyfill-ctype (v1.37.0): Extracting archive
  - Installing symfony/string (v7.4.15): Extracting archive
  - Installing symfony/service-contracts (v3.7.1): Extracting archive
  - Installing symfony/console (v7.4.17): Extracting archive
  - Installing nunomaduro/termwind (v2.4.0): Extracting archive
  - Installing voku/portable-ascii (2.1.1): Extracting archive
  - Installing phpoption/phpoption (1.10.0): Extracting archive
  - Installing graham-campbell/result-type (v1.2.0): Extracting archive
  - Installing vlucas/phpdotenv (v5.7.0): Extracting archive
  - Installing symfony/css-selector (v7.4.17): Extracting archive
  - Installing tijsverkoyen/css-to-inline-styles (v2.4.0): Extracting archive
  - Installing symfony/var-dumper (v7.4.17): Extracting archive
  - Installing symfony/polyfill-uuid (v1.37.0): Extracting archive
  - Installing symfony/uid (v7.4.17): Extracting archive
  - Installing symfony/routing (v7.4.17): Extracting archive
  - Installing symfony/process (v7.4.17): Extracting archive
  - Installing symfony/polyfill-php86 (v1.41.0): Extracting archive
  - Installing symfony/polyfill-php85 (v1.41.0): Extracting archive
  - Installing symfony/polyfill-php84 (v1.38.1): Extracting archive
  - Installing symfony/polyfill-intl-idn (v1.42.0): Extracting archive
  - Installing symfony/mime (v7.4.17): Extracting archive
  - Installing psr/event-dispatcher (1.0.0): Extracting archive
  - Installing symfony/event-dispatcher-contracts (v3.7.1): Extracting archive
  - Installing symfony/event-dispatcher (v7.4.17): Extracting archive
  - Installing psr/log (3.0.2): Extracting archive
  - Installing egulias/email-validator (4.0.4): Extracting archive
  - Installing symfony/mailer (v7.4.17): Extracting archive
  - Installing symfony/error-handler (v7.4.17): Extracting archive
  - Installing symfony/http-kernel (v7.4.17): Extracting archive
  - Installing symfony/finder (v7.4.17): Extracting archive
  - Installing ramsey/collection (2.1.1): Extracting archive
  - Installing brick/math (0.18.0): Extracting archive
  - Installing ramsey/uuid (4.9.3): Extracting archive
  - Installing psr/simple-cache (3.0.0): Extracting archive
  - Installing symfony/translation-contracts (v3.7.1): Extracting archive
  - Installing symfony/translation (v7.4.17): Extracting archive
  - Installing symfony/polyfill-php83 (v1.41.0): Extracting archive
  - Installing psr/clock (1.0.0): Extracting archive
  - Installing symfony/clock (v7.4.8): Extracting archive
  - Installing carbonphp/carbon-doctrine-types (3.2.0): Extracting archive
  - Installing nesbot/carbon (3.13.2): Extracting archive
  - Installing monolog/monolog (3.10.0): Extracting archive
  - Installing league/uri-interfaces (7.8.1): Extracting archive
  - Installing league/uri (7.8.1): Extracting archive
  - Installing league/mime-type-detection (1.17.0): Extracting archive
  - Installing league/flysystem-local (3.35.3): Extracting archive
  - Installing league/flysystem (3.35.3): Extracting archive
  - Installing nette/utils (v4.1.5): Extracting archive
  - Installing nette/schema (v1.3.6): Extracting archive
  - Installing dflydev/dot-access-data (v3.0.3): Extracting archive
  - Installing league/config (v1.2.0): Extracting archive
  - Installing league/commonmark (2.10.0): Extracting archive
  - Installing laravel/serializable-closure (v2.0.16): Extracting archive
  - Installing laravel/prompts (v0.3.24): Extracting archive
  - Installing laravel/framework (v13.29.0): Extracting archive
  - Installing laravel/pail (v1.2.7): Extracting archive
  - Installing laravel/agent-detector (v2.0.2): Extracting archive
  - Installing laravel/pao (v1.1.4): Extracting archive
  - Installing laravel/pint (v1.30.5): Extracting archive
  - Installing nikic/php-parser (v5.8.0): Extracting archive
  - Installing psy/psysh (v0.12.24): Extracting archive
  - Installing laravel/tinker (v3.0.2): Extracting archive
  - Installing hamcrest/hamcrest-php (v3.0.0): Extracting archive
  - Installing mockery/mockery (1.6.15): Extracting archive
  - Installing filp/whoops (2.18.4): Extracting archive
  - Installing nunomaduro/collision (v8.9.5): Extracting archive
  - Installing staabm/side-effects-detector (1.0.5): Extracting archive
  - Installing sebastian/version (6.0.0): Extracting archive
  - Installing sebastian/type (6.0.4): Extracting archive
  - Installing sebastian/recursion-context (7.0.1): Extracting archive
  - Installing sebastian/object-reflector (5.0.0): Extracting archive
  - Installing sebastian/object-enumerator (7.0.0): Extracting archive
  - Installing sebastian/global-state (8.0.3): Extracting archive
  - Installing sebastian/exporter (7.0.3): Extracting archive
  - Installing sebastian/environment (8.1.2): Extracting archive
  - Installing sebastian/diff (7.0.1): Extracting archive
  - Installing sebastian/comparator (7.1.8): Extracting archive
  - Installing sebastian/cli-parser (4.2.1): Extracting archive
  - Installing phpunit/php-timer (8.0.0): Extracting archive
  - Installing phpunit/php-text-template (5.0.0): Extracting archive
  - Installing phpunit/php-invoker (6.0.0): Extracting archive
  - Installing phpunit/php-file-iterator (6.0.2): Extracting archive
  - Installing theseer/tokenizer (2.0.1): Extracting archive
  - Installing sebastian/lines-of-code (4.0.1): Extracting archive
  - Installing sebastian/complexity (5.0.0): Extracting archive
  - Installing phpunit/php-code-coverage (12.5.7): Extracting archive
  - Installing phar-io/version (3.2.1): Extracting archive
  - Installing phar-io/manifest (2.0.4): Extracting archive
  - Installing myclabs/deep-copy (1.14.0): Extracting archive
  - Installing phpunit/phpunit (12.5.34): Extracting archive
Generating optimized autoload files
> Illuminate\Foundation\ComposerScripts::postAutoloadDump
> @php artisan package:discover --ansi

  [37;44m INFO [39;49m Discovering packages.  

  laravel/pail [90m.[39m[90m.[39m[90m.[39m[90m.[39m[90m.[39m[90m.[39m[90m.[39m[90m.[39m[90m.[39m[90m.[39m[90m.[39m[90m.[39m[90m.[39m[90m.[39m[90m.[39m[90m.[39m[90m.[39m[90m.[39m[90m.[39m[90m.[39m[90m.[39m[90m.[39m[90m.[39m[90m.[39m[90m.[39m[90m.[39m[90m.[39m[90m.[39m[90m.[39m[90m.[39m[90m.[39m[90m.[39m[90m.[39m[90m.[39m[90m.[39m[90m.[39m[90m.[39m[90m.[39m[90m.[39m[90m.[39m[90m.[39m[90m.[39m[90m.[39m[90m.[39m[90m.[39m[90m.[39m[90m.[39m[90m.[39m[90m.[39m[90m.[39m[90m.[39m[90m.[39m[90m.[39m[90m.[39m[90m.[39m[90m.[39m[90m.[39m[90m.[39m [32;1mDONE[39;22m
  laravel/pao [90m.[39m[90m.[39m[90m.[39m[90m.[39m[90m.[39m[90m.[39m[90m.[39m[90m.[39m[90m.[39m[90m.[39m[90m.[39m[90m.[39m[90m.[39m[90m.[39m[90m.[39m[90m.[39m[90m.[39m[90m.[39m[90m.[39m[90m.[39m[90m.[39m[90m.[39m[90m.[39m[90m.[39m[90m.[39m[90m.[39m[90m.[39m[90m.[39m[90m.[39m[90m.[39m[90m.[39m[90m.[39m[90m.[39m[90m.[39m[90m.[39m[90m.[39m[90m.[39m[90m.[39m[90m.[39m[90m.[39m[90m.[39m[90m.[39m[90m.[39m[90m.[39m[90m.[39m[90m.[39m[90m.[39m[90m.[39m[90m.[39m[90m.[39m[90m.[39m[90m.[39m[90m.[39m[90m.[39m[90m.[39m[90m.[39m[90m.[39m[90m.[39m[90m.[39m [32;1mDONE[39;22m
  laravel/tinker [90m.[39m[90m.[39m[90m.[39m[90m.[39m[90m.[39m[90m.[39m[90m.[39m[90m.[39m[90m.[39m[90m.[39m[90m.[39m[90m.[39m[90m.[39m[90m.[39m[90m.[39m[90m.[39m[90m.[39m[90m.[39m[90m.[39m[90m.[39m[90m.[39m[90m.[39m[90m.[39m[90m.[39m[90m.[39m[90m.[39m[90m.[39m[90m.[39m[90m.[39m[90m.[39m[90m.[39m[90m.[39m[90m.[39m[90m.[39m[90m.[39m[90m.[39m[90m.[39m[90m.[39m[90m.[39m[90m.[39m[90m.[39m[90m.[39m[90m.[39m[90m.[39m[90m.[39m[90m.[39m[90m.[39m[90m.[39m[90m.[39m[90m.[39m[90m.[39m[90m.[39m[90m.[39m[90m.[39m[90m.[39m[90m.[39m [32;1mDONE[39;22m
  nesbot/carbon [90m.[39m[90m.[39m[90m.[39m[90m.[39m[90m.[39m[90m.[39m[90m.[39m[90m.[39m[90m.[39m[90m.[39m[90m.[39m[90m.[39m[90m.[39m[90m.[39m[90m.[39m[90m.[39m[90m.[39m[90m.[39m[90m.[39m[90m.[39m[90m.[39m[90m.[39m[90m.[39m[90m.[39m[90m.[39m[90m.[39m[90m.[39m[90m.[39m[90m.[39m[90m.[39m[90m.[39m[90m.[39m[90m.[39m[90m.[39m[90m.[39m[90m.[39m[90m.[39m[90m.[39m[90m.[39m[90m.[39m[90m.[39m[90m.[39m[90m.[39m[90m.[39m[90m.[39m[90m.[39m[90m.[39m[90m.[39m[90m.[39m[90m.[39m[90m.[39m[90m.[39m[90m.[39m[90m.[39m[90m.[39m[90m.[39m[90m.[39m [32;1mDONE[39;22m
  nunomaduro/collision [90m.[39m[90m.[39m[90m.[39m[90m.[39m[90m.[39m[90m.[39m[90m.[39m[90m.[39m[90m.[39m[90m.[39m[90m.[39m[90m.[39m[90m.[39m[90m.[39m[90m.[39m[90m.[39m[90m.[39m[90m.[39m[90m.[39m[90m.[39m[90m.[39m[90m.[39m[90m.[39m[90m.[39m[90m.[39m[90m.[39m[90m.[39m[90m.[39m[90m.[39m[90m.[39m[90m.[39m[90m.[39m[90m.[39m[90m.[39m[90m.[39m[90m.[39m[90m.[39m[90m.[39m[90m.[39m[90m.[39m[90m.[39m[90m.[39m[90m.[39m[90m.[39m[90m.[39m[90m.[39m[90m.[39m[90m.[39m[90m.[39m[90m.[39m [32;1mDONE[39;22m
  nunomaduro/termwind [90m.[39m[90m.[39m[90m.[39m[90m.[39m[90m.[39m[90m.[39m[90m.[39m[90m.[39m[90m.[39m[90m.[39m[90m.[39m[90m.[39m[90m.[39m[90m.[39m[90m.[39m[90m.[39m[90m.[39m[90m.[39m[90m.[39m[90m.[39m[90m.[39m[90m.[39m[90m.[39m[90m.[39m[90m.[39m[90m.[39m[90m.[39m[90m.[39m[90m.[39m[90m.[39m[90m.[39m[90m.[39m[90m.[39m[90m.[39m[90m.[39m[90m.[39m[90m.[39m[90m.[39m[90m.[39m[90m.[39m[90m.[39m[90m.[39m[90m.[39m[90m.[39m[90m.[39m[90m.[39m[90m.[39m[90m.[39m[90m.[39m[90m.[39m[90m.[39m [32;1mDONE[39;22m

80 packages you are using are looking for funding.
Use the `composer fund` command to find out more!

   INFO  Application key set successfully.  

No syntax errors detected in app/Http/Controllers/Admin/UserAdministrationController.php
No syntax errors detected in app/Http/Controllers/AuthController.php
No syntax errors detected in app/Http/Middleware/EnsureUserSessionValid.php
No syntax errors detected in app/Models/User.php
No syntax errors detected in app/Services/AuthorizationService.php
No syntax errors detected in bootstrap/app.php
No syntax errors detected in routes/navigation.php
No syntax errors detected in database/migrations/2026_08_22_000034_add_user_permission_overrides.php
No syntax errors detected in database/migrations/2026_08_22_000035_add_user_security_metadata.php
No syntax errors detected in database/migrations/2026_08_22_000036_add_user_session_version.php

   INFO  Preparing database.  

  Creating migration table ...................................... 18.98ms DONE

   INFO  Running migrations.  

  2026_08_14_000001_create_unifco_core_tables .................. 679.23ms DONE
  2026_08_14_000002_add_controls_and_transactions .............. 421.85ms DONE
  2026_08_14_000003_add_operational_integration ................ 332.34ms DONE
  2026_08_14_000005_create_platform_services_tables ............ 127.80ms DONE
  2026_08_14_000006_create_runtime_security_queue_tables ........ 84.31ms DONE
  2026_08_15_000008_add_finance_core ........................... 367.56ms DONE
  2026_08_15_000009_add_procurement_inventory_operations ....... 634.21ms DONE
  2026_08_15_000010_add_hr_operations .......................... 425.01ms DONE
  2026_08_15_000011_add_crm_projects_operations ................ 223.22ms DONE
  2026_08_15_000012_add_manufacturing_expansion ................ 237.91ms DONE
  2026_08_15_000013_add_maintenance_eam_expansion .............. 509.29ms DONE
  2026_08_18_000014_add_public_site_requests .................... 20.58ms DONE
  2026_08_18_000015_link_public_requests_to_business_pipelines . 443.11ms DONE
  2026_08_18_000016_add_customer_portal_contract_360 ........... 562.77ms DONE
  2026_08_18_000017_expand_customer_portal_operations .......... 600.60ms DONE
  2026_08_19_000018_close_field_service_baseline_gaps .......... 706.27ms DONE
  2026_08_19_000019_add_customer_acceptance_and_report_distribution  147.42ms DONE
  2026_08_21_000020_add_emergency_request_details .............. 238.34ms DONE
  2026_08_21_000021_add_customer_onboarding .................... 281.14ms DONE
  2026_08_21_000022_expand_customer_success_partner_profile .... 146.89ms DONE
  2026_08_21_000023_create_customer_messaging ................... 76.65ms DONE
  2026_08_21_000024_provision_witco_portal_admin ................. 2.04ms DONE
  2026_08_21_000025_build_asset_master_phase_one ............... 867.81ms DONE
  2026_08_21_000026_asset_templates_and_pm_foundation .......... 470.84ms DONE
  2026_08_21_000027_add_asset_spare_parts_compatibility ......... 72.73ms DONE
  2026_08_21_000028_add_work_order_execution_and_reliability ... 583.35ms DONE
  2026_08_21_000029_add_asset_health_and_replacement_intelligence  315.03ms DONE
  2026_08_21_000030_add_asset_spare_part_reorder_tracking ....... 56.72ms DONE
  2026_08_22_000031_build_warehouse_field_inventory_foundation . 775.82ms DONE
  2026_08_22_000032_add_work_order_part_requests ............... 494.59ms DONE
  2026_08_22_000033_add_asset_part_consumption_and_returns ..... 486.97ms DONE
  2026_08_22_000034_add_user_permission_overrides ............... 95.37ms DONE
  2026_08_22_000035_add_user_security_metadata ................. 379.38ms DONE
  2026_08_22_000036_add_user_session_version .................... 89.92ms DONE
  2026_08_23_000037_expand_hr_employee_core .......................... 1s DONE
  2026_08_23_000038_build_hr_attendance_leave_phase2 ........... 582.32ms DONE
  2026_08_23_000039_build_hr_payroll_phase3 .................... 446.74ms DONE
  2026_08_23_000040_build_hr_business_trips_phase4 ............. 424.61ms DONE
  2026_08_23_000041_build_hr_end_of_service_phase5 ............. 367.41ms DONE
  2026_08_23_000042_build_hr_recruitment_phase6 ................ 652.92ms DONE
  2026_08_23_000043_build_hr_performance_phase7 ................ 821.74ms DONE
  2026_08_23_000044_build_hr_documents_phase9 .................. 423.59ms DONE
  2026_08_23_000045_build_hr_compliance_phase10 ................ 545.77ms DONE
  2026_08_23_000046_build_hr_analytics_phase11 ................. 153.09ms DONE
  2026_08_23_000047_create_branding_settings .................... 29.29ms DONE
  2026_08_24_000048_upgrade_public_request_experience .......... 200.19ms DONE
  2026_08_25_000049_rebuild_public_request_single_page ......... 327.16ms DONE
  2026_08_26_000050_link_public_requests_to_asset_registry ...... 67.61ms DONE
  2026_08_26_000051_build_service_request_workflow_foundation .. 580.99ms DONE
  2026_08_27_000052_add_customer_portal_rbac_scopes ............. 44.26ms DONE
  2026_08_27_000053_add_customer_portal_action_requests ......... 31.46ms DONE
  2026_08_27_000054_add_customer_action_attachments ............. 54.49ms DONE
  2026_08_27_000055_add_assignment_sla_to_customer_actions ...... 63.06ms DONE
  2026_08_27_000056_add_customer_acquisition_lifecycle ......... 621.02ms DONE
  2026_08_27_000057_add_acquisition_governance_fields .......... 525.67ms DONE
  2026_08_27_000058_build_professional_asset_master .................. 1s DONE
  2026_08_27_000059_normalize_user_status_semantics ............ 171.67ms DONE
  2026_08_27_000060_build_asset_lifecycle_commissioning ........ 632.33ms DONE
  2026_08_27_000061_normalize_asset_documents_for_professional_master  111.41ms DONE
  2026_08_28_000020_add_asset_warranty_insurance_phase_d ....... 327.18ms DONE
  2026_08_28_000070_build_asset_custody_transfers .............. 278.58ms DONE
  2026_08_28_000080_complete_agreed_asset_phases_b_d ........... 633.08ms DONE
  2026_08_28_000090_close_agreed_asset_a_d_gaps ...................... 1s DONE
  2026_08_28_000100_close_asset_acceptance_contract .................. 1s DONE
  2026_08_28_000110_allow_staged_customer_pm_strategy ........... 24.66ms DONE
  2026_08_28_000120_normalize_asset_warranty_expiry_date ........ 91.38ms DONE
  2026_08_29_000060_professionalize_employee_identity_and_contact  473.62ms DONE
  2026_08_29_000062_add_contract_start_date_to_employees ........ 71.53ms DONE
  2026_08_30_075500_add_employee_contact_and_assignment_fields . 355.88ms DONE
  2026_09_02_000001_create_homepage_sections_table .............. 32.43ms DONE
  2026_09_02_000002_create_homepage_projects_table .............. 23.71ms DONE
  2026_09_02_000003_create_homepage_clients_table ............... 23.87ms DONE
  2026_09_03_120000_seed_default_asset_category_templates ........ 2.75ms DONE
  2026_09_04_120100_set_current_hero_to_full_banner_mode ......... 1.48ms DONE
  2026_09_04_153000_restore_homepage_service_images .............. 1.46ms DONE
  2026_09_04_190000_set_generators_service_image ................. 0.57ms DONE
  2026_09_09_120000_seed_current_customer_asset_uat_dataset ...... 1.25ms DONE
  2026_09_09_140900_update_uat_customer_code_to_100 .............. 1.17ms DONE
  2026_09_09_144500_add_video_attachment_path_to_public_service_requests  30.11ms DONE
  2026_09_10_142500_seed_test_asset_spare_parts .................. 3.06ms DONE
  2026_09_11_093000_add_test_spare_part_images .................. 36.35ms DONE
  2026_09_13_000001_extend_customer_profile_fields ............. 451.72ms DONE
  2026_09_13_100000_build_system_administrator_access_architecture ... 2s DONE
  2026_09_13_120000_close_system_administrator_workspace ........ 76.78ms DONE
  2026_09_13_180000_finalize_system_administrator_governance .... 57.08ms DONE
  2026_09_13_190000_create_operations_manager_role ............. 135.65ms DONE
  2026_09_14_000001_add_unified_request_workflow_runtime ....... 164.91ms DONE
  2026_09_16_000100_add_public_request_conversion_tracking ...... 81.43ms DONE
  2026_09_16_204700_create_operational_domain_routing_tables ... 423.16ms DONE
  2026_09_18_000001_ensure_customer_portal_access_scopes ......... 4.40ms DONE
  2026_09_20_120000_create_project_user_assignments ............ 113.93ms DONE
  2026_09_20_123000_add_project_routing_to_service_requests .... 190.41ms DONE
  2026_09_20_130000_seed_master_business_roles ....................... 1s DONE
  2026_09_20_140000_add_stage_owner_to_approval_requests ........ 72.93ms DONE
  2026_09_20_143000_add_amount_range_to_approval_authorities .... 27.66ms DONE
  2026_09_20_150000_align_master_role_workflow_permissions ...... 69.42ms DONE
  2026_09_20_151000_align_finance_procurement_approval_permissions  21.22ms DONE
  2026_09_20_152000_normalize_customer_accounts_to_unified_role .. 2.37ms DONE
  2026_09_20_153000_add_user_target_to_approval_authorities ..... 48.88ms DONE
  2026_09_20_160000_add_project_scope_to_procurement ........... 140.35ms DONE
  2026_09_20_161000_add_project_scope_to_financial_documents .... 74.23ms DONE
  2026_09_27_000001_link_financial_documents_to_request_lifecycle  204.43ms DONE


   INFO  Compiled views cleared successfully.  



   INFO  Blade templates cached successfully.  


  [30;42;1m PASS [39;49;22m[39m Tests\Feature\UserAdministrationTest[39m
  [32;1m✓[39;22m[90m [39m[90madmin can create edit suspend reset and open profile[39m[90m               [39m [90m36.15s[39m  
  [32;1m✓[39;22m[90m [39m[90mpermission override changes effective access[39m[90m                        [39m [90m0.54s[39m  
  [32;1m✓[39;22m[90m [39m[90muser admin is tenant scoped and non admin is blocked[39m[90m                [39m [90m0.98s[39m  
  [32;1m✓[39;22m[90m [39m[90madmin cannot suspend lock or revoke own active session[39m[90m              [39m [90m0.28s[39m  
  [32;1m✓[39;22m[90m [39m[90msession revocation invalidates existing authenticated session[39m[90m       [39m [90m0.51s[39m  
  [32;1m✓[39;22m[90m [39m[90mcsv import and export are tenant scoped[39m[90m                             [39m [90m0.54s[39m  
  [32;1m✓[39;22m[90m [39m[90msuccessful login records last login and session version[39m[90m             [39m [90m0.50s[39m  

  [30;42;1m PASS [39;49;22m[39m Tests\Feature\SidebarNavigationTest[39m
  [32;1m✓[39;22m[90m [39m[90madmin sidebar renders grouped platform navigation[39m[90m                   [39m [90m0.58s[39m  
  [32;1m✓[39;22m[90m [39m[90msidebar enhancer is available outside dashboard[39m[90m                     [39m [90m0.32s[39m  
  [32;1m✓[39;22m[90m [39m[90musers workspace is real administration screen[39m[90m                       [39m [90m0.56s[39m  
  [32;1m✓[39;22m[90m [39m[90mnon admin cannot open users workspace[39m[90m                               [39m [90m0.50s[39m  
  [32;1m✓[39;22m[90m [39m[90moperational wave routes are registered[39m[90m                              [39m [90m0.02s[39m  
  [32;1m✓[39;22m[90m [39m[90msidebar keeps mobile menu and active navigation hooks[39m[90m               [39m [90m0.55s[39m  

  [90mTests:[39m    [32;1m13 passed[39;22m[90m (90 assertions)[39m
  [90mDuration:[39m [39m42.14s[39m

